ルール[R_opt]: B=threshold PBR≤1.2 PER≤15.0 利回り≥3.0 並べ方=compz 入り方=T4(終値×0.98・3日・置き方=top_free) 代金≥1e+08 枠3×500,000 損切0.07 トレール0.05/0.05 最長20 決算10 値がさ見送り=True
load 0s  2016-07-20〜2026-09-18  IS〜2021-12-30 / OOS 2022-01-04〜

基準の再現（_bt_souzai_opt5_0927 と同じ呼び方・3枠×100万）: 10年 471玉 +660.4万(含み込み) PF1.80 勝率62% DD-112.7万 月平均+5.4万 月の勝率61% 最悪月-35.1万 月3.8件 撃たない月9% 月次シャープ1.21
   （_bt_souzai_opt5_0927.log の最終構成: 10年 +660万 玉471 勝率62% PF1.80 DD-113 月平均+5.4万 月3.8件 撃たない月9% 月次シャープ1.21）

本番の関数で作り直した信号とBTの信号の違い（マス数）: 代金1億 0 / 押し目T4 0 / PBR[有無0・値0] / PER[有無0・値0] / 利回り[有無0・値0] / 益回り[有無0・値0] / 合成スコア[有無0・値0]
   割安 0 / 候補の印 0（39,976マス中）
   候補の並び（compzの順位）が違う日 0日（候補のある日 2194日中）

玉の突き合わせ（10年・1玉単位＝約定日・銘柄・手仕舞い日・理由・損益率がビット単位で同じか）
   ① 本番のエンジン(待ちの指値を全部持つ=BTと同じ動き)×BTの候補: BT 471玉 / 本番 471玉 / BTだけ 0 / 本番だけ 0 / 出口(日・理由・損益)違い 0 → ✅ 一致
   ② ①の候補を本番の関数で作り直したもの: BT 471玉 / 本番 471玉 / BTだけ 0 / 本番だけ 0 / 出口(日・理由・損益)違い 0 → ✅ 一致
      2026年(1/5〜・空の口座から): BT 34玉 / 本番 34玉 / BTだけ 0 / 本番だけ 0 / 出口(日・理由・損益)違い 0 → ✅ 一致
   ③ ②＋値がさ見送り（1枠50万で100株未満＝候補から1963件抜ける）をBTにも同じく: BT 475玉 / 本番 475玉 / BTだけ 0 / 本番だけ 0 / 出口(日・理由・損益)違い 0 → ✅ 一致
   ④ 本番の置き方（top_free）とBT(全部持つ)の差: BT 475玉 / 本番 373玉 / BTだけ 339 / 本番だけ 237 / 出口(日・理由・損益)違い 0 → 差あり
      BTだけ: 2016-11-02約定 6995 → 2016-11-09 損切り -7.25%
      BTだけ: 2016-11-10約定 1873 → 2016-12-08 期限 +11.26%
      BTだけ: 2017-03-29約定 6379 → 2017-04-13 損切り -7.32%
      BTだけ: 2017-04-14約定 8053 → 2017-05-08 決算前 +8.30%
      BTだけ: 2017-06-07約定 8411 → 2017-07-04 期限 +4.64%
      BTだけ: 2017-06-14約定 3156 → 2017-07-11 期限 -1.44%
      本番だけ: 2016-11-04約定 1873 → 2016-12-02 期限 +6.55%
      本番だけ: 2017-04-03約定 8002 → 2017-04-28 期限 +0.11%
      本番だけ: 2017-08-01約定 6995 → 2017-08-29 期限 -0.15%
      本番だけ: 2017-08-14約定 5707 → 2017-08-24 トレーリング +15.49%
      本番だけ: 2017-08-31約定 5714 → 2017-09-28 期限 +0.30%
      本番だけ: 2017-09-28約定 8101 → 2017-10-03 トレーリング +3.20%

成績（1枠50万×3枠・含み込みの月次＝_bt_souzai_opt の metrics）
   BT（全部の指値・値がさ見送りなし）
      10年   471玉 +330.2万(含み込み) PF1.80 勝率62% DD-56.4万 月平均+2.7万 月の勝率61% 最悪月-17.6万 月3.8件 撃たない月9% 月次シャープ1.21
      2026年(1/5〜2026-09-18・空の口座から) 34玉 +34.3万(含み込み) PF2.27 勝率65% DD-21.1万 月平均+3.8万 月の勝率78% 最悪月-21.1万 月3.8件 撃たない月11% 月次シャープ1.19
   BT＋値がさ見送り
      10年   475玉 +272.6万(含み込み) PF1.61 勝率60% DD-56.7万 月平均+2.2万 月の勝率63% 最悪月-27.1万 月3.9件 撃たない月9% 月次シャープ1.00
   本番（top_free・値がさ見送りあり）
      10年   373玉 +184.8万(含み込み) PF1.48 勝率56% DD-61.4万 月平均+1.5万 月の勝率56% 最悪月-19.0万 月3.0件 撃たない月11% 月次シャープ0.75
      2026年(1/5〜2026-09-18・空の口座から) 24玉 +13.7万(含み込み) PF1.61 勝率58% DD-19.9万 月平均+1.5万 月の勝率78% 最悪月-19.0万 月2.7件 撃たない月11% 月次シャープ0.61
   本番の年別(万・決済ベース・約定年): 2016:+17 2017:+31 2018:-44 2019:+16 2020:-11 2021:+19 2022:+17 2023:+55 2024:+15 2025:+56 2026:+13
   本番の持ち玉(2026-09-18時点): 547A(2026-09-02〜 +0.2%)・7261(2026-09-08〜 +1.6%)

判定: ✅ BTと同じ動きのエンジン・本番の関数の信号で10年の全玉が一致（①②③と2026年）。④は本番の置き方とBTの理想化との差を測ったもの  10s
exit=0
