ルール[C1]: B=threshold PBR≤1.0 PER≤10.0 利回り≥3.0 並べ方=dy 入り方=T1 T1≤0.6 代金≥1e+08 枠3×500,000 損切0.07 トレール0.05/0.05 最長20 決算10 利確None PBR利確None
sig2 読み込み 0s
パネル 2485日×5386銘柄 2016-07-20〜2026-09-18  1s

① 営業日 2016-08-02〜2026-09-18: market_calendar.csv 2476日 / パネル 2476日 / 片方だけ: カレンダーだけ[] パネルだけ[]
  (確認) sig2 の B と BTの式(PBR1/PER1/DYから)の差 0マス

基準(BTのコード×BTの信号・1枠50万) 値がさ見送りなし: 325玉(年32.0) +195.8万 PF1.67 勝率56.9% DD-34.4万 平均保有14.8日(中央17) 出口[期限41% トレーリング27% 損切り17% 決算前16%]
   値がさ見送りの候補 305件: 2019-01-16 1766(終値6,423円)・2019-01-17 1766(終値6,488円)・2020-02-10 9632(終値9,270円)・2020-03-26 5983(終値5,478円)・2021-04-13 8424(終値7,288円)・2021-04-15 8424(終値7,385円)・2021-06-07 8424(終値7,310円)・2021-06-08 8424(終値7,412円)・2021-06-09 8424(終値7,310円)・2021-06-10 8424(終値7,209円) → 玉が変わった 20件（見送りなしだけ11・ありだけ9）
基準(本番のルール＝値がさ見送りあり): 323玉(年31.8) +204.3万 PF1.71 勝率57.9% DD-34.4万 平均保有14.8日(中央17) 出口[期限41% トレーリング27% 損切り17% 決算前16%]  1s
② T1 の違い 0マス / 代金1億(LIQ) の違い 0マス
   開示 188,122行 / 本番の有効日とBTの sidx の違い 0行
③ 利回り(DY): 値の違い 0マス / 値の有無の違い 0マス（どちらも0なら配当予想の状態更新はBTと同じ）
④ 割安B の違い 0マス（B 691,944マス中）
⑤ 建てる候補の印 の違い 0マス（8,233マス中）
   参考の「割安に入った初日」の印の違い 0マス / BT(損切り10%) 383玉(年37.7) +211.7万 PF1.53 勝率59.5% DD-53.6万 平均保有14.5日(中央17) 出口[期限42% トレーリング38% 損切り12% 決算前8%] → 本番のエンジンで玉の一致 ✅
   候補の並びが違う日 0日（候補のある日 1220日中）

本番(本番の関数×本番のエンジン): 323玉(年31.8) +204.3万 PF1.71 勝率57.9% DD-34.4万 平均保有14.8日(中央17) 出口[期限41% トレーリング27% 損切り17% 決算前16%]  8s

⑥ 玉の突き合わせ: BT 323玉 / 本番 323玉 / 両方にある玉 323 / BTだけ 0 / 本番だけ 0 / 出口(日・理由・値・損益)が違う 0
   損益率の差の最大 0.00e+00（float32 の丸め以下なら同じ）

2026年(1/5〜2026-09-18・1月に空の口座から): BT 25玉(年35.7) +21.8万 PF1.93 勝率52.0% DD-19.1万 平均保有14.7日(中央20) 出口[期限52% トレーリング20% 損切り20% 決算前8%] 持ち越し2玉 含み+2.6万
                                    本番 25玉(年35.7) +21.8万 PF1.93 勝率52.0% DD-19.1万 平均保有14.7日(中央20) 出口[期限52% トレーリング20% 損切り20% 決算前8%] 持ち越し2玉 含み+2.6万  → 玉の一致 ✅
   継ぎ目(2021-10)の除外に当たった候補 0件（BTだけの事情。本番は同じ除外を当てて比べた）
   寄りS高張り付きで見送った候補（本番のエンジン） 0件

⑦ 前営業日のバリュエーション(val_prev)を生データに当てた: 抽出100日 945,866値のうち違い 0値（〜2026-09-14・0ならBTの reindex→ffill(limit=3) と同じ）

BTの持ち玉(2026-09-18時点): 7990(2026-09-08〜 +1.7%)・9305(2026-09-10〜 +3.5%)

判定: ✅ 10年の全玉が一致  15s
exit=0
