load 1s  2016-07-20〜2026-09-18  IS〜2021-12-30  利回り15%超のBの日×銘柄 865

■ C1(本番)
   IS(配当込み)  +79.3万 玉 143(月2.2件・撃たない月23%) 勝率56% PF1.51 DD-30.4 月平均+1.20万 月勝率45% 最悪月 -8.0 12か月最悪 -15.1 月次シャープ0.71 上位3玉除く+29 平均保有14.0日
   OOS(配当込み) +160.4万 玉 177(月3.1件・撃たない月4%) 勝率62% PF2.31 DD-19.8 月平均+2.81万 月勝率63% 最悪月-11.7 12か月最悪  -2.7 月次シャープ1.49 上位3玉除く+125 平均保有15.4日
   10年(配当込み) +240.1万 玉 323(月2.6件・撃たない月14%) 勝率60% PF1.90 DD-30.4 月平均+1.95万 月勝率54% 最悪月-11.7 12か月最悪 -15.1 月次シャープ1.09 上位3玉除く+191 平均保有14.8日
   2026年(配当込み)  +27.4万 玉  25(月2.8件・撃たない月11%) 勝率52% PF2.14 DD-16.2 月平均+3.04万 月勝率44% 最悪月-11.7 12か月最悪  +nan 月次シャープ1.28 上位3玉除く-1 平均保有14.7日
   配当なし: IS +72.5万(シャープ0.66) / OOS +134.1万(シャープ1.19) / 10年 +207.0万(シャープ0.92) / 2026年 +24.5万(シャープ1.05)
   10年の時代別(配当込み) 16-18:+34 19-20:+43 21-23:+79 24-26:+82 ／ 出口 期限41% トレーリング27% 損切り17% 決算前16%

■ D1 PBR≤0.8・PER≤10・利回り≥2.5% T1成行 利回り順 トレール8%
   IS(配当込み) +103.2万 玉 146(月2.2件・撃たない月20%) 勝率54% PF1.60 DD-38.5 月平均+1.56万 月勝率48% 最悪月-11.2 12か月最悪 -25.7 月次シャープ0.80 上位3玉除く+50 平均保有15.0日
   OOS(配当込み) +152.2万 玉 164(月2.9件・撃たない月5%) 勝率59% PF2.30 DD-27.8 月平均+2.67万 月勝率63% 最悪月-13.0 12か月最悪  +4.6 月次シャープ1.53 上位3玉除く+116 平均保有16.9日
   10年(配当込み) +261.6万 玉 313(月2.5件・撃たない月12%) 勝率57% PF1.94 DD-38.5 月平均+2.13万 月勝率56% 最悪月-13.0 12か月最悪 -25.7 月次シャープ1.14 上位3玉除く+212 平均保有16.0日
   2026年(配当込み)   +4.8万 玉  24(月2.7件・撃たない月11%) 勝率46% PF1.15 DD-27.8 月平均+0.53万 月勝率44% 最悪月-13.0 12か月最悪  +nan 月次シャープ0.24 上位3玉除く-16 平均保有14.8日
   配当なし: IS +92.3万(シャープ0.72) / OOS +128.3万(シャープ1.29) / 10年 +226.8万(シャープ1.00) / 2026年 +3.0万(シャープ0.14)
   10年の時代別(配当込み) 16-18:+19 19-20:+73 21-23:+116 24-26:+52 ／ 出口 期限52% 損切り18% 決算前17% トレーリング13%

■ D2 PBR≤0.8・PER≤10・利回り≥4.0% 無条件成行 利回り順 損切り5%
   IS(配当込み) +146.0万 玉 270(月4.1件・撃たない月14%) 勝率52% PF1.51 DD-53.6 月平均+2.21万 月勝率53% 最悪月-17.1 12か月最悪 -31.1 月次シャープ0.89 上位3玉除く+100 平均保有11.2日
   OOS(配当込み) +139.9万 玉 274(月4.8件・撃たない月0%) 勝率58% PF1.57 DD-46.6 月平均+2.45万 月勝率63% 最悪月-23.9 12か月最悪 -26.1 月次シャープ0.98 上位3玉除く+110 平均保有12.6日
   10年(配当込み) +289.2万 玉 544(月4.4件・撃たない月7%) 勝率55% PF1.55 DD-53.6 月平均+2.35万 月勝率58% 最悪月-23.9 12か月最悪 -31.1 月次シャープ0.95 上位3玉除く+247 平均保有11.9日
   2026年(配当込み)   +3.6万 玉  37(月4.1件・撃たない月0%) 勝率51% PF1.10 DD-19.1 月平均+0.40万 月勝率56% 最悪月-13.9 12か月最悪  +nan 月次シャープ0.18 上位3玉除く-16 平均保有13.8日
   配当なし: IS +124.5万(シャープ0.77) / OOS +113.0万(シャープ0.78) / 10年 +240.9万(シャープ0.79) / 2026年 -0.2万(シャープ-0.01)
   10年の時代別(配当込み) 16-18:+65 19-20:+6 21-23:+199 24-26:+19 ／ 出口 損切り33% トレーリング32% 期限25% 決算前10%

■ D3 PBR≤0.8・PER≤10・利回り≥4.0% 無条件成行 合成順 トレール8%
   IS(配当込み) +138.6万 玉 213(月3.2件・撃たない月14%) 勝率47% PF1.54 DD-54.1 月平均+2.10万 月勝率53% 最悪月-17.1 12か月最悪 -27.6 月次シャープ0.86 上位3玉除く+88 平均保有14.4日
   OOS(配当込み) +187.4万 玉 219(月3.8件・撃たない月2%) 勝率57% PF1.81 DD-31.0 月平均+3.29万 月勝率63% 最悪月-20.4 12か月最悪  +2.6 月次シャープ1.38 上位3玉除く+153 平均保有15.6日
   10年(配当込み) +329.9万 玉 432(月3.5件・撃たない月8%) 勝率53% PF1.69 DD-54.1 月平均+2.68万 月勝率58% 最悪月-20.4 12か月最悪 -27.6 月次シャープ1.11 上位3玉除く+278 平均保有15.1日
   2026年(配当込み)   -9.8万 玉  34(月3.8件・撃たない月11%) 勝率38% PF0.73 DD-33.4 月平均-1.09万 月勝率44% 最悪月-26.8 12か月最悪  +nan 月次シャープ-0.32 上位3玉除く-34 平均保有14.5日
   配当なし: IS +116.7万(シャープ0.74) / OOS +164.4万(シャープ1.17) / 10年 +285.1万(シャープ0.96) / 2026年 -13.0万(シャープ-0.40)
   10年の時代別(配当込み) 16-18:+64 19-20:+48 21-23:+120 24-26:+93 ／ 出口 期限46% 損切り22% トレーリング19% 決算前13%

■ D4 PBR≤1.0・PER≤12・利回り≥3.0% T1成行 合成順 PBR>1で利確
   IS(配当込み) +119.8万 玉 163(月2.5件・撃たない月18%) 勝率58% PF1.65 DD-28.6 月平均+1.82万 月勝率53% 最悪月-13.1 12か月最悪 -13.8 月次シャープ0.95 上位3玉除く+59 平均保有13.4日
   OOS(配当込み)  +74.1万 玉 191(月3.4件・撃たない月4%) 勝率57% PF1.37 DD-39.4 月平均+1.30万 月勝率60% 最悪月-22.9 12か月最悪 -14.0 月次シャープ0.65 上位3玉除く+42 平均保有15.0日
   10年(配当込み) +195.7万 玉 357(月2.9件・撃たない月11%) 勝率57% PF1.53 DD-39.4 月平均+1.59万 月勝率57% 最悪月-22.9 12か月最悪 -14.0 月次シャープ0.82 上位3玉除く+145 平均保有14.3日
   2026年(配当込み)  -23.9万 玉  31(月3.4件・撃たない月11%) 勝率52% PF0.58 DD-39.4 月平均-2.65万 月勝率22% 最悪月-22.9 12か月最悪  +nan 月次シャープ-0.88 上位3玉除く-43 平均保有13.5日
   配当なし: IS +105.6万(シャープ0.84) / OOS +47.5万(シャープ0.40) / 10年 +155.0万(シャープ0.64) / 2026年 -27.9万(シャープ-0.99)
   10年の時代別(配当込み) 16-18:+55 19-20:+61 21-23:+61 24-26:+17 ／ 出口 期限38% トレーリング26% 損切り19% 決算前13% PBR>14%

■ C1＋PBR>1で利確
   IS(配当込み)  +89.4万 玉 144(月2.2件・撃たない月21%) 勝率58% PF1.62 DD-29.6 月平均+1.35万 月勝率48% 最悪月 -8.0 12か月最悪 -15.1 月次シャープ0.78 上位3玉除く+40 平均保有13.8日
   OOS(配当込み) +181.8万 玉 181(月3.2件・撃たない月4%) 勝率66% PF2.64 DD-19.8 月平均+3.19万 月勝率70% 最悪月-11.7 12か月最悪  +6.1 月次シャープ1.79 上位3玉除く+151 平均保有14.9日
   10年(配当込み) +277.6万 玉 328(月2.7件・撃たない月13%) 勝率63% PF2.11 DD-29.6 月平均+2.26万 月勝率59% 最悪月-11.7 12か月最悪 -15.1 月次シャープ1.27 上位3玉除く+231 平均保有14.5日
   2026年(配当込み)  +30.3万 玉  25(月2.8件・撃たない月11%) 勝率56% PF2.36 DD-13.4 月平均+3.36万 月勝率44% 最悪月-11.7 12か月最悪  +nan 月次シャープ1.35 上位3玉除く+3 平均保有14.3日
   配当なし: IS +81.7万(シャープ0.72) / OOS +157.8万(シャープ1.50) / 10年 +246.0万(シャープ1.12) / 2026年 +27.4万(シャープ1.14)
   10年の時代別(配当込み) 16-18:+42 19-20:+44 21-23:+82 24-26:+109 ／ 出口 期限38% トレーリング26% 決算前15% 損切り15% PBR>16%

■ C1＋トレール8%
   IS(配当込み)  +82.4万 玉 137(月2.1件・撃たない月24%) 勝率53% PF1.51 DD-37.0 月平均+1.25万 月勝率48% 最悪月 -9.2 12か月最悪 -18.5 月次シャープ0.64 上位3玉除く+31 平均保有15.1日
   OOS(配当込み) +156.1万 玉 165(月2.9件・撃たない月4%) 勝率58% PF2.30 DD-28.5 月平均+2.74万 月勝率61% 最悪月-17.1 12か月最悪  +1.1 月次シャープ1.44 上位3玉除く+121 平均保有16.8日
   10年(配当込み) +238.7万 玉 305(月2.5件・撃たない月15%) 勝率56% PF1.89 DD-37.0 月平均+1.94万 月勝率55% 最悪月-17.1 12か月最悪 -18.5 月次シャープ1.00 上位3玉除く+189 平均保有16.0日
   2026年(配当込み)   +5.7万 玉  23(月2.6件・撃たない月11%) 勝率39% PF1.12 DD-28.5 月平均+0.64万 月勝率33% 最悪月-17.1 12か月最悪  +nan 月次シャープ0.25 上位3玉除く-16 平均保有15.0日
   配当なし: IS +76.2万(シャープ0.60) / OOS +131.7万(シャープ1.17) / 10年 +208.1万(シャープ0.87) / 2026年 +2.7万(シャープ0.11)
   10年の時代別(配当込み) 16-18:+15 19-20:+50 21-23:+104 24-26:+67 ／ 出口 期限51% 決算前18% 損切り16% トレーリング14%

■ C1＋トレール3%
   IS(配当込み)  +78.7万 玉 153(月2.3件・撃たない月20%) 勝率58% PF1.51 DD-28.9 月平均+1.19万 月勝率53% 最悪月 -7.2 12か月最悪 -16.2 月次シャープ0.74 上位3玉除く+29 平均保有12.9日
   OOS(配当込み) +141.1万 玉 189(月3.3件・撃たない月4%) 勝率64% PF2.09 DD-17.4 月平均+2.47万 月勝率67% 最悪月 -8.7 12か月最悪  +3.2 月次シャープ1.73 上位3玉除く+119 平均保有14.2日
   10年(配当込み) +225.7万 玉 345(月2.8件・撃たない月12%) 勝率61% PF1.82 DD-28.9 月平均+1.84万 月勝率60% 最悪月 -8.7 12か月最悪 -16.2 月次シャープ1.19 上位3玉除く+180 平均保有13.6日
   2026年(配当込み)  +11.9万 玉  25(月2.8件・撃たない月11%) 勝率52% PF1.52 DD-17.4 月平均+1.32万 月勝率44% 最悪月 -8.7 12か月最悪  +nan 月次シャープ0.75 上位3玉除く-2 平均保有14.0日
   配当なし: IS +71.4万(シャープ0.68) / OOS +114.6万(シャープ1.35) / 10年 +192.0万(シャープ1.01) / 2026年 +8.9万(シャープ0.51)
   10年の時代別(配当込み) 16-18:+38 19-20:+37 21-23:+73 24-26:+77 ／ 出口 トレーリング39% 期限31% 損切り17% 決算前14%

■ C1＋最長30日
   IS(配当込み)  +90.4万 玉 131(月2.0件・撃たない月24%) 勝率63% PF1.65 DD-32.4 月平均+1.37万 月勝率50% 最悪月-11.3 12か月最悪 -20.2 月次シャープ0.79 上位3玉除く+44 平均保有16.5日
   OOS(配当込み) +150.6万 玉 150(月2.6件・撃たない月7%) 勝率61% PF2.37 DD-28.6 月平均+2.64万 月勝率70% 最悪月-14.7 12か月最悪  -7.6 月次シャープ1.28 上位3玉除く+113 平均保有18.9日
   10年(配当込み) +245.0万 玉 284(月2.3件・撃たない月16%) 勝率62% PF1.99 DD-32.4 月平均+1.99万 月勝率60% 最悪月-14.7 12か月最悪 -20.2 月次シャープ1.05 上位3玉除く+194 平均保有17.7日
   2026年(配当込み)  +31.6万 玉  20(月2.2件・撃たない月11%) 勝率55% PF2.47 DD-25.2 月平均+3.51万 月勝率33% 最悪月-14.7 12か月最悪  +nan 月次シャープ0.94 上位3玉除く-5 平均保有17.4日
   配当なし: IS +75.3万(シャープ0.66) / OOS +127.3万(シャープ1.05) / 10年 +206.4万(シャープ0.87) / 2026年 +28.6万(シャープ0.82)
   10年の時代別(配当込み) 16-18:+37 19-20:+46 21-23:+54 24-26:+105 ／ 出口 トレーリング38% 決算前22% 損切り20% 期限20%

■ 事前に決めた条件で判定（配当込み）: ISシャープ≥C1+0.10 ・ OOSシャープ≥C1 ・ 10年合計≥C1 ・ 回数
   C1: IS 0.71 / OOS 1.49 / 10年 +240.1万 / 月2.6件・撃たない月14%
   D1 PBR≤0.8・PER≤10・利回り≥2.5% T1成行 利回り順 トレール8%          IS 0.80× OOS 1.53○ 10年 +261.6万○ 月2.5件/ゼロ月12%○ → ✗
   D2 PBR≤0.8・PER≤10・利回り≥4.0% 無条件成行 利回り順 損切り5%          IS 0.89○ OOS 0.98× 10年 +289.2万○ 月4.4件/ゼロ月7%○ → ✗
   D3 PBR≤0.8・PER≤10・利回り≥4.0% 無条件成行 合成順 トレール8%          IS 0.86○ OOS 1.38× 10年 +329.9万○ 月3.5件/ゼロ月8%○ → ✗
   D4 PBR≤1.0・PER≤12・利回り≥3.0% T1成行 合成順 PBR>1で利確         IS 0.95○ OOS 0.65× 10年 +195.7万× 月2.9件/ゼロ月11%○ → ✗
   C1＋PBR>1で利確                                          IS 0.78× OOS 1.79○ 10年 +277.6万○ 月2.7件/ゼロ月13%○ → ✗
   C1＋トレール8%                                            IS 0.64× OOS 1.44× 10年 +238.7万× 月2.5件/ゼロ月15%○ → ✗
   C1＋トレール3%                                            IS 0.74× OOS 1.73○ 10年 +225.7万× 月2.8件/ゼロ月12%○ → ✗
   C1＋最長30日                                             IS 0.79× OOS 1.28× 10年 +245.0万○ 月2.3件/ゼロ月16%○ → ✗
   → C1を超えたもの: なし＝C1が究極
