USDCNH: 2016-05-02〜 64454本 spread0.0492% swapL+0.0022%/日 S+0.0159
USDDKK: 2016-05-02〜 64458本 spread0.0536% swapL+0.0031%/日 S+0.0123
USDHKD: 2016-05-02〜 64431本 spread0.0332% swapL+0.0039%/日 S+0.0115
USDHUF: 2016-05-02〜 64357本 spread0.1333% swapL+0.0151%/日 S+0.0052
USDMXN: 2016-05-02〜 64435本 spread0.1149% swapL+0.0195%/日 S-0.0032
USDNOK: 2016-05-02〜 64418本 spread0.1183% swapL+0.0090%/日 S+0.0062
USDPLN: 2016-05-02〜 64433本 spread0.1126% swapL+0.0078%/日 S+0.0076
USDSEK: 2016-05-02〜 64432本 spread0.0654% swapL+0.0026%/日 S+0.0136
USDSGD: 2016-05-02〜 64453本 spread0.1540% swapL+0.0014%/日 S+0.0140
USDTRY: 2016-05-02〜 64414本 spread0.0391% swapL+0.1371%/日 S-0.0268
USDZAR: 2016-05-02〜 64275本 spread0.0775% swapL+0.0252%/日 S-0.0028
CHFSGD.: 2016-05-02〜 64430本 spread0.1525% swapL+0.0120%/日 S+0.0037
EURDKK.: 2016-05-02〜 64348本 spread0.0364% swapL+0.0073%/日 S+0.0085
EURHKD.: 2016-05-02〜 64448本 spread0.0247% swapL+0.0080%/日 S+0.0077
EURHUF.: 2016-05-02〜 64372本 spread0.0906% swapL+0.0184%/日 S+0.0014
EURNOK.: 2016-05-02〜 64426本 spread0.0908% swapL+0.0130%/日 S+0.0025
EURPLN.: 2016-05-02〜 64444本 spread0.1071% swapL+0.0118%/日 S+0.0039
EURSEK.: 2016-05-02〜 64441本 spread0.0576% swapL+0.0060%/日 S+0.0091
EURSGD.: 2016-05-02〜 64457本 spread0.0676% swapL+0.0056%/日 S+0.0103
EURTRY.: 2016-05-02〜 64173本 spread0.0519% swapL+0.1169%/日 S-0.0096
EURZAR.: 2016-05-02〜 64285本 spread0.0781% swapL+0.0221%/日 S-0.0016
GBPDKK.: 2016-05-02〜 64444本 spread0.0983% swapL+0.0030%/日 S+0.0127
GBPNOK.: 2016-05-02〜 64439本 spread0.1169% swapL+0.0088%/日 S+0.0066
GBPSEK.: 2016-05-02〜 64430本 spread0.0740% swapL+0.0019%/日 S+0.0131
GBPSGD.: 2016-05-02〜 64445本 spread0.0824% swapL+0.0013%/日 S+0.0145
NZDSGD.: 2016-05-02〜 64454本 spread0.2445% swapL+0.0061%/日 S+0.0129
SGDJPY.: 2016-05-02〜 64454本 spread0.1187% swapL+0.0077%/日 S+0.0077
USDDKK.: 2016-05-02〜 64459本 spread0.0280% swapL+0.0031%/日 S+0.0123
USDHKD.: 2016-05-02〜 64431本 spread0.0236% swapL+0.0039%/日 S+0.0114
USDHUF.: 2016-05-02〜 64359本 spread0.1037% swapL+0.0150%/日 S+0.0052
USDMXN.: 2016-05-02〜 64437本 spread0.0865% swapL+0.0195%/日 S-0.0032
USDNOK.: 2016-05-02〜 64419本 spread0.0910% swapL+0.0090%/日 S+0.0062
USDPLN.: 2016-05-02〜 64434本 spread0.0756% swapL+0.0078%/日 S+0.0076
USDSEK.: 2016-05-02〜 64433本 spread0.0570% swapL+0.0026%/日 S+0.0136
USDSGD.: 2016-05-02〜 64454本 spread0.1107% swapL+0.0014%/日 S+0.0140
USDTRY.: 2016-05-02〜 64415本 spread0.0440% swapL+0.1371%/日 S-0.0268
USDZAR.: 2016-05-02〜 64276本 spread0.0605% swapL+0.0252%/日 S-0.0028
CADCHF.: 2016-05-02〜 64456本 spread0.0325% swapL-0.0021%/日 S+0.0105
CADJPY.: 2016-05-02〜 64458本 spread0.0187% swapL+0.0010%/日 S+0.0103
CHFJPY.: 2016-05-02〜 64443本 spread0.0096% swapL+0.0086%/日 S+0.0032
EURCAD.: 2016-05-02〜 64459本 spread0.0101% swapL+0.0039%/日 S+0.0043
EURCHF.: 2016-05-02〜 64459本 spread0.0123% swapL-0.0008%/日 S+0.0122
EURGBP.: 2016-05-02〜 64459本 spread0.0082% swapL+0.0072%/日 S-0.0012
EURJPY.: 2016-05-02〜 64459本 spread0.0081% swapL+0.0035%/日 S+0.0107
EURUSD.: 2016-05-02〜 64459本 spread0.0079% swapL+0.0068%/日 S-0.0012
GBPCAD.: 2016-05-02〜 64458本 spread0.0150% swapL-0.0002%/日 S+0.0086
GBPCHF.: 2016-05-02〜 64456本 spread0.0188% swapL-0.0049%/日 S+0.0161
GBPJPY.: 2016-05-02〜 64459本 spread0.0104% swapL-0.0015%/日 S+0.0194
GBPUSD.: 2016-05-02〜 64459本 spread0.0100% swapL+0.0028%/日 S+0.0031
USDCAD.: 2016-05-02〜 64459本 spread0.0092% swapL-0.0007%/日 S+0.0076
USDCHF.: 2016-05-02〜 64459本 spread0.0119% swapL-0.0047%/日 S+0.0163
USDJPY.: 2016-05-02〜 64459本 spread0.0109% swapL-0.0014%/日 S+0.0191
AUDCAD.: 2016-05-02〜 64458本 spread0.0130% swapL-0.0017%/日 S+0.0102
AUDCHF.: 2016-05-02〜 64456本 spread0.0224% swapL-0.0079%/日 S+0.0165
AUDJPY.: 2016-05-02〜 64459本 spread0.0160% swapL-0.0037%/日 S+0.0150
AUDNZD.: 2016-05-02〜 64456本 spread0.0167% swapL+0.0002%/日 S+0.0085
AUDUSD.: 2016-05-02〜 64459本 spread0.0112% swapL+0.0012%/日 S+0.0047
EURAUD.: 2016-05-02〜 64459本 spread0.0107% swapL+0.0107%/日 S-0.0008
EURNZD.: 2016-05-02〜 64451本 spread0.0165% swapL+0.0070%/日 S+0.0049
GBPAUD.: 2016-05-02〜 64458本 spread0.0134% swapL+0.0065%/日 S+0.0034
GBPNZD.: 2016-05-02〜 64453本 spread0.0190% swapL+0.0010%/日 S+0.0086
NZDCAD.: 2016-05-02〜 64458本 spread0.0245% swapL+0.0044%/日 S+0.0069
NZDCHF.: 2016-05-02〜 64448本 spread0.0558% swapL-0.0026%/日 S+0.0129
NZDJPY.: 2016-05-02〜 64457本 spread0.0249% swapL+0.0017%/日 S+0.0133
NZDUSD.: 2016-05-02〜 64457本 spread0.0209% swapL+0.0074%/日 S+0.0015
SA40Cash: 2020-04-28〜 15794本 spread0.0508% swapL+0.0830%/日 S-0.0285
USDCNH.: 2017-06-15〜 14326本 spread0.0458% swapL+0.0022%/日 S+0.0159
short GAUCNH. 5880
short XAUCNH. 5879
short XAUJPY. 5879
UK100-SEP26: 2016-05-20〜 59422本 spread0.0514% swapL+0.0000%/日 S+0.0000
US100-SEP26: 2016-05-26〜 60687本 spread0.0202% swapL+0.0000%/日 S+0.0000
SWI20-SEP26: 2016-05-02〜 36495本 spread0.0563% swapL+0.0000%/日 S+0.0000
EU50-SEP26: 2016-05-02〜 43337本 spread0.0543% swapL+0.0000%/日 S+0.0000
GER40-SEP26: 2016-05-02〜 59786本 spread0.0215% swapL+0.0000%/日 S+0.0000
US30-SEP26: 2016-05-25〜 60719本 spread0.0215% swapL+0.0000%/日 S+0.0000
US500-SEP26: 2016-05-25〜 60712本 spread0.0204% swapL+0.0000%/日 S+0.0000
PLAT-OCT26: 2017-03-24〜 55927本 spread0.2521% swapL+0.0000%/日 S+0.0000
COTTO-DEC26: 2017-01-30〜 43088本 spread0.3562% swapL+0.0000%/日 S+0.0000
SUGAR-OCT26: 2017-01-30〜 23839本 spread0.3333% swapL+0.0000%/日 S+0.0000
PALL-DEC26: 2017-02-24〜 56375本 spread0.7660% swapL+0.0000%/日 S+0.0000
COFFE-DEC26: 2017-08-24〜 22366本 spread0.1960% swapL+0.0000%/日 S+0.0000
JP225-DEC26: 2016-05-02〜 45232本 spread0.0233% swapL+0.0000%/日 S+0.0000
USDX-DEC26: 2016-05-02〜 54688本 spread0.0503% swapL+0.0000%/日 S+0.0000
WHEAT-DEC26: 2017-02-24〜 45082本 spread0.2280% swapL+0.0000%/日 S+0.0000
HGCOP-DEC26: 2017-01-30〜 56635本 spread0.1138% swapL+0.0000%/日 S+0.0000
EU50-DEC26: 2016-05-02〜 43337本 spread0.0541% swapL+0.0000%/日 S+0.0000
SWI20-DEC26: 2016-05-02〜 36495本 spread0.0562% swapL+0.0000%/日 S+0.0000
GER40-DEC26: 2016-05-02〜 59809本 spread0.0214% swapL+0.0000%/日 S+0.0000
UK100-DEC26: 2016-05-20〜 59422本 spread0.0511% swapL+0.0000%/日 S+0.0000
CORN-DEC26: 2017-02-24〜 44819本 spread0.1889% swapL+0.0000%/日 S+0.0000
COCOA-DEC26: 2016-05-02〜 25551本 spread0.2524% swapL+0.0000%/日 S+0.0000
OIL-OCT26: 2016-05-02〜 60828本 spread0.0487% swapL+0.0000%/日 S+0.0000
OILMn-OCT26: 2016-05-02〜 60805本 spread0.0487% swapL+0.0000%/日 S+0.0000
FRA40-SEP26: 2017-02-09〜 33170本 spread0.0455% swapL+0.0000%/日 S+0.0000
SBEAN-NOV26: 2017-02-24〜 44977本 spread0.1409% swapL+0.0000%/日 S+0.0000
NGAS-OCT26: 2016-05-02〜 47259本 spread1.3589% swapL+0.0000%/日 S+0.0000
BRENT-NOV26: 2019-02-11〜 42435本 spread0.0472% swapL+0.0000%/日 S+0.0000
GSOIL-OCT26: 2017-08-14〜 45998本 spread0.0870% swapL+0.0000%/日 S+0.0000
VIX-OCT26: 2020-12-04〜 33291本 spread0.6522% swapL-0.0000%/日 S-0.0000
FRA40-OCT26: 2017-02-09〜 33170本 spread0.0455% swapL+0.0000%/日 S+0.0000
short GOLD24-7. 1744

セル数 113218 銘柄 97

== t>3 かつ前後半t>1.5 かつ勝ち年8割: 927セル (JST4〜8時建て=メンテ跨ぎ疑いに印) ==
    sym  h  k side    flt    n  mean      t     t1     t2  wy  ny    tot      start    疑
EURCHF.  7  2    買    all 2679 0.027 21.090  8.730 21.078  10  11 72.642 2016-05-03 ⚠メンテ
EURCHF.  7  2    買 prev>0 2071 0.029 19.824  8.407 19.708  10  11 59.781 2016-05-03 ⚠メンテ
AUDCHF.  5  2    売 prev≤0 1717 0.042 18.741  6.767 20.966  10  11 72.905 2016-05-04 ⚠メンテ
AUDNZD.  5  1    売 prev≤0 1681 0.035 18.644  8.181 19.517  11  11 59.564 2016-05-04 ⚠メンテ
AUDCHF.  5  2    売    all 2142 0.038 18.427  5.268 22.949  10  11 82.386 2016-05-04 ⚠メンテ
EURCHF.  5  2    売 prev≤0 1687 0.025 17.735  9.209 15.743  10  11 42.023 2016-05-05 ⚠メンテ
EURCHF.  5  2    売    all 2142 0.022 17.162  7.708 16.822  10  11 48.006 2016-05-04 ⚠メンテ
EURCAD.  7  2    買    all 2679 0.025 17.018  9.055 15.390  11  11 68.197 2016-05-03 ⚠メンテ
EURCHF.  6  3    買 prev>0 1740 0.029 16.959 10.127 13.734  11  11 51.015 2016-05-03 ⚠メンテ
EURGBP.  5  1    売 prev≤0 1653 0.026 16.561  8.591 16.163  11  11 43.011 2016-05-05 ⚠メンテ
EURCHF.  7  4    買    all 2679 0.029 16.543  9.093 14.099  10  11 78.297 2016-05-03 ⚠メンテ
EURCHF.  7  3    買    all 2679 0.027 16.443  7.727 15.368  10  11 72.476 2016-05-03 ⚠メンテ
AUDNZD.  5  1    売    all 2318 0.026 16.343  6.161 18.267  11  11 60.875 2016-05-04 ⚠メンテ
USDCHF.  5  2    売    all 2142 0.027 16.254  5.633 17.162  10  11 57.242 2016-05-04 ⚠メンテ
EURCAD.  7  2    買 prev>0 2002 0.026 16.071  8.361 14.500  11  11 51.711 2016-05-06 ⚠メンテ
AUDCAD.  7  2    買 prev>0 1863 0.035 16.053  6.812 15.801  11  11 65.845 2016-05-03 ⚠メンテ
EURCHF.  6  2    買 prev>0 1571 0.029 15.981  7.657 14.679  11  11 45.529 2016-05-03 ⚠メンテ
EURCAD.  6  2    買 prev>0 1688 0.031 15.867  8.319 14.264  11  11 51.552 2016-05-09 ⚠メンテ
AUDCAD.  5  1    売 prev≤0 1597 0.031 15.827  7.089 15.326  10  11 49.708 2016-05-04 ⚠メンテ
EURCAD.  6  3    買 prev>0 1785 0.031 15.781  8.541 14.006  11  11 56.205 2016-05-06 ⚠メンテ
GBPCHF.  5  2    売 prev≤0 1629 0.031 15.587  5.428 18.869  11  11 50.800 2016-05-04 ⚠メンテ
EURCAD.  6  3    買    all 2500 0.028 15.457  8.389 13.852  11  11 70.103 2016-05-03 ⚠メンテ
AUDCHF.  7  2    買 prev>0 1953 0.044 15.376  4.420 18.446   9  11 85.055 2016-05-03 ⚠メンテ
AUDCAD.  7  2    買    all 2679 0.030 15.364  4.907 17.586  11  11 79.546 2016-05-03 ⚠メンテ
EURGBP.  6  2    買 prev>0 1675 0.035 15.315  6.779 19.213  11  11 58.095 2016-05-13 ⚠メンテ
EURAUD.  6  2    買 prev>0 1788 0.035 15.310  9.511 12.117  11  11 62.248 2016-05-11 ⚠メンテ
USDCHF.  5  2    売 prev≤0 1614 0.029 15.099  5.473 15.732  11  11 46.523 2016-05-04 ⚠メンテ
AUDCAD.  6  2    買 prev>0 1591 0.040 15.076  5.336 17.282  10  11 63.843 2016-05-03 ⚠メンテ
EURGBP.  5  1    売    all 2319 0.020 14.997  7.004 15.886  11  11 46.993 2016-05-04 ⚠メンテ
EURCHF.  7  1    買    all 2679 0.016 14.975  3.762 17.160  10  11 41.853 2016-05-03 ⚠メンテ
EURCHF.  6  3    買    all 2500 0.022 14.975  7.586 13.274  11  11 55.820 2016-05-03 ⚠メンテ
USDCHF.  7  2    買    all 2679 0.025 14.969  4.932 15.164  10  11 66.093 2016-05-03 ⚠メンテ
EURAUD.  5  1    売 prev≤0 1654 0.026 14.859  5.354 17.519  10  11 43.455 2016-05-05 ⚠メンテ
EURAUD.  6  2    買    all 2500 0.032 14.836  9.097 12.395  11  11 79.758 2016-05-03 ⚠メンテ
EURCHF.  4  3    売 prev≤0 1626 0.026 14.761  7.783 12.962  11  11 42.396 2016-05-05 ⚠メンテ
EURCHF.  7  3    買 prev>0 1966 0.029 14.739  6.982 13.728  10  11 56.248 2016-05-03 ⚠メンテ
EURCHF.  6  4    買 prev>0 1683 0.032 14.701  9.176 11.539  11  11 53.291 2016-05-03 ⚠メンテ
AUDNZD.  6  2    買 prev>0 1717 0.045 14.653  4.846 19.488  10  11 77.077 2016-05-03 ⚠メンテ
GBPAUD.  5  1    売 prev≤0 1633 0.025 14.636  6.314 15.699  11  11 41.511 2016-05-04 ⚠メンテ
EURCHF.  7  4    買 prev>0 1924 0.030 14.561  7.280 13.283  10  11 57.292 2016-05-03 ⚠メンテ
