[xm] 4,145,979本 3028日 15s

■ ①$100格子をずらした時の成績(下から・δ1・h15・今のコスト%後)  ※ずらし0=本物の大台
  ずらし+ 0: n 294 今コスト後+0.0437% t+3.44
  ずらし+ 5: n 312 今コスト後+0.0074% t+0.63
  ずらし+10: n 308 今コスト後+0.0096% t+0.79
  ずらし+15: n 309 今コスト後-0.0290% t-1.95
  ずらし+20: n 306 今コスト後+0.0259% t+1.83
  ずらし+25: n 324 今コスト後-0.0111% t-0.97
  ずらし+30: n 332 今コスト後-0.0103% t-0.90
  ずらし+35: n 326 今コスト後-0.0118% t-1.14
  ずらし+40: n 324 今コスト後-0.0072% t-0.63
  ずらし+45: n 309 今コスト後-0.0117% t-0.99
  ずらし+50: n 298 今コスト後+0.0175% t+1.31
  ずらし+55: n 304 今コスト後+0.0078% t+0.60
  ずらし+60: n 294 今コスト後+0.0021% t+0.18
  ずらし+65: n 289 今コスト後-0.0154% t-1.25
  ずらし+70: n 286 今コスト後-0.0134% t-1.15
  ずらし+75: n 275 今コスト後-0.0072% t-0.65
  ずらし+80: n 301 今コスト後+0.0002% t+0.01
  ずらし+85: n 276 今コスト後+0.0108% t+0.85
  ずらし+90: n 286 今コスト後+0.0078% t+0.61
  ずらし+95: n 300 今コスト後-0.0018% t-0.16
  ずらし5〜95の平均 -0.0016% / t の最大 +1.83  ← 本物(0) +0.0437% t+3.44

本物のイベント行 5,241  18s

■ ②年別(δ1・h15): 件数 / 今コスト%後の合計 / 実際の$コスト後の合計($/oz)
  2015:  18件  -0.590%   -11.45$  勝率 50%
  2016:   8件  +0.842%    +8.73$  勝率 50%
  2017:   5件  +0.619%    +6.24$  勝率 60%
  2018:  15件  +0.404%    -1.75$  勝率 53%
  2019:  18件  +1.830%   +18.73$  勝率 72%
  2020:  17件  +1.036%   +11.96$  勝率 65%
  2021:  22件  +1.388%   +16.72$  勝率 77%
  2022:  16件  +1.842%   +27.57$  勝率 75%
  2023:  19件  +1.767%   +29.60$  勝率 47%
  2024:  21件  +0.882%   +17.41$  勝率 57%
  2025:  53件  +0.775%   +24.81$  勝率 51%
  2026:  82件  +2.058%   +93.23$  勝率 60%
  2025-26を除く: n159 +0.0630% t+3.87

■ ③時間帯(ロンドン時刻・δ1・h15)
  00-07 アジア: n 118 +0.0359% t+2.10
  07-12 ロンドン午前: n  56 +0.0368% t+1.31
  12-17 NY重なり: n  91 +0.0812% t+3.20
  17-24 NY午後: n  29 -0.0288% t-0.73
  今の金AM窓(10:19-10:32)と保有が重なる: 7件 / 金PM窓(14:53-15:03): 11件 / 全294件

■ ④損切り(δ1・h15/h30)
  h15 損切りなし: n294 +0.0437% t+3.44 損切り発動0.0%
  h15 損切り$5: n294 +0.0250% t+2.30 損切り発動23.8%
  h15 損切り$10: n294 +0.0342% t+2.69 損切り発動11.2%
  h30 損切りなし: n293 +0.0441% t+2.91 損切り発動0.0%
  h30 損切り$5: n293 +0.0236% t+1.92 損切り発動29.7%
  h30 損切り$10: n293 +0.0308% t+2.17 損切り発動15.4%

■ ⑤接近の定義を「直前5本の平均<水準」に変えた時(δ1・h15)
  n294 +0.0437% t+3.44

完了 18s
