JP225Cash {'H1': (61997, '2010-09-08'), 'H4': (17211, '2010-09-08'), 'D1': (4026, '2010-09-08')}
US500Cash {'H1': (61986, '2011-08-08'), 'H4': (17238, '2011-08-08'), 'D1': (4057, '2011-08-08')}
GER40Cash {'H1': (8376, '2025-03-28'), 'H4': (2213, '2025-03-28'), 'D1': (370, '2025-03-28')}
XAUEUR. {'H1': (24766, '2022-07-11'), 'H4': (6481, '2022-07-11'), 'D1': (1083, '2022-07-11')}
SILVER. {'H1': (24767, '2022-07-12'), 'H4': (6478, '2022-07-12'), 'D1': (1082, '2022-07-12')}
XPTUSD. {'H1': (24849, '2022-07-05'), 'H4': (6504, '2022-07-05'), 'D1': (1087, '2022-07-05')}

総セル 2591・噪音床≈3.96・55s

== 合格 2 ==
  US500Cash|BB下抜け逆張り|H4|hold20|買               日1967 回  512 年率 +12.6% PF1.35 t+4.24(前+3.2/後+2.9) 勝年15/16 α-t+2.4 稼働0.41 コスト2倍t+4.1 上3除t+3.9
  US500Cash|RSI2<20逆張り|D1|hold5|買              日2243 回  486 年率 +12.9% PF1.29 t+3.70(前+2.8/後+2.6) 勝年14/16 α-t+1.8 稼働0.49 コスト2倍t+3.6 上3除t+3.3

== 合格かつ α-t>3 (ベンチ買い持ちを引いても残る) 0 ==

== 銘柄別: 最大t / ベンチ常時買いt / PF>1割合 ==
  GER40Cash  セル361 最大t+1.46 α最大t+1.38 ベンチt+0.63(年率+7.6%) PF>1 0.27
  JP225Cash  セル473 最大t+3.01 α最大t+1.54 ベンチt+2.76(年率+13.8%) PF>1 0.41
  SILVER.    セル430 最大t+3.15 α最大t+1.87 ベンチt+1.93(年率+31.8%) PF>1 0.43
  US500Cash  セル477 最大t+4.24 α最大t+2.38 ベンチt+3.23(年率+13.6%) PF>1 0.40
  XAUEUR.    セル429 最大t+2.90 α最大t+1.76 ベンチt+2.36(年率+17.0%) PF>1 0.46
  XPTUSD.    セル421 最大t+1.77 α最大t+0.75 ベンチt+1.35(年率+19.6%) PF>1 0.20

== α-t 上位10 (合格不問) ==
  US500Cash|BB下抜け逆張り|H4|hold20|買               日1967 回  512 年率 +12.6% PF1.35 t+4.24(前+3.2/後+2.9) 勝年15/16 α-t+2.4 稼働0.41 コスト2倍t+4.1 上3除t+3.9
  US500Cash|BB下抜け逆張り|H4|hold5|買                日 959 回  710 年率  +6.3% PF1.44 t+3.06(前+3.1/後+1.4) 勝年14/16 α-t+2.1 稼働0.14 コスト2倍t+2.8 上3除t+2.6
  US500Cash|4連続陰線フェード|H4|hold3|買               日 681 回  750 年率  +4.3% PF1.45 t+2.86(前+2.1/後+1.9) 勝年14/16 α-t+2.1 稼働0.08 コスト2倍t+2.5 上3除t+2.4
  US500Cash|BB上抜け逆張り|H4|hold20|売               日1970 回  553 年率  -2.1% PF0.94 t-0.91(前-0.8/後-0.6) 勝年6/15 α-t+1.9 稼働0.45 コスト2倍t-1.1 上3除t-1.5
  SILVER.|RSI14>70順張り|H4|hold20|買              日 383 回  110 年率 +23.7% PF1.59 t+3.15(前+2.0/後+2.5) 勝年5/5 α-t+1.9 稼働0.30 コスト2倍t+3.1 上3除t+2.7
  US500Cash|RSI14>70逆張り|H4|hold2|売             日 722 回  610 年率  +0.4% PF1.05 t+0.34(前+0.1/後+0.4) 勝年6/15 α-t+1.8 稼働0.12 コスト2倍t-0.0 上3除t-0.4
  US500Cash|BB上抜け逆張り|H4|hold5|売                日 952 回  764 年率  +0.1% PF1.01 t+0.09(前-0.3/後+0.3) 勝年7/15 α-t+1.8 稼働0.15 コスト2倍t-0.3 上3除t-0.5
  US500Cash|RSI2<20逆張り|D1|hold5|買              日2243 回  486 年率 +12.9% PF1.29 t+3.70(前+2.8/後+2.6) 勝年14/16 α-t+1.8 稼働0.49 コスト2倍t+3.6 上3除t+3.3
  XAUEUR.|BB上抜け順張り|H4|hold5|買                  日 326 回  296 年率  +8.4% PF1.62 t+2.67(前+1.3/後+2.3) 勝年4/5 α-t+1.8 稼働0.17 コスト2倍t+2.4 上3除t+2.1
  US500Cash|急騰2ATRフェード|H4|hold10|売             日 523 回  318 年率  +0.4% PF1.07 t+0.43(前+0.5/後+0.2) 勝年6/16 α-t+1.7 稼働0.09 コスト2倍t+0.2 上3除t-0.4

== SMMA vs SMA/EMA (全銘柄MAセル平均t) ==
      cells  t_mean  t_max  ann_mean  plus
ma                                        
EMA     321   -0.54   2.89     -4.85  0.38
SMA     321   -0.52   2.87     -4.35  0.39
SMMA    318   -0.34   3.35     -3.08  0.42
