
===== USDTRY. spec spread0.092% swapL-6665.87pt(=-0.137%/夜) 年別バーspread中央値%: 2016:nan 2017:0.016 2018:0.041 2019:0.068 2020:0.122 2021:0.232 2022:0.121 2023:0.094 2024:0.133 2025:0.121 2026:0.098
  09→18時 全: n=2675 回-0.019% t=-1.69 勝5/11 前+0.011 後-0.043 合計-50% 最悪-5.81%(2018-08-14) 最良+7.44%
         prev>0: n=1987 回-0.004% t=-0.28 勝6/11 前+0.015 後-0.015 合計-7% 最悪-5.81%(2018-08-14) 最良+7.44%
         上位3日除去: 合計-71% t=-2.62  年別: 2016:-7 2017:+15 2018:+3 2019:+3 2020:-1 2021:-30 2022:+19 2023:+12 2024:-30 2025:-21 2026:-13
  14→18時 全: n=2680 回-0.011% t=-1.04 勝6/11 前+0.011 後-0.029 合計-29% 最悪-6.04%(2018-08-15) 最良+7.05%
         prev>0: n=1918 回+0.012% t=+0.94 勝7/11 前+0.027 後+0.002 合計+22% 最悪-5.26%(2018-08-14) 最良+7.05%
         上位3日除去: 合計-47% t=-1.83  年別: 2016:-18 2017:+18 2018:+3 2019:+7 2020:+4 2021:-33 2022:+28 2023:+13 2024:-21 2025:-15 2026:-15
  10→18時 全: n=2677 回-0.032% t=-2.91 勝3/11 前-0.005 後-0.053 合計-85% 最悪-5.04%(2018-08-14) 最良+7.12%
         prev>0: n=1934 回-0.010% t=-0.77 勝5/11 前+0.013 後-0.024 合計-19% 最悪-4.51%(2021-12-23) 最良+7.12%
         上位3日除去: 合計-106% t=-3.97  年別: 2016:-12 2017:+12 2018:-0 2019:-1 2020:-5 2021:-32 2022:+15 2023:+8 2024:-31 2025:-23 2026:-16
  15→18時 全: n=2684 回-0.009% t=-0.89 勝6/11 前+0.017 後-0.030 合計-24% 最悪-4.68%(2021-11-24) 最良+11.30%
         prev>0: n=1873 回+0.005% t=+0.42 勝7/11 前+0.027 後-0.009 合計+10% 最悪-4.68%(2021-11-24) 最良+11.30%
         上位3日除去: 合計-49% t=-2.13  年別: 2016:-13 2017:+12 2018:+11 2019:+6 2020:+4 2021:-21 2022:+16 2023:+12 2024:-19 2025:-18 2026:-16
  09→14時 全: n=2675 回-0.137% t=-30.12 勝0/11 前-0.102 後-0.166 合計-368% 最悪-1.85%(2018-08-13) 最良+3.35%
         prev>0: n=1705 回-0.135% t=-22.73 勝0/11 前-0.096 後-0.160 合計-230% 最悪-1.85%(2018-08-13) 最良+3.35%
         上位3日除去: 合計-376% t=-34.27  年別: 2016:-7 2017:-11 2018:-34 2019:-23 2020:-48 2021:-65 2022:-44 2023:-31 2024:-47 2025:-40 2026:-16
  1時間グロス%×100 (時刻: 16-20/23-26): 0:-1.8/-0.4 1:-1.5/-1.3 2:-1.6/-1.1 3:-0.2/-0.6 4:-0.5/-0.4 5:-4.7/-11.2 6:-0.0/+5.6 7:+4.1/+6.7 8:+2.8/+4.4 9:+2.0/+2.0 10:+0.6/+1.1 11:+0.5/+0.1 12:-0.3/+0.1 13:-0.2/+1.1 14:+1.0/+2.7 15:+5.1/+3.2 16:+3.5/+2.3 17:+1.7/+0.4 18:+0.3/-0.1 19:-1.0/-0.9 20:-1.7/-0.0 21:-0.6/-0.9 22:+0.3/-0.8 23:+0.5/+0.1
  9→18 グロス分位 1%:-1.11 5%:-0.48 50%:+0.09 95%:+0.87 99%:+2.05  -3%以下の日数3  -5%以下1

===== EURTRY. spec spread0.045% swapL-6562.17pt(=-0.117%/夜) 年別バーspread中央値%: 2016:nan 2017:0.035 2018:0.053 2019:0.076 2020:0.148 2021:0.163 2022:0.215 2023:0.151 2024:0.208 2025:0.177 2026:0.144
  09→18時 全: n=2659 回-0.054% t=-4.77 勝2/11 前+0.000 後-0.100 合計-145% 最悪-5.88%(2018-08-14) 最良+7.00%
         prev>0: n=1797 回-0.038% t=-2.59 勝4/11 前+0.010 後-0.073 合計-68% 最悪-5.88%(2018-08-14) 最良+7.00%
         上位3日除去: 合計-165% t=-5.89  年別: 2016:-11 2017:+13 2018:+3 2019:-0 2020:-5 2021:-25 2022:-11 2023:-8 2024:-49 2025:-31 2026:-22
  14→18時 全: n=2672 回-0.051% t=-4.81 勝2/11 前-0.017 後-0.079 合計-137% 最悪-5.93%(2018-08-15) 最良+7.43%
         prev>0: n=1734 回-0.032% t=-2.51 勝4/11 前-0.006 後-0.051 合計-55% 最悪-5.35%(2018-08-14) 最良+6.42%
         上位3日除去: 合計-155% t=-5.88  年別: 2016:-23 2017:+13 2018:-3 2019:-3 2020:-5 2021:-28 2022:+3 2023:-8 2024:-37 2025:-23 2026:-23
  10→18時 全: n=2665 回-0.077% t=-6.86 勝1/11 前-0.018 後-0.126 合計-205% 最悪-5.27%(2021-12-23) 最良+7.42%
         prev>0: n=1747 回-0.051% t=-3.60 勝4/11 前+0.011 後-0.096 合計-89% 最悪-3.27%(2018-08-31) 最良+7.42%
         上位3日除去: 合計-225% t=-8.21  年別: 2016:-13 2017:+11 2018:-4 2019:-6 2020:-8 2021:-31 2022:-18 2023:-17 2024:-55 2025:-36 2026:-28
  15→18時 全: n=2682 回-0.023% t=-2.28 勝6/11 前-0.001 後-0.041 合計-62% 最悪-4.61%(2021-11-24) 最良+8.20%
         prev>0: n=1703 回-0.010% t=-0.76 勝7/11 前+0.005 後-0.022 合計-18% 最悪-4.61%(2021-11-24) 最良+8.20%
         上位3日除去: 合計-84% t=-3.49  年別: 2016:-17 2017:+8 2018:+7 2019:+0 2020:+2 2021:-12 2022:+15 2023:+8 2024:-32 2025:-20 2026:-20
  09→14時 全: n=2657 回-0.193% t=-34.75 勝0/11 前-0.107 後-0.265 合計-514% 最悪-1.99%(2018-08-13) 最良+4.46%
         prev>0: n=1603 回-0.189% t=-24.99 勝0/11 前-0.107 後-0.254 合計-303% 最悪-1.99%(2018-08-13) 最良+4.46%
         上位3日除去: 合計-523% t=-38.57  年別: 2016:-12 2017:-14 2018:-28 2019:-22 2020:-52 2021:-59 2022:-95 2023:-62 2024:-77 2025:-63 2026:-29
  1時間グロス%×100 (時刻: 16-20/23-26): 0:-1.8/-1.3 1:-1.4/-2.3 2:-1.7/-1.9 3:-0.2/-0.4 4:-0.1/-0.3 5:-4.9/-12.8 6:-0.0/+3.6 7:+4.9/+9.1 8:+3.2/+3.4 9:+2.0/+3.6 10:+1.1/+1.3 11:+1.0/+0.3 12:+0.0/+0.2 13:-0.6/+0.8 14:+0.6/+3.1 15:+4.3/+5.4 16:+3.8/+3.5 17:+2.0/+1.0 18:+0.0/-0.2 19:-1.1/-1.0 20:-2.4/-0.4 21:-0.3/-0.8 22:-0.1/-1.1 23:+0.4/+0.8
  9→18 グロス分位 1%:-1.06 5%:-0.52 50%:+0.14 95%:+0.97 99%:+2.03  -3%以下の日数3  -5%以下1

===== USDTRY spec spread0.108% swapL-6665.87pt(=-0.137%/夜) 年別バーspread中央値%: 2016:0.034 2017:0.040 2018:0.057 2019:0.105 2020:0.145 2021:0.246 2022:0.128 2023:0.101 2024:0.161 2025:0.139 2026:0.114
  09→18時 全: n=2675 回-0.037% t=-3.29 勝4/11 前-0.003 後-0.064 合計-98% 最悪-5.81%(2018-08-14) 最良+7.45%
         prev>0: n=1989 回-0.023% t=-1.74 勝7/11 前+0.001 後-0.037 合計-45% 最悪-5.81%(2018-08-14) 最良+7.45%
         上位3日除去: 合計-119% t=-4.37  年別: 2016:+2 2017:+10 2018:-1 2019:-6 2020:-7 2021:-34 2022:+18 2023:+3 2024:-41 2025:-26 2026:-15
  14→18時 全: n=2680 回-0.027% t=-2.56 勝3/11 前+0.002 後-0.050 合計-71% 最悪-6.04%(2018-08-15) 最良+7.04%
         prev>0: n=1919 回-0.006% t=-0.49 勝7/11 前+0.016 後-0.020 合計-12% 最悪-5.26%(2018-08-14) 最良+7.04%
         上位3日除去: 合計-90% t=-3.47  年別: 2016:-6 2017:+15 2018:-1 2019:-3 2020:-2 2021:-36 2022:+26 2023:+4 2024:-31 2025:-20 2026:-17
  10→18時 全: n=2677 回-0.049% t=-4.49 勝2/11 前-0.017 後-0.075 合計-131% 最悪-5.04%(2018-08-14) 最良+7.12%
         prev>0: n=1936 回-0.029% t=-2.26 勝3/11 前-0.000 後-0.046 合計-56% 最悪-4.52%(2021-12-23) 最良+7.12%
         上位3日除去: 合計-152% t=-5.70  年別: 2016:-2 2017:+8 2018:-4 2019:-11 2020:-11 2021:-35 2022:+14 2023:-1 2024:-41 2025:-27 2026:-19
  15→18時 全: n=2684 回-0.024% t=-2.37 勝4/11 前+0.008 後-0.051 合計-65% 最悪-4.69%(2021-11-24) 最良+11.29%
         prev>0: n=1875 回-0.011% t=-0.85 勝6/11 前+0.017 後-0.029 合計-21% 最悪-4.69%(2021-11-24) 最良+11.29%
         上位3日除去: 合計-89% t=-3.88  年別: 2016:-0 2017:+10 2018:+7 2019:-4 2020:-2 2021:-23 2022:+15 2023:+4 2024:-29 2025:-22 2026:-19
  09→14時 全: n=2675 回-0.155% t=-33.75 勝1/11 前-0.116 後-0.188 合計-416% 最悪-1.86%(2019-01-03) 最良+3.42%
         prev>0: n=1709 回-0.154% t=-25.72 勝1/11 前-0.108 後-0.184 合計-264% 最悪-1.86%(2019-01-03) 最良+3.42%
         上位3日除去: 合計-425% t=-38.41  年別: 2016:+2 2017:-16 2018:-38 2019:-33 2020:-54 2021:-69 2022:-46 2023:-40 2024:-58 2025:-44 2026:-19
  1時間グロス%×100 (時刻: 16-20/23-26): 0:-1.8/-0.4 1:-1.5/-1.3 2:-1.6/-1.1 3:-0.2/-0.6 4:-0.5/-0.4 5:-4.6/-11.2 6:-0.0/+5.5 7:+4.0/+6.7 8:+2.8/+4.4 9:+2.0/+2.0 10:+0.6/+1.1 11:+0.5/+0.1 12:-0.3/+0.1 13:-0.2/+1.1 14:+1.0/+2.7 15:+5.1/+3.2 16:+3.5/+2.3 17:+1.7/+0.4 18:+0.3/-0.1 19:-0.8/-0.9 20:-1.9/-0.0 21:-0.6/-0.9 22:+0.4/-0.8 23:+0.5/+0.1
  9→18 グロス分位 1%:-1.11 5%:-0.48 50%:+0.09 95%:+0.87 99%:+2.05  -3%以下の日数3  -5%以下1
