銘柄 68 _xm_stocks_h1.pkl
日数 234837 銘柄 68 地域 {'US': 142621, 'EU': 92216} スプレッド中央% 0.267

===== US (41銘柄・142621日) =====
-- ギャップアップ寄り売り→引け買戻し(日中・スワップ無し) --
  GU≥2% 寄り空売り→引け                               n=  4680 回-0.491% t=-13.50 前-0.384(t-6.8) 後-0.538(t-11.7) 勝0/15 上3除t-14.47
  GU≥3% 寄り空売り→引け                               n=  2003 回-0.543% t=-8.16 前-0.328(t-3.1) 後-0.628(t-7.6) 勝1/15 上3除t-9.01
  GU≥5% 寄り空売り→引け                               n=   656 回-0.747% t=-5.58 前-0.600(t-2.9) 後-0.808(t-4.8) 勝0/15 上3除t-6.53
  GU≥8% 寄り空売り→引け                               n=   223 回-0.671% t=-3.07 前-0.680(t-1.8) 後-0.667(t-2.5) 勝5/15 上3除t-4.08
-- ギャップダウン寄り買い→引け --
  GD≤-2% 寄り買い→引け                               n=  4750 回-0.226% t=-6.04 前+0.017(t+0.3) 後-0.342(t-7.0) 勝3/15 上3除t-7.17
  GD≤-3% 寄り買い→引け                               n=  2051 回-0.270% t=-4.05 前-0.027(t-0.3) 後-0.373(t-4.4) 勝4/15 上3除t-5.35
  GD≤-5% 寄り買い→引け                               n=   680 回-0.565% t=-4.05 前-0.107(t-0.6) 後-0.735(t-4.1) 勝2/15 上3除t-4.88
  GD≤-8% 寄り買い→引け                               n=   220 回-0.971% t=-3.20 前-0.093(t-0.2) 後-1.256(t-3.4) 勝3/15 上3除t-3.62
-- 急落日の引け買い→翌寄り(1泊)/翌引け --
  当日≤-3% 引け買い→翌寄り                              n=  5607 回-0.357% t=-11.86 前-0.241(t-5.4) 後-0.410(t-10.5) 勝1/15 上3除t-14.44
  当日≤-3% 引け買い→翌引け                              n=  5607 回-0.071% t=-1.57 前-0.136(t-2.2) 後-0.042(t-0.7) 勝5/15 上3除t-3.22
  当日≤-5% 引け買い→翌寄り                              n=  1593 回-0.298% t=-4.08 前-0.187(t-1.7) 後-0.337(t-3.7) 勝4/15 上3除t-7.25
  当日≤-5% 引け買い→翌引け                              n=  1593 回+0.267% t=+2.43 前+0.060(t+0.4) 後+0.341(t+2.5) 勝8/15 上3除t-0.97
  当日≤-8% 引け買い→翌寄り                              n=   396 回+0.174% t=+1.02 前-0.191(t-0.6) 後+0.283(t+1.4) 勝5/15 上3除t-2.56
  当日≤-8% 引け買い→翌引け                              n=   396 回+1.093% t=+4.14 前-0.466(t-1.2) 後+1.558(t+4.9) 勝3/15 上3除t+0.75
  当日≤-12% 引け買い→翌寄り                             n=   115 回+0.583% t=+1.52 前+0.970(t+0.9) 後+0.501(t+1.2) 勝6/15 上3除t-0.46
  当日≤-12% 引け買い→翌引け                             n=   115 回+1.889% t=+3.13 前+0.025(t+0.0) 後+2.281(t+3.5) 勝10/15 上3除t+1.66
-- 急騰日の引け売り→翌寄り --
  当日≥+3% 引け空売り→翌寄り                             n=  5880 回-0.364% t=-12.10 前-0.388(t-8.1) 後-0.355(t-9.4) 勝1/15 上3除t-16.22
  当日≥+5% 引け空売り→翌寄り                             n=  1746 回-0.293% t=-3.88 前-0.539(t-3.8) 後-0.208(t-2.4) 勝3/15 上3除t-7.71
  当日≥+8% 引け空売り→翌寄り                             n=   534 回-0.047% t=-0.26 前-0.569(t-2.4) 後+0.115(t+0.5) 勝6/15 上3除t-4.35
  当日≥+12% 引け空売り→翌寄り                            n=   166 回-0.405% t=-1.06 前-1.282(t-2.3) 後-0.089(t-0.2) 勝5/15 上3除t-3.61
-- 3日累計急落の引け買い→翌引け --
  3日≤-8% 引け買い→翌引け                              n=  1902 回+0.132% t=+1.31 前+0.155(t+1.1) 後+0.123(t+1.0) 勝10/15 上3除t-1.33
  3日≤-12% 引け買い→翌引け                             n=   517 回+0.604% t=+2.47 前+0.479(t+1.3) 後+0.634(t+2.2) 勝10/15 上3除t+0.40
  3日≤-20% 引け買い→翌引け                             n=    64 回+0.564% t=+0.59 前+0.529(t+nan) 後+0.569(t+0.5) 勝5/10 上3除t-0.87
-- 夜(引け→翌寄り)の無条件/日中条件付き --
  全夜 買い                                        n=142580 回-0.272% t=-79.12 前-0.230(t-56.2) 後-0.311(t-57.3) 勝0/15 上3除t-79.89
  日中≤-1%の夜 買い                                  n= 22401 回-0.314% t=-28.24 前-0.206(t-12.9) 後-0.377(t-25.2) 勝0/15 上3除t-28.80
  日中≤-2%の夜 買い                                  n=  7694 回-0.365% t=-15.51 前-0.210(t-5.6) 後-0.439(t-14.8) 勝0/15 上3除t-16.13
  日中≤-4%の夜 買い                                  n=  1247 回-0.414% t=-5.05 前-0.145(t-1.1) 後-0.509(t-5.1) 勝2/15 上3除t-7.08
  日中≥+1%の夜 売り                                  n= 25230 回-0.323% t=-31.34 前-0.253(t-18.1) 後-0.369(t-25.7) 勝0/15 上3除t-32.06
  日中≥+2%の夜 売り                                  n=  8085 回-0.407% t=-17.08 前-0.364(t-9.2) 後-0.427(t-14.4) 勝0/15 上3除t-17.94
  日中≥+4%の夜 売り                                  n=  1341 回-0.456% t=-5.27 前-0.504(t-2.7) 後-0.441(t-4.5) 勝3/15 上3除t-8.43
-- 日中(寄り→引け)の無条件 --
  全日 寄り買い→引け                                   n=142621 回-0.206% t=-55.44 前-0.146(t-33.0) 後-0.263(t-44.6) 勝0/15 上3除t-57.27
  全日 寄り売り→引け                                   n=142621 回-0.311% t=-83.40 前-0.272(t-61.6) 後-0.348(t-58.8) 勝0/15 上3除t-83.88

===== EU (27銘柄・92216日) =====
-- ギャップアップ寄り売り→引け買戻し(日中・スワップ無し) --
  GU≥2% 寄り空売り→引け                               n=  2333 回-0.640% t=-12.12 前-0.748(t-9.7) 後-0.585(t-8.4) 勝0/15 上3除t-14.18
  GU≥3% 寄り空売り→引け                               n=   871 回-0.577% t=-5.35 前-0.918(t-5.8) 後-0.439(t-3.2) 勝1/15 上3除t-7.62
  GU≥5% 寄り空売り→引け                               n=   225 回+0.191% t=+0.71 前-0.908(t-1.9) 後+0.466(t+1.5) 勝6/15 上3除t-2.02
  GU≥8% 寄り空売り→引け                               n=    41 回+2.116% t=+2.97 前-0.124(t+nan) 後+2.172(t+3.0) 勝5/7 上3除t+0.11
-- ギャップダウン寄り買い→引け --
  GD≤-2% 寄り買い→引け                               n=  2820 回-0.305% t=-6.42 前+0.085(t+1.3) 後-0.517(t-8.2) 勝4/15 上3除t-8.12
  GD≤-3% 寄り買い→引け                               n=  1167 回-0.331% t=-3.61 前+0.299(t+2.3) 後-0.635(t-5.3) 勝5/15 上3除t-6.04
  GD≤-5% 寄り買い→引け                               n=   280 回+0.085% t=+0.32 前+1.583(t+3.7) 後-0.307(t-1.0) 勝8/14 上3除t-2.75
  GD≤-8% 寄り買い→引け                               n=    73 回+0.998% t=+1.32 前+1.866(t+2.0) 後+0.671(t+0.7) 勝5/13 上3除t-1.88
-- 急落日の引け買い→翌寄り(1泊)/翌引け --
  当日≤-3% 引け買い→翌寄り                              n=  3382 回-0.532% t=-14.44 前-0.387(t-9.4) 後-0.613(t-11.7) 勝0/15 上3除t-16.47
  当日≤-3% 引け買い→翌引け                              n=  3382 回-0.530% t=-10.78 前-0.301(t-4.0) 後-0.657(t-10.3) 勝0/15 上3除t-11.42
  当日≤-5% 引け買い→翌寄り                              n=   776 回-0.322% t=-3.03 前-0.291(t-2.4) 後-0.332(t-2.4) 勝3/15 上3除t-4.44
  当日≤-5% 引け買い→翌引け                              n=   776 回-0.575% t=-4.32 前-0.424(t-1.5) 後-0.626(t-4.1) 勝2/15 上3除t-5.14
  当日≤-8% 引け買い→翌寄り                              n=   152 回+0.255% t=+1.00 前-0.166(t-0.4) 後+0.367(t+1.2) 勝5/14 上3除t-2.27
  当日≤-8% 引け買い→翌引け                              n=   152 回-0.851% t=-2.29 前-1.371(t-1.4) 後-0.712(t-1.8) 勝4/14 上3除t-4.09
  当日≤-12% 引け買い→翌寄り                             n=    43 回+1.011% t=+2.33 前-0.179(t+nan) 後+1.326(t+2.7) 勝5/11 上3除t+0.46
  当日≤-12% 引け買い→翌引け                             n=    43 回-0.152% t=-0.16 前-3.289(t+nan) 後+0.679(t+0.7) 勝5/11 上3除t-1.82
-- 急騰日の引け売り→翌寄り --
  当日≥+3% 引け空売り→翌寄り                             n=  3446 回-0.621% t=-20.33 前-0.497(t-12.6) 後-0.691(t-16.4) 勝0/15 上3除t-22.14
  当日≥+5% 引け空売り→翌寄り                             n=   821 回-0.746% t=-7.72 前-0.494(t-3.5) 後-0.848(t-6.9) 勝0/15 上3除t-9.52
  当日≥+8% 引け空売り→翌寄り                             n=   184 回-0.972% t=-4.49 前-0.889(t-2.7) 後-0.999(t-3.8) 勝1/15 上3除t-6.86
  当日≥+12% 引け空売り→翌寄り                            n=    37 回-0.959% t=-1.47 前+0.317(t+nan) 後-1.206(t-1.7) 勝2/9 上3除t-4.28
-- 3日累計急落の引け買い→翌引け --
  3日≤-8% 引け買い→翌引け                              n=   965 回-0.645% t=-4.98 前+0.000(t+0.0) 後-0.853(t-5.7) 勝4/15 上3除t-5.51
  3日≤-12% 引け買い→翌引け                             n=   267 回-1.097% t=-3.40 前-0.704(t-1.1) 後-1.201(t-3.2) 勝5/14 上3除t-4.19
  3日≤-20% 引け買い→翌引け                             n=    40 回-0.000% t=-0.00 前-1.263(t+nan) 後+0.315(t+0.3) 勝4/8 上3除t-1.54
-- 夜(引け→翌寄り)の無条件/日中条件付き --
  全夜 買い                                        n= 92189 回-0.521% t=-136.87 前-0.451(t-97.9) 後-0.584(t-98.6) 勝0/15 上3除t-140.27
  日中≤-1%の夜 買い                                  n= 15611 回-0.573% t=-49.21 前-0.431(t-31.8) 後-0.679(t-38.7) 勝0/15 上3除t-51.15
  日中≤-2%の夜 買い                                  n=  4972 回-0.626% t=-24.23 前-0.423(t-14.4) 後-0.748(t-20.1) 勝0/15 上3除t-25.88
  日中≤-4%の夜 買い                                  n=   708 回-0.775% t=-7.01 前-0.248(t-2.1) 後-0.976(t-6.7) 勝2/15 上3除t-8.78
  日中≥+1%の夜 売り                                  n= 17608 回-0.520% t=-53.03 前-0.367(t-28.7) 後-0.640(t-45.0) 勝0/15 上3除t-55.22
  日中≥+2%の夜 売り                                  n=  5535 回-0.615% t=-28.20 前-0.394(t-13.7) 後-0.762(t-24.9) 勝1/15 上3除t-30.01
  日中≥+4%の夜 売り                                  n=   773 回-1.001% t=-12.11 前-0.478(t-3.4) 後-1.260(t-12.6) 勝1/15 上3除t-14.07
-- 日中(寄り→引け)の無条件 --
  全日 寄り買い→引け                                   n= 92216 回-0.421% t=-89.77 前-0.332(t-54.6) 後-0.503(t-71.5) 勝0/15 上3除t-90.87
  全日 寄り売り→引け                                   n= 92216 回-0.532% t=-113.14 前-0.461(t-75.9) 後-0.597(t-84.4) 勝0/15 上3除t-113.87
