銘柄 902 _xm_stocks_all_daily.pkl
日数 2463266 銘柄 902 地域 {'EU': 1536632, 'US': 922671, 'Brazil': 3963} スプレッド中央% 0.636

===== US (328銘柄・922671日) =====
-- ギャップアップ寄り売り→引け買戻し(日中・スワップ無し) --
  GU≥2% 寄り空売り→引け                               n= 41908 回-0.952% t=-54.73 前-0.499(t-17.1) 後-1.060(t-52.1) 勝0/15 上3除t-54.39
  GU≥3% 寄り空売り→引け                               n= 19511 回-1.043% t=-33.43 前-0.547(t-9.8) 後-1.139(t-32.0) 勝0/15 上3除t-32.49
  GU≥5% 寄り空売り→引け                               n=  6631 回-1.207% t=-18.14 前-0.779(t-6.5) 後-1.284(t-17.0) 勝0/15 上3除t-18.42
  GU≥8% 寄り空売り→引け                               n=  2157 回-1.225% t=-8.20 前-0.958(t-4.7) 後-1.279(t-7.3) 勝0/15 上3除t-8.62
-- ギャップダウン寄り買い→引け --
  GD≤-2% 寄り買い→引け                               n= 46333 回-0.698% t=-44.29 前-0.251(t-8.9) 後-0.804(t-44.0) 勝0/15 上3除t-44.73
  GD≤-3% 寄り買い→引け                               n= 20692 回-0.757% t=-26.69 前-0.242(t-4.6) 後-0.864(t-26.6) 勝1/15 上3除t-27.43
  GD≤-5% 寄り買い→引け                               n=  6680 回-1.024% t=-16.13 前-0.173(t-1.5) 後-1.197(t-16.5) 勝1/15 上3除t-16.21
  GD≤-8% 寄り買い→引け                               n=  2242 回-1.480% t=-10.83 前-0.193(t-0.8) 後-1.739(t-11.1) 勝2/15 上3除t-10.96
-- 急落日の引け買い→翌寄り(1泊)/翌引け --
  当日≤-3% 引け買い→翌寄り                              n= 55397 回-0.990% t=-79.42 前-0.506(t-30.4) 後-1.140(t-73.9) 勝0/15 上3除t-81.35
  当日≤-3% 引け買い→翌引け                              n= 55397 回-0.797% t=-42.88 前-0.508(t-20.0) 後-0.887(t-38.5) 勝0/15 上3除t-46.23
  当日≤-5% 引け買い→翌寄り                              n= 17729 回-1.129% t=-39.27 前-0.505(t-14.0) 後-1.278(t-37.1) 勝0/15 上3除t-40.70
  当日≤-5% 引け買い→翌引け                              n= 17729 回-0.801% t=-18.26 前-0.546(t-9.4) 後-0.862(t-16.4) 勝1/15 上3除t-21.60
  当日≤-8% 引け買い→翌寄り                              n=  4994 回-1.038% t=-14.26 前-0.577(t-6.4) 後-1.120(t-13.3) 勝0/15 上3除t-15.59
  当日≤-8% 引け買い→翌引け                              n=  4994 回-0.413% t=-3.58 前-0.679(t-4.6) 後-0.366(t-2.7) 勝2/15 上3除t-6.32
  当日≤-12% 引け買い→翌寄り                             n=  1579 回-0.809% t=-4.84 前-0.574(t-3.0) 後-0.847(t-4.4) 勝2/15 上3除t-9.53
  当日≤-12% 引け買い→翌引け                             n=  1579 回+0.098% t=+0.35 前-0.596(t-2.1) 後+0.211(t+0.7) 勝3/15 上3除t-1.73
-- 急騰日の引け売り→翌寄り --
  当日≥+3% 引け空売り→翌寄り                             n= 56625 回-0.776% t=-62.88 前-0.501(t-31.1) 後-0.852(t-56.4) 勝0/15 上3除t-71.15
  当日≥+5% 引け空売り→翌寄り                             n= 18933 回-0.868% t=-29.74 前-0.556(t-14.1) 後-0.931(t-27.3) 勝0/15 上3除t-37.38
  当日≥+8% 引け空売り→翌寄り                             n=  5978 回-0.971% t=-12.99 前-0.457(t-5.2) 後-1.052(t-12.3) 勝1/15 上3除t-19.13
  当日≥+12% 引け空売り→翌寄り                            n=  2026 回-1.401% t=-7.97 前-0.486(t-3.1) 後-1.548(t-7.6) 勝2/15 上3除t-11.18
-- 3日累計急落の引け買い→翌引け --
  3日≤-8% 引け買い→翌引け                              n= 21970 回-0.904% t=-13.11 前-0.345(t-6.5) 後-1.040(t-12.3) 勝0/15 上3除t-28.20
  3日≤-12% 引け買い→翌引け                             n=  7342 回-0.742% t=-3.85 前-0.521(t-4.5) 後-0.781(t-3.5) 勝1/15 上3除t-13.29
  3日≤-20% 引け買い→翌引け                             n=  1417 回+0.284% t=+0.30 前-0.639(t-2.0) 後+0.416(t+0.4) 勝5/15 上3除t-4.28
-- 夜(引け→翌寄り)の無条件/日中条件付き --
  全夜 買い                                        n=922343 回-0.664% t=-310.67 前-0.441(t-211.3) 後-0.791(t-252.9) 勝0/15 上3除t-375.33
  日中≤-1%の夜 買い                                  n=183078 回-0.792% t=-158.35 前-0.490(t-80.2) 後-0.928(t-139.0) 勝0/15 上3除t-160.56
  日中≤-2%の夜 買い                                  n= 75469 回-0.940% t=-97.51 前-0.544(t-45.3) 後-1.083(t-87.8) 勝0/15 上3除t-99.71
  日中≤-4%の夜 買い                                  n= 16198 回-1.230% t=-41.06 前-0.566(t-15.9) 後-1.408(t-38.5) 勝0/15 上3除t-42.73
  日中≥+1%の夜 売り                                  n=211614 回-0.649% t=-146.41 前-0.437(t-76.8) 後-0.742(t-126.9) 勝0/15 上3除t-152.34
  日中≥+2%の夜 売り                                  n= 83268 回-0.801% t=-89.81 前-0.497(t-42.4) 後-0.901(t-80.6) 勝0/15 上3除t-95.27
  日中≥+4%の夜 売り                                  n= 17866 回-1.143% t=-39.30 前-0.551(t-13.7) 後-1.267(t-37.2) 勝0/15 上3除t-43.62
-- 日中(寄り→引け)の無条件 --
  全日 寄り買い→引け                                   n=922671 回-0.535% t=-267.51 前-0.358(t-140.7) 後-0.637(t-229.0) 勝0/15 上3除t-268.90
  全日 寄り売り→引け                                   n=922671 回-0.701% t=-347.01 前-0.456(t-180.1) 後-0.842(t-299.3) 勝0/15 上3除t-347.51

===== EU (572銘柄・1536632日) =====
-- ギャップアップ寄り売り→引け買戻し(日中・スワップ無し) --
  GU≥2% 寄り空売り→引け                               n= 51856 回-1.022% t=-60.88 前-0.732(t-27.0) 後-1.100(t-55.0) 勝0/15 上3除t-61.40
  GU≥3% 寄り空売り→引け                               n= 21931 回-0.993% t=-30.24 前-0.660(t-12.2) 後-1.068(t-27.9) 勝0/15 上3除t-30.51
  GU≥5% 寄り空売り→引け                               n=  6711 回-0.840% t=-10.82 前-0.894(t-6.2) 後-0.830(t-9.5) 勝2/15 上3除t-11.33
  GU≥8% 寄り空売り→引け                               n=  1857 回-0.560% t=-2.73 前-0.925(t-2.4) 後-0.503(t-2.2) 勝5/15 上3除t-3.19
-- ギャップダウン寄り買い→引け --
  GD≤-2% 寄り買い→引け                               n= 62553 回-0.245% t=-0.82 前-0.142(t-5.4) 後-0.273(t-0.7) 勝5/15 上3除t-46.16
  GD≤-3% 寄り買い→引け                               n= 26880 回+0.314% t=+0.45 前+0.043(t+0.8) 後+0.385(t+0.4) 勝8/15 上3除t-23.62
  GD≤-5% 寄り買い→引け                               n=  8175 回+2.561% t=+1.12 前+0.536(t+4.0) 後+3.026(t+1.1) 勝7/15 上3除t-8.89
  GD≤-8% 寄り買い→引け                               n=  2442 回+10.326% t=+1.35 前+1.185(t+4.0) 後+12.885(t+1.3) 勝7/15 上3除t-2.07
-- 急落日の引け買い→翌寄り(1泊)/翌引け --
  当日≤-3% 引け買い→翌寄り                              n= 79512 回-0.779% t=-4.33 前-0.573(t-12.1) 後-0.850(t-3.5) 勝2/15 上3除t-65.55
  当日≤-3% 引け買い→翌引け                              n= 79512 回-0.816% t=-4.44 前-0.611(t-12.0) 後-0.886(t-3.6) 勝1/15 上3除t-58.81
  当日≤-5% 引け買い→翌寄り                              n= 23047 回-0.139% t=-0.22 前-0.440(t-2.3) 後-0.056(t-0.1) 勝3/15 上3除t-21.88
  当日≤-5% 引け買い→翌引け                              n= 23047 回-0.271% t=-0.43 前-0.633(t-3.2) 後-0.170(t-0.2) 勝3/15 上3除t-22.69
  当日≤-8% 引け買い→翌寄り                              n=  6000 回+2.524% t=+1.06 前-0.032(t-0.0) 後+3.139(t+1.1) 勝4/15 上3除t-5.76
  当日≤-8% 引け買い→翌引け                              n=  6000 回+2.066% t=+0.85 前-0.924(t-1.1) 後+2.785(t+0.9) 勝3/15 上3除t-8.44
  当日≤-12% 引け買い→翌寄り                             n=  1943 回+9.739% t=+1.33 前+1.189(t+0.5) 後+11.657(t+1.3) 勝4/15 上3除t-2.14
  当日≤-12% 引け買い→翌引け                             n=  1943 回+9.194% t=+1.23 前-0.160(t-0.1) 後+11.293(t+1.2) 勝4/15 上3除t-3.53
-- 急騰日の引け売り→翌寄り --
  当日≥+3% 引け空売り→翌寄り                             n= 80046 回-1.013% t=-115.23 前-0.748(t-55.5) 後-1.104(t-101.8) 勝0/15 上3除t-115.91
  当日≥+5% 引け空売り→翌寄り                             n= 23203 回-1.275% t=-56.12 前-0.884(t-21.9) 後-1.378(t-51.8) 勝0/15 上3除t-57.59
  当日≥+8% 引け空売り→翌寄り                             n=  6223 回-1.724% t=-28.43 前-1.062(t-12.2) 後-1.862(t-26.3) 勝0/15 上3除t-29.19
  当日≥+12% 引け空売り→翌寄り                            n=  1873 回-2.344% t=-17.30 前-1.736(t-8.7) 後-2.454(t-15.8) 勝0/15 上3除t-17.92
-- 3日累計急落の引け買い→翌引け --
  3日≤-8% 引け買い→翌引け                              n= 29462 回-0.633% t=-1.28 前-0.430(t-2.7) 後-0.688(t-1.1) 勝2/15 上3除t-30.43
  3日≤-12% 引け買い→翌引け                             n=  9432 回+0.519% t=+0.34 前-0.179(t-0.3) 後+0.675(t+0.4) 勝4/15 上3除t-14.07
  3日≤-20% 引け買い→翌引け                             n=  1864 回+8.758% t=+1.12 前+0.945(t+0.4) 後+10.609(t+1.1) 勝3/15 上3除t-4.86
-- 夜(引け→翌寄り)の無条件/日中条件付き --
  全夜 買い                                        n=1536060 回-0.903% t=-75.39 前-0.651(t-260.6) 後-1.027(t-57.7) 勝0/15 上3除t-602.21
  日中≤-1%の夜 買い                                  n=305183 回-0.865% t=-14.42 前-0.641(t-138.8) 後-0.963(t-11.2) 勝0/15 上3除t-203.41
  日中≤-2%の夜 買い                                  n=119638 回-0.789% t=-5.16 前-0.647(t-67.2) 後-0.843(t-4.0) 勝1/15 上3除t-96.61
  日中≤-4%の夜 買い                                  n= 24514 回-0.385% t=-0.66 前-0.628(t-16.2) 後-0.314(t-0.4) 勝2/15 上3除t-44.66
  日中≥+1%の夜 売り                                  n=350466 回-0.824% t=-282.66 前-0.546(t-122.6) 後-0.943(t-256.6) 勝0/15 上3除t-283.71
  日中≥+2%の夜 売り                                  n=135792 回-0.926% t=-156.37 前-0.593(t-64.8) 後-1.051(t-143.1) 勝0/15 上3除t-157.44
  日中≥+4%の夜 売り                                  n= 26609 回-1.295% t=-62.46 前-0.763(t-22.8) 後-1.457(t-58.4) 勝0/15 上3除t-64.12
-- 日中(寄り→引け)の無条件 --
  全日 寄り買い→引け                                   n=1536632 回-0.783% t=-63.66 前-0.544(t-235.9) 後-0.900(t-49.2) 勝0/15 上3除t-505.26
  全日 寄り売り→引け                                   n=1536632 回-0.962% t=-78.22 前-0.657(t-286.2) 後-1.112(t-60.8) 勝0/15 上3除t-78.16
