== ① レッグ別: 前回の結果で次の玉は変わるか (同レッグの直前トレード) ==
  金15分S($/oz)      全体 n657 平均+0.8 t+5.33 自己相関+0.085 | 前回勝ち n398 平均+1.0 t+5.33 | 前回負け n258 平均+0.6 t+2.12 | 2連敗後 n110 平均+0.5 t+1.68 | 2連勝後 n250 平均+0.9 t+3.46
  日経夜(円/lot)       全体 n1277 平均+53.1 t+4.37 自己相関-0.126 | 前回勝ち n769 平均+49.4 t+3.37 | 前回負け n507 平均+59.0 t+2.80 | 2連敗後 n184 平均+85.4 t+2.24 | 2連勝後 n446 平均+57.5 t+3.38
  US500夜(円/0.1)    全体 n1260 平均+46.4 t+2.86 自己相関+0.069 | 前回勝ち n678 平均+49.3 t+2.14 | 前回負け n581 平均+43.1 t+1.90 | 2連敗後 n263 平均+82.1 t+2.33 | 2連勝後 n359 平均+22.9 t+0.85
  GER40夜(円/0.1)    全体 n935 平均+122.1 t+2.03 自己相関+0.144 | 前回勝ち n506 平均+124.7 t+1.28 | 前回負け n428 平均+119.8 t+1.87 | 2連敗後 n204 平均+122.8 t+1.27 | 2連勝後 n282 平均+164.0 t+1.31

== ② ポートフォリオ: エクイティ連動ルールのBS (現行×1・ラダーなし・全停止2.5万) ==
  A 現行(固定×1)                   E[log]+5.09 5年中央  850.4万 下位10% 31.0 停止  0% DD中央 -54% | 1年中央 10.8 下位10% 6.7 停止  0%
  B DD>-20%で×0.5               E[log]+3.90 5年中央  284.7万 下位10% 17.5 停止  0% DD中央 -44% | 1年中央 11.2 下位10% 6.0 停止  0%
  C DD>-30%で×0.5               E[log]+4.10 5年中央  334.8万 下位10% 19.3 停止  0% DD中央 -51% | 1年中央  9.8 下位10% 6.0 停止  0%
  D DD>-20%で×0(休む)             E[log]+0.17 5年中央    5.8万 下位10%  5.0 停止  0% DD中央 -22% | 1年中央  5.8 下位10% 4.9 停止  0%
  E 2連敗で×0.5                   E[log]+4.79 5年中央  633.1万 下位10% 23.8 停止  0% DD中央 -50% | 1年中央 10.6 下位10% 6.6 停止  0%
  F 3連敗で×0.5                   E[log]+5.00 5年中央  796.0万 下位10% 26.9 停止  0% DD中央 -51% | 1年中央 10.5 下位10% 6.5 停止  0%
  G 前回負けで×0.5                  E[log]+4.66 5年中央  468.7万 下位10% 27.4 停止  0% DD中央 -34% | 1年中央 10.7 下位10% 6.5 停止  0%
  H 前回負けで×1.5(逆張り)             E[log]+4.58 5年中央  741.3万 下位10%  2.5 停止 11% DD中央 -74% | 1年中央 11.9 下位10% 6.6 停止  8%
  I 2連勝で×1.25                  E[log]+5.46 5年中央 1092.4万 下位10% 29.7 停止  0% DD中央 -56% | 1年中央 11.0 下位10% 6.7 停止  0%
  J 前回勝ちで×1.25                 E[log]+5.83 5年中央 1532.2万 下位10% 36.7 停止  0% DD中央 -59% | 1年中央  9.5 下位10% 6.8 停止  0%
  K DD<-10%で×1.25(逆張り)         E[log]+5.58 5年中央 1307.2万 下位10% 36.6 停止  0% DD中央 -61% | 1年中央 10.0 下位10% 6.6 停止  0%
  L 直近10玉合計<0で×0.5             E[log]+3.97 5年中央  260.7万 下位10% 17.5 停止  0% DD中央 -42% | 1年中央  9.7 下位10% 6.2 停止  0%
  M 直近10玉合計<0で×1.25            E[log]+5.36 5年中央 1206.5万 下位10% 36.8 停止  0% DD中央 -61% | 1年中央 10.8 下位10% 6.7 停止  0%
  N 最高値更新中だけ×1.25              E[log]+5.15 5年中央  868.8万 下位10% 29.4 停止  0% DD中央 -56% | 1年中央  9.7 下位10% 6.6 停止  0%
