== ① 10年Dukascopy・実弾と同じ計算(SL$10・コスト$0.21/oz固定) ==
窓                n  net$/oz    $/回   勝率    PF     t         前/後 勝年  年別net$/oz
AM 15分(現行)    2747   +232.7 +0.085  46%  1.15 +1.91  -3.4/ +3.3  5/11  16:-1 17:-50 18:-70 19:-68 20:+24 21:+11 22:-35 23:-35 24:+7 25:+97 26:+352
AM 10分        2748   +210.8 +0.077  45%  1.16 +2.17  -4.7/ +4.3  5/11  16:-22 17:-53 18:-67 19:-71 20:+34 21:+12 22:-24 23:-41 24:+6 25:+111 26:+324
AM 5分         2742    +77.1 +0.028  44%  1.08 +1.12  -5.8/ +3.6  4/11  16:-18 17:-47 18:-59 19:-49 20:+21 21:+2 22:-26 23:-39 24:-20 25:+72 26:+241
PM 15分        2754    -96.1 -0.035  47%  0.97 -0.43  -0.5/ -0.3  3/11  16:-9 17:-8 18:-47 19:-8 20:+34 21:-36 22:-122 23:-25 24:-88 25:+138 26:+75
PM 10分        2751    -56.1 -0.020  46%  0.98 -0.31  -1.1/ +0.1  3/11  16:-2 17:-9 18:-53 19:-36 20:+43 21:-62 22:-28 23:-25 24:-110 25:+76 26:+151
PM 5分         2748    +12.8 +0.005  47%  1.01 +0.10  -2.1/ +1.0  3/11  16:+3 17:-7 18:-43 19:-31 20:-19 21:-42 22:-25 23:-36 24:-100 25:+151 26:+162

   ゲート(直近40回平均>0.10$)込み:
   AM 15分(現行)   稼働 25% n 678 $/回+0.795 合計 +539.0 勝年6/11  16:-3 17:-1 18:+0 19:+0 20:+48 21:+12 22:-7 23:+8 24:+35 25:+95 26:+352
   AM 10分       稼働 22% n 615 $/回+0.804 合計 +494.6 勝年6/11  16:+0 17:+0 18:+0 19:+0 20:+32 21:+6 22:-5 23:-2 24:+43 25:+95 26:+324
   AM 5分        稼働 21% n 588 $/回+0.552 合計 +324.6 勝年5/11  16:+0 17:+0 18:+0 19:+0 20:+34 21:-1 22:-11 23:+1 24:+11 25:+49 26:+241
   PM 15分       稼働 31% n 841 $/回+0.044 合計  +36.6 勝年5/11  16:+10 17:+10 18:+0 19:-7 20:+47 21:-4 22:-1 23:-46 24:-9 25:+46 26:-9
   PM 10分       稼働 30% n 818 $/回+0.089 合計  +72.4 勝年6/11  16:+14 17:+5 18:-8 19:-3 20:+43 21:+1 22:-41 23:-24 24:-6 25:+25 26:+67
   PM 5分        稼働 24% n 655 $/回+0.393 合計 +257.5 勝年6/11  16:+15 17:+0 18:+0 19:-1 20:+12 21:-15 22:+2 23:-11 24:-14 25:+103 26:+166

== ② ポートフォリオ(日経/US500/GER40は現行・金列を差し替え・金2.5万円/0.01・全停止2.5万) ==
  現行 AM15分                 E[log]+5.09 5年中央  850.4万 下位10% 31.0 停止  0% DD -54% | 1年中央 10.8 下位10% 6.7
  AM10分                    E[log]+5.03 5年中央  804.8万 下位10% 30.8 停止  0% DD -54% | 1年中央 10.9 下位10% 6.4
  AM5分                     E[log]+4.63 5年中央  533.6万 下位10% 28.5 停止  0% DD -55% | 1年中央  9.1 下位10% 6.4
  PM5分だけ                   E[log]+4.39 5年中央  453.8万 下位10% 25.8 停止  0% DD -56% | 1年中央  8.5 下位10% 6.1
  AM15分+PM5分(各ゲート)         E[log]+5.66 5年中央 1596.8万 下位10% 31.3 停止  0% DD -54% | 1年中央  9.8 下位10% 6.4
  AM15分+PM15分              E[log]+5.07 5年中央  841.8万 下位10% 29.4 停止  0% DD -55% | 1年中央 10.0 下位10% 5.9
  AM5分+PM5分                E[log]+5.22 5年中央  999.9万 下位10% 29.7 停止  0% DD -56% | 1年中央  9.3 下位10% 6.2
  金サイズ1.25万での AM15分+PM5分: E[log]+7.29 5年中央 6593.9万 下位10% 34.0 停止  0% DD -53% | 1年中央 11.4 下位10% 6.6

== ③ XM口座M5(サーバー時刻-2h=ロンドン) 同窓の裏取り vs 同期間Dukascopy ==
  AM 15分(現行)   XM: n361 グロス+1.583$/oz t+5.73 勝率66% | Duka同期間: n356 グロス+1.541 t+5.57
  AM 10分       XM: n361 グロス+1.565$/oz t+7.68 勝率71% | Duka同期間: n357 グロス+1.477 t+6.91
  AM 5分        XM: n361 グロス+1.198$/oz t+8.56 勝率70% | Duka同期間: n357 グロス+1.129 t+7.53
  PM 15分       XM: n361 グロス+0.958$/oz t+1.74 勝率55% | Duka同期間: n357 グロス+0.809 t+1.70
  PM 10分       XM: n361 グロス+0.808$/oz t+1.80 勝率56% | Duka同期間: n357 グロス+0.836 t+2.04
  PM 5分        XM: n361 グロス+1.077$/oz t+3.72 勝率63% | Duka同期間: n356 グロス+1.014 t+3.53

== ④ シドニー10:00買い(0→15分)をXM M15 4年でDST分割(AEDT=10〜4月はUTC23:00=XM再開直後) ==
Traceback (most recent call last):
  File "C:\Users\星野\Documents\my-first-project\_bt_gold_fix5_0919.py", line 62, in <module>
    x=r[mk.fillna(False)].dropna(); print(f'  {lab:18s} n{len(x)} 平均{x.mean():+.4f}% t{x.mean()/x.std()*np.sqrt(len(x)):+.2f}')
        ^^^^^^^^^
AttributeError: 'numpy.ndarray' object has no attribute 'fillna'. Did you mean: 'fill'?
