== 商品/指数CFD 23本×32ルール=736セル → 生存0 ==
                      frm     n    cost     swl     sws
sym                                                    
AUS200Cash     2014-05-13  3157  0.1256 -0.0069  0.0013
BRENTCash      2017-08-29  2335  0.0000  0.0000  0.0000
CA60Cash       2020-04-30  1598  0.0878 -0.0012 -0.0002
ChinaHCash     2017-03-15  2346  0.0997 -0.0051 -0.0001
EU50Cash       2010-12-03  4012  0.0364 -0.0035 -0.0002
FRA40Cash      2011-07-08  3871  0.0404 -0.0045 -0.0003
GER40Cash      2011-07-21  3844  0.0100 -0.0130 -0.0009
GOLD.          2001-06-05  6542  0.0027 -0.0307  0.0042
GerMid50Cash   2020-04-28  1620  0.0000 -0.0175 -0.0010
GerTech30Cash  2020-04-28  1621  0.0000 -0.0022 -0.0001
HK50Cash       2010-09-24  3918  0.0564 -0.0155 -0.0003
IT40Cash       2011-09-21  3775  0.0285 -0.0288 -0.0017
JP225Cash      2010-09-09  3870  0.0122 -0.0174 -0.0058
NETH25Cash     2011-09-21  3834  0.0819 -0.0006 -0.0000
NGASCash       2017-08-29  2330  0.5608  0.0000  0.0000
OILCash        2010-08-17  4150  0.0539  0.0000  0.0000
SILVER.        2002-09-17  6204  0.0724 -0.0482  0.0076
SWI20Cash      2011-08-22  3759  0.0363 -0.0043 -0.0044
UK100Cash      2011-08-03  3833  0.0222 -0.0078  0.0008
US100Cash      2011-09-20  3862  0.0099 -0.0177  0.0020
US2000Cash     2017-08-29  2334  0.0344 -0.0020  0.0001
US30Cash       2011-08-11  3893  0.0114 -0.0322  0.0036
US500Cash      2011-08-09  3887  0.0104 -0.0046  0.0005

ルール別 平均t/最大t:
          mean   max
rule                
金曜買      -0.54  3.20
常時買       1.24  3.00
月曜買      -0.43  2.35
月初2日買     0.79  2.11
水曜買       0.61  1.95
モメ120    -0.43  1.92
MA50/200 -0.23  1.84
木曜買      -1.07  1.64
ドンチャン20  -0.84  1.61
月末2日売    -0.34  1.58
モメ250    -0.24  1.58
火曜買      -0.14  1.54
モメ20     -0.68  1.46
MA10/50  -1.05  1.46
月末2日買    -0.47  1.45
逆張z1_1日  -0.17  1.38
逆張z1_5日  -0.39  1.14
順張z1_1日  -1.74  1.07
モメ60     -0.76  0.97
逆張z1_3日  -0.40  0.85
月曜売      -1.44  0.84
金曜売      -1.51  0.68
MA20/100 -0.86  0.59
順張z1_5日  -0.87  0.57
ドンチャン55  -0.91  0.51
木曜売      -0.94  0.50
MA5/20   -0.62  0.34
順張z1_3日  -0.99  0.31
火曜売      -1.97  0.30
月初2日売    -1.54 -0.09
常時売      -1.80 -0.13
水曜売      -2.69 -0.28

t上位15:
          sym     rule    n  mean     t    ta     tb    wy    ann  cost
        GOLD.      金曜買 6542 0.020 3.202 3.038  1.404 0.846  4.988 0.003
    US500Cash      常時買 3887 0.051 2.995 2.348  1.992 0.812 12.368 0.010
    US100Cash      常時買 3862 0.057 2.742 2.076  1.911 0.812 13.651 0.010
     CA60Cash      常時買 1598 0.054 2.618 1.152  2.597 0.857 12.219 0.088
    US100Cash      月曜買 3862 0.021 2.354 0.526  2.486 0.688  5.162 0.010
   NETH25Cash      常時買 3834 0.041 2.328 1.739  1.572 0.875  9.916 0.082
    SWI20Cash    月初2日買 3759 0.011 2.114 1.464  1.525 0.625  2.530 0.036
    JP225Cash      常時買 3870 0.043 1.960 1.185  1.571 0.706  9.732 0.012
    US100Cash      水曜買 3862 0.019 1.946 1.182  1.551 0.688  4.501 0.010
     CA60Cash    モメ120 1598 0.037 1.919 1.150  1.553 0.857  8.474 0.088
     CA60Cash    月初2日買 1598 0.014 1.891 2.857 -0.209 0.714  3.165 0.088
GerTech30Cash      水曜買 1621 0.024 1.860 1.417  1.205 0.714  5.657 0.000
     CA60Cash MA50/200 1598 0.035 1.843 0.501  2.019 0.714  7.885 0.088
    UK100Cash      水曜買 3833 0.013 1.782 0.653  1.809 0.688  3.035 0.022
    GER40Cash      水曜買 3844 0.016 1.739 0.763  1.667 0.875  3.811 0.010
