load 1s  2016-07-20〜2026-09-18  IS〜2021-12-30  利回り15%超のBの日×銘柄 865

■ 基準 C1（本番: PBR≤1・PER≤10・利回り≥3%・T1・翌寄り成行・利回り順・3枠×50万・値がさ見送り・既定の出口）
   再現の確認(配当なし・10年): 実現+204.3万 323玉 PF1.71 DD-34.4  ← 本番の監査 +204.3万/323玉/PF1.71/DD-34.4万
   IS(配当なし)  +72.5万 玉 143(月2.2件・撃たない月23%) 勝率54% PF1.45 DD-34.4 月平均+1.10万 月勝率44% 最悪月 -8.0 12か月最悪 -17.8 月次シャープ0.66 上位3玉除く+24 平均保有14.0日
   OOS(配当なし) +134.1万 玉 177(月3.1件・撃たない月4%) 勝率60% PF1.94 DD-22.3 月平均+2.35万 月勝率60% 最悪月-14.7 12か月最悪 -10.3 月次シャープ1.19 上位3玉除く+99 平均保有15.4日
   10年(配当なし) +207.0万 玉 323(月2.6件・撃たない月14%) 勝率58% PF1.71 DD-34.4 月平均+1.68万 月勝率52% 最悪月-14.7 12か月最悪 -17.8 月次シャープ0.92 上位3玉除く+159 平均保有14.8日
   2026年(配当なし)  +24.5万 玉  25(月2.8件・撃たない月11%) 勝率52% PF1.93 DD-19.1 月平均+2.72万 月勝率44% 最悪月-14.7 12か月最悪  +nan 月次シャープ1.05 上位3玉除く-3 平均保有14.7日
   IS(配当込み)  +79.3万 玉 143(月2.2件・撃たない月23%) 勝率56% PF1.51 DD-30.4 月平均+1.20万 月勝率45% 最悪月 -8.0 12か月最悪 -15.1 月次シャープ0.71 上位3玉除く+29 平均保有14.0日
   OOS(配当込み) +160.4万 玉 177(月3.1件・撃たない月4%) 勝率62% PF2.31 DD-19.8 月平均+2.81万 月勝率63% 最悪月-11.7 12か月最悪  -2.7 月次シャープ1.49 上位3玉除く+125 平均保有15.4日
   10年(配当込み) +240.1万 玉 323(月2.6件・撃たない月14%) 勝率60% PF1.90 DD-30.4 月平均+1.95万 月勝率54% 最悪月-11.7 12か月最悪 -15.1 月次シャープ1.09 上位3玉除く+191 平均保有14.8日
   2026年(配当込み)  +27.4万 玉  25(月2.8件・撃たない月11%) 勝率52% PF2.14 DD-16.2 月平均+3.04万 月勝率44% 最悪月-11.7 12か月最悪  +nan 月次シャープ1.28 上位3玉除く-1 平均保有14.7日
  A PBR≤0.8・PER≤8・利回り≥2.5% 8s
  A PBR≤0.8・PER≤8・利回り≥3.0% 10s
  A PBR≤0.8・PER≤8・利回り≥3.5% 12s
  A PBR≤0.8・PER≤8・利回り≥4.0% 14s
  A PBR≤0.8・PER≤10・利回り≥2.5% 17s
  A PBR≤0.8・PER≤10・利回り≥3.0% 19s
  A PBR≤0.8・PER≤10・利回り≥3.5% 21s
  A PBR≤0.8・PER≤10・利回り≥4.0% 23s
  A PBR≤0.8・PER≤12・利回り≥2.5% 26s
  A PBR≤0.8・PER≤12・利回り≥3.0% 28s
  A PBR≤0.8・PER≤12・利回り≥3.5% 30s
  A PBR≤0.8・PER≤12・利回り≥4.0% 32s
  A PBR≤0.8・PER≤15・利回り≥2.5% 35s
  A PBR≤0.8・PER≤15・利回り≥3.0% 37s
  A PBR≤0.8・PER≤15・利回り≥3.5% 40s
  A PBR≤0.8・PER≤15・利回り≥4.0% 42s
  A PBR≤1.0・PER≤8・利回り≥2.5% 44s
  A PBR≤1.0・PER≤8・利回り≥3.0% 46s
  A PBR≤1.0・PER≤8・利回り≥3.5% 48s
  A PBR≤1.0・PER≤8・利回り≥4.0% 51s
  A PBR≤1.0・PER≤10・利回り≥2.5% 53s
  A PBR≤1.0・PER≤10・利回り≥3.0% 56s
  A PBR≤1.0・PER≤10・利回り≥3.5% 58s
  A PBR≤1.0・PER≤10・利回り≥4.0% 60s
  A PBR≤1.0・PER≤12・利回り≥2.5% 63s
  A PBR≤1.0・PER≤12・利回り≥3.0% 66s
  A PBR≤1.0・PER≤12・利回り≥3.5% 69s
  A PBR≤1.0・PER≤12・利回り≥4.0% 71s
  A PBR≤1.0・PER≤15・利回り≥2.5% 74s
  A PBR≤1.0・PER≤15・利回り≥3.0% 77s
  A PBR≤1.0・PER≤15・利回り≥3.5% 79s
  A PBR≤1.0・PER≤15・利回り≥4.0% 81s
  A PBR≤1.2・PER≤8・利回り≥2.5% 84s
  A PBR≤1.2・PER≤8・利回り≥3.0% 86s
  A PBR≤1.2・PER≤8・利回り≥3.5% 88s
  A PBR≤1.2・PER≤8・利回り≥4.0% 90s
  A PBR≤1.2・PER≤10・利回り≥2.5% 93s
  A PBR≤1.2・PER≤10・利回り≥3.0% 95s
  A PBR≤1.2・PER≤10・利回り≥3.5% 97s
  A PBR≤1.2・PER≤10・利回り≥4.0% 99s
  A PBR≤1.2・PER≤12・利回り≥2.5% 103s
  A PBR≤1.2・PER≤12・利回り≥3.0% 105s
  A PBR≤1.2・PER≤12・利回り≥3.5% 108s
  A PBR≤1.2・PER≤12・利回り≥4.0% 110s
  A PBR≤1.2・PER≤15・利回り≥2.5% 113s
  A PBR≤1.2・PER≤15・利回り≥3.0% 116s
  A PBR≤1.2・PER≤15・利回り≥3.5% 119s
  A PBR≤1.2・PER≤15・利回り≥4.0% 121s
  A 合成スコア上位5% 124s
  A 合成スコア上位10% 127s
  A 合成スコア上位15% 130s
  A 合成スコア上位20% 134s
  A 合成スコア上位30% 138s

■ 段階A（IS・3枠×50万・合成スコア順・既定の出口・配当込み）265セル。条件を満たす 177セル。隣を含めた最小シャープの上位15:
                   name      entry   n  epm  zero   win   pf  total     dd  sharpe  s_min  mwin  mworst  m12worst
PBR≤0.8・PER≤10・利回り≥2.5%      T1・成行 157 2.38 15.15 60.51 1.33  65.21 -37.53    0.53   0.52 50.00  -13.57    -27.83
PBR≤0.8・PER≤10・利回り≥4.0%     無条件・成行 237 3.59 13.64 54.43 1.41 118.86 -51.06    0.76   0.49 53.03  -17.19    -18.85
PBR≤1.0・PER≤12・利回り≥3.0%      T1・成行 164 2.48 18.18 55.49 1.58 109.43 -32.65    0.84   0.48 51.52  -13.09    -20.88
PBR≤0.8・PER≤12・利回り≥4.0% 無条件・指値2%3日 190 2.88 16.67 52.11 1.43 103.27 -47.72    0.68   0.47 54.55  -22.05    -22.18
PBR≤1.0・PER≤10・利回り≥2.5%      T1・成行 177 2.68 10.61 59.32 1.38  81.54 -45.56    0.59   0.46 56.06  -13.57    -27.74
PBR≤0.8・PER≤12・利回り≥2.5%      T1・成行 178 2.70 12.12 56.74 1.31  68.15 -38.35    0.54   0.45 57.58  -11.30    -22.89
              合成スコア上位5%      T1・成行 186 2.82  9.09 57.53 1.41  86.09 -26.55    0.72   0.45 50.00  -12.63     -7.22
             合成スコア上位10%      T1・成行 235 3.56  6.06 55.32 1.17  53.80 -36.90    0.45   0.45 60.61  -16.67    -17.63
PBR≤1.2・PER≤15・利回り≥4.0%     無条件・成行 280 4.24  6.06 53.93 1.34 110.09 -54.24    0.70   0.45 53.03  -15.02    -39.08
PBR≤1.0・PER≤12・利回り≥3.5% 無条件・指値2%3日 227 3.44  7.58 51.98 1.24  72.64 -49.62    0.53   0.44 60.61  -15.97    -33.68
PBR≤0.8・PER≤15・利回り≥4.0%     無条件・成行 265 4.02 12.12 53.58 1.50 157.51 -48.73    0.96   0.43 56.06  -15.02    -24.17
 PBR≤0.8・PER≤8・利回り≥4.0%     無条件・成行 220 3.33 19.70 51.36 1.25  74.19 -56.31    0.49   0.43 50.00  -21.84    -29.60
PBR≤1.0・PER≤10・利回り≥4.0%     無条件・成行 255 3.86  6.06 54.51 1.29  91.59 -59.16    0.60   0.43 56.06  -17.19    -36.50
PBR≤0.8・PER≤12・利回り≥4.0%     無条件・成行 246 3.73 13.64 52.85 1.41 120.39 -48.65    0.75   0.41 54.55  -16.58    -19.51
 PBR≤1.0・PER≤8・利回り≥3.5%     無条件・成行 270 4.09  7.58 54.44 1.36 119.34 -55.06    0.68   0.40 51.52  -17.22    -27.59
  入り方ごとの最良:
                   name      entry   n  epm  zero   win   pf  total     dd  sharpe  s_min  mwin  mworst  m12worst
PBR≤0.8・PER≤10・利回り≥2.5%      T1・成行 157 2.38 15.15 60.51 1.33  65.21 -37.53    0.53   0.52 50.00  -13.57    -27.83
PBR≤0.8・PER≤10・利回り≥4.0%     無条件・成行 237 3.59 13.64 54.43 1.41 118.86 -51.06    0.76   0.49 53.03  -17.19    -18.85
PBR≤0.8・PER≤12・利回り≥4.0% 無条件・指値2%3日 190 2.88 16.67 52.11 1.43 103.27 -47.72    0.68   0.47 54.55  -22.05    -22.18
PBR≤1.0・PER≤15・利回り≥4.0%      初日・成行 164 2.48 19.70 57.32 1.27  53.47 -90.46    0.39   0.39 54.55  -15.03    -37.48
             合成スコア上位15%  T4・指値2%3日 211 3.20 10.61 54.98 1.22  53.99 -54.68    0.37   0.33 50.00  -18.82    -32.01
  B PBR≤0.8・PER≤10・利回り≥2.5% T1・成行 148s
  B PBR≤0.8・PER≤10・利回り≥4.0% 無条件・成行 168s
  B PBR≤1.0・PER≤12・利回り≥3.0% T1・成行 177s
  B PBR≤0.8・PER≤12・利回り≥4.0% 無条件・指値2%3日 214s

■ 段階B（IS）297セル。枠3/4/5の最小シャープの上位15:
                key  entry order     exit  s_min   s3  feas_all                    name
(thr, 0.8, 10, 2.5)  T1・成行  ランダム   トレール3%   0.88 0.89      True PBR≤0.8・PER≤10・利回り≥2.5%
(thr, 0.8, 10, 4.0) 無条件・成行   利回り    損切り5%   0.84 0.89      True PBR≤0.8・PER≤10・利回り≥4.0%
(thr, 0.8, 10, 2.5)  T1・成行  ランダム    最長30日   0.84 0.84      True PBR≤0.8・PER≤10・利回り≥2.5%
(thr, 0.8, 10, 4.0) 無条件・成行    合成   トレール8%   0.82 0.86      True PBR≤0.8・PER≤10・利回り≥4.0%
(thr, 0.8, 10, 2.5)  T1・成行   利回り   トレール8%   0.80 0.80      True PBR≤0.8・PER≤10・利回り≥2.5%
(thr, 0.8, 10, 2.5)  T1・成行  ランダム   トレール8%   0.80 0.80      True PBR≤0.8・PER≤10・利回り≥2.5%
(thr, 0.8, 10, 4.0) 無条件・成行   利回り   損切り10%   0.79 0.94      True PBR≤0.8・PER≤10・利回り≥4.0%
(thr, 0.8, 10, 2.5)  T1・成行   利回り   トレール3%   0.75 0.75      True PBR≤0.8・PER≤10・利回り≥2.5%
(thr, 0.8, 10, 2.5)  T1・成行    合成    最長30日   0.74 0.74      True PBR≤0.8・PER≤10・利回り≥2.5%
(thr, 1.0, 12, 3.0)  T1・成行  ランダム PBR>1で利確   0.73 0.94      True PBR≤1.0・PER≤12・利回り≥3.0%
(thr, 1.0, 12, 3.0)  T1・成行    合成 PBR>1で利確   0.72 0.95      True PBR≤1.0・PER≤12・利回り≥3.0%
(thr, 0.8, 10, 2.5)  T1・成行    合成   トレール8%   0.70 0.70      True PBR≤0.8・PER≤10・利回り≥2.5%
(thr, 0.8, 10, 4.0) 無条件・成行   利回り   トレール8%   0.70 0.72      True PBR≤0.8・PER≤10・利回り≥4.0%
(thr, 0.8, 10, 2.5)  T1・成行  ランダム PBR>1で利確   0.69 0.69      True PBR≤0.8・PER≤10・利回り≥2.5%
(thr, 0.8, 10, 2.5)  T1・成行  ランダム       既定   0.69 0.69      True PBR≤0.8・PER≤10・利回り≥2.5%
  指値の幅と日数（合成・3枠・既定の出口）:
                   name      entry       lim      n  epm  zero  total     dd  sharpe  mwin
PBR≤0.8・PER≤12・利回り≥4.0% 無条件・指値2%3日 (0.01, 1) 217.00 3.29 13.64 125.19 -50.58    0.82 54.55
PBR≤0.8・PER≤12・利回り≥4.0% 無条件・指値2%3日 (0.01, 2) 224.00 3.39 13.64 112.52 -46.91    0.74 54.55
PBR≤0.8・PER≤12・利回り≥4.0% 無条件・指値2%3日 (0.01, 3) 224.00 3.39 13.64 132.88 -46.83    0.89 54.55
PBR≤0.8・PER≤12・利回り≥4.0% 無条件・指値2%3日 (0.02, 1) 189.00 2.86 18.18  81.89 -49.27    0.53 51.52
PBR≤0.8・PER≤12・利回り≥4.0% 無条件・指値2%3日 (0.02, 2) 193.00 2.92 16.67  86.73 -46.27    0.60 56.06
PBR≤0.8・PER≤12・利回り≥4.0% 無条件・指値2%3日 (0.02, 3) 190.00 2.88 16.67 103.27 -47.72    0.68 54.55
PBR≤0.8・PER≤12・利回り≥4.0% 無条件・指値2%3日 (0.03, 1) 139.00 2.11 27.27  75.86 -34.54    0.65 51.52
PBR≤0.8・PER≤12・利回り≥4.0% 無条件・指値2%3日 (0.03, 2) 146.00 2.21 24.24  72.30 -46.36    0.54 50.00
PBR≤0.8・PER≤12・利回り≥4.0% 無条件・指値2%3日 (0.03, 3) 148.00 2.24 24.24 103.40 -43.61    0.75 56.06
  軸ごとの平均シャープ(order): ランダム:0.63 / 利回り:0.67 / 合成:0.63
  軸ごとの平均シャープ(slots): 3:0.69 / 4:0.63 / 5:0.61
  軸ごとの平均シャープ(exit): PBR>1で利確:0.67 / トレール3%:0.66 / トレール8%:0.69 / 損切り10%:0.63 / 損切り5%:0.60 / 既定:0.64 / 最長10日:0.56 / 最長30日:0.68

段階Bの1位: PBR≤0.8・PER≤10・利回り≥2.5% T1・成行 並べ方=ランダム 出口=トレール3% 枠=3（枠3/4/5のIS: 3枠 0.89 / 4枠 0.89 / 5枠 0.88）

■ 段階C（段階Bの1位に足す要素・IS月次シャープ。1位そのもの 0.65）
  上方修正(直近20日に+5%以上)              フィルタ IS 0.22(+12万・月0.5件・ゼロ月73%) ｜ OOS 0.48(+29万)
  上方修正(直近20日に+5%以上)              優先   IS 0.61(+65万・月2.5件・ゼロ月14%) ｜ OOS 1.36(+124万)
  モメンタム上半分                       フィルタ IS 0.59(+55万・月1.4件・ゼロ月42%) ｜ OOS 1.57(+135万)
  モメンタム上半分                       優先   IS 0.80(+85万・月2.5件・ゼロ月14%) ｜ OOS 1.50(+134万)
  モメンタム下半分                       フィルタ IS 0.65(+57万・月1.7件・ゼロ月33%) ｜ OOS 0.95(+68万)
  モメンタム下半分                       優先   IS 0.79(+86万・月2.5件・ゼロ月14%) ｜ OOS 1.54(+142万)
  低ボラ(中央値以下)                     フィルタ IS 0.60(+53万・月1.5件・ゼロ月41%) ｜ OOS 0.93(+68万)
  低ボラ(中央値以下)                     優先   IS 0.60(+63万・月2.5件・ゼロ月15%) ｜ OOS 1.50(+127万)
  高ボラ(中央値超)                      フィルタ IS 0.84(+85万・月2.2件・ゼロ月20%) ｜ OOS 1.33(+108万)
  高ボラ(中央値超)                      優先   IS 0.90(+96万・月2.6件・ゼロ月12%) ｜ OOS 1.33(+112万)
  質(ROE≥8%・自己資本比率≥40%)           フィルタ IS 0.04(+3万・月1.0件・ゼロ月47%) ｜ OOS 1.52(+110万)
  質(ROE≥8%・自己資本比率≥40%)           優先   IS 0.67(+75万・月2.5件・ゼロ月14%) ｜ OOS 1.48(+128万)
  権利取り(権利付き最終日の20〜40営業日前)        フィルタ IS 0.13(+6万・月0.4件・ゼロ月82%) ｜ OOS 0.81(+51万)
  権利取り(権利付き最終日の20〜40営業日前)        優先   IS 0.60(+64万・月2.3件・ゼロ月14%) ｜ OOS 1.43(+145万)
  出口に「権利付き最終日の前日に売る」を追加               IS 0.53(+52万) ｜ OOS 1.48(+139万)
  配当を足さない(本番の帳簿と同じ数え方)                IS 0.53(+57万) ｜ OOS 1.22(+114万)
  採用の条件(IS月次シャープ+0.10以上・回数の条件)を満たす要素: 4本 → 高ボラ(中央値超)(優先) IS0.90/OOS1.33, 高ボラ(中央値超)(フィルタ) IS0.84/OOS1.33, モメンタム上半分(優先) IS0.80/OOS1.50, モメンタム下半分(優先) IS0.79/OOS1.54
  段階Cの結論: 要素なし(段階Bの1位のまま)

■ 究極版の候補: PBR≤0.8・PER≤10・利回り≥2.5% T1・成行 並べ方=ランダム 3枠×50万 出口=トレール3%
   IS(配当込み)  +68.5万 玉 167(月2.5件・撃たない月14%) 勝率62% PF1.39 DD-31.8 月平均+1.04万 月勝率53% 最悪月-11.5 12か月最悪 -23.2 月次シャープ0.65 上位3玉除く+30 平均保有12.8日
   OOS(配当込み) +136.1万 玉 197(月3.5件・撃たない月4%) 勝率65% PF1.98 DD-20.6 月平均+2.39万 月勝率68% 最悪月-13.0 12か月最悪  +0.5 月次シャープ1.50 上位3玉除く+115 平均保有13.8日
   10年(配当込み) +210.1万 玉 367(月3.0件・撃たない月9%) 勝率64% PF1.68 DD-31.8 月平均+1.71万 月勝率61% 最悪月-13.0 12か月最悪 -23.2 月次シャープ1.06 上位3玉除く+172 平均保有13.4日
   2026年(配当込み)  +20.3万 玉  27(月3.0件・撃たない月11%) 勝率56% PF1.83 DD-15.0 月平均+2.26万 月勝率67% 最悪月-13.0 12か月最悪  +nan 月次シャープ1.07 上位3玉除く+3 平均保有12.9日
   IS(配当なし)  +56.5万 玉 167(月2.5件・撃たない月14%) 勝率60% PF1.31 DD-32.5 月平均+0.86万 月勝率52% 最悪月-11.5 12か月最悪 -23.9 月次シャープ0.53 上位3玉除く+20 平均保有12.8日
   OOS(配当なし) +114.3万 玉 197(月3.5件・撃たない月4%) 勝率65% PF1.73 DD-23.9 月平均+2.01万 月勝率67% 最悪月-14.8 12か月最悪  -7.8 月次シャープ1.22 上位3玉除く+93 平均保有13.8日
   10年(配当なし) +176.3万 玉 367(月3.0件・撃たない月9%) 勝率63% PF1.53 DD-32.5 月平均+1.43万 月勝率59% 最悪月-14.8 12か月最悪 -23.9 月次シャープ0.88 上位3玉除く+139 平均保有13.4日
   2026年(配当なし)  +18.5万 玉  27(月3.0件・撃たない月11%) 勝率56% PF1.72 DD-16.8 月平均+2.06万 月勝率67% 最悪月-14.8 12か月最悪  +nan 月次シャープ0.92 上位3玉除く+1 平均保有12.9日
   10年の時代別(配当込み) 16-18:+36 19-20:+49 21-23:+54 24-26:+71 ／ 出口 トレーリング40% 期限30% 損切り18% 決算前13%
   C1(同じエンジン)の時代別(配当込み) 16-18:+34 19-20:+43 21-23:+79 24-26:+82
   対照(10年): 同じ置き方で全銘柄からランダム 平均+78.9万 sd59.0 → z+2.2 ／ 同じ候補をランダム順 平均+233.9万 sd21.5 → z-1.1
   対照(OOS): 同じ置き方で全銘柄からランダム 平均+44.7万 sd31.5 → z+2.9 ／ 同じ候補をランダム順 平均+134.0万 sd12.6 → z+0.2
   対照(2026年): 同じ置き方で全銘柄からランダム 平均-3.9万 sd22.4 → z+1.1 ／ 同じ候補をランダム順 平均+12.8万 sd5.0 → z+1.5
   隣の定義(同じ入り方・並べ方・枠・出口): IS月次シャープ(損益) / OOS月次シャープ(損益)
     PBR≤0.8・PER≤10・利回り≥2.5%        IS 0.65(+69万) / OOS 1.50(+136万) 月3.5件
     PBR≤1.0・PER≤10・利回り≥2.5%        IS 0.60(+76万) / OOS 1.46(+131万) 月3.6件
     PBR≤0.8・PER≤8・利回り≥2.5%         IS 0.53(+52万) / OOS 1.09(+99万) 月2.9件
     PBR≤0.8・PER≤12・利回り≥2.5%        IS 0.43(+46万) / OOS 0.68(+69万) 月3.6件
     PBR≤0.8・PER≤10・利回り≥3.0%        IS 0.60(+52万) / OOS 1.25(+114万) 月3.2件

   2026年の月別(配当込み・万円・(件)) 究極版の候補: 01月+8.3(3) 02月+5.6(1) 03月-13.0(5) 04月+6.2(5) 05月+1.2(3) 06月-4.0(4) 07月+9.4(3) 08月+7.7(3) 09月-1.1(0)
   2026年の月別(配当込み・万円・(件)) C1          : 01月+0.0(1) 02月+13.7(2) 03月-11.7(5) 04月+4.5(5) 05月-1.7(4) 06月-0.5(3) 07月+12.3(2) 08月+11.2(3) 09月-0.5(0)
   10年の年別(配当込み・万円) 究極版の候補: 2016:+20 2017:+25 2018:-10 2019:+29 2020:+18 2021:-15 2022:+6 2023:+56 2024:+35 2025:+31 2026:+13
   10年の年別(配当込み・万円) C1          : 2016:+17 2017:+31 2018:-14 2019:+21 2020:+23 2021:+1 2022:-2 2023:+63 2024:+51 2025:+22 2026:+27

セル数: 段階A 265 ＋ 段階B 297 ＋ 段階C 16 = 578（IS）。寄りS高で約定しなかった成行 39回(全実行の累計)。 230s
EXIT 0
