[prep] 広域プール 68,302件 / 営業日2296日

========================================================================================================================
基準線（現行入口×dc1.2×3枠）— _bt_kiwami_axes2 の+311万を近似再現できているか
========================================================================================================================
  構成                            件数    PF         10年計     前半17-21     後半22-26   勝年        最悪年       上位20除去
  基準線                         2001  1.16   +2,474,720    -319,907  +2,794,627   7/10   -484,376   +1,428,429

========================================================================================================================
① RSI上限（現行45）
========================================================================================================================
  構成                            件数    PF         10年計     前半17-21     後半22-26   勝年        最悪年       上位20除去
  RSI≤40                      1698  1.08   +1,133,057     -81,438  +1,214,495   7/10   -482,646      +70,936
  RSI≤42                      1843  1.10   +1,517,170    -590,093  +2,107,264   6/10   -347,887     +439,554
  RSI≤45（現行）                  2001  1.16   +2,474,720    -319,907  +2,794,627   7/10   -484,376   +1,428,429
  RSI≤48                      2074  1.16   +2,613,362    -219,527  +2,832,888   7/10   -653,438   +1,553,296
  RSI≤50                      2088  1.16   +2,627,286    -123,032  +2,750,318   7/10   -555,515   +1,550,695
  RSI≤52                      2090  1.16   +2,656,401    -121,985  +2,778,386   7/10   -555,515   +1,579,810

========================================================================================================================
② 乖離上限（現行-1.5）
========================================================================================================================
  構成                            件数    PF         10年計     前半17-21     後半22-26   勝年        最悪年       上位20除去
  乖離≤-0.5                     2035  1.14   +2,308,372    -384,670  +2,693,042   7/10   -518,891   +1,261,706
  乖離≤-1.0                     2028  1.13   +2,157,504    -482,644  +2,640,148   7/10   -486,152   +1,113,214
  乖離≤-1.5（現行）                 2001  1.16   +2,474,720    -319,907  +2,794,627   7/10   -484,376   +1,428,429
  乖離≤-2.0                     1952  1.13   +1,986,729    -252,904  +2,239,633   7/10   -434,323     +910,611
  乖離≤-2.5                     1889  1.11   +1,696,876    -451,310  +2,148,186   6/10   -517,333     +639,406

========================================================================================================================
③ ATR%上限（現行3.0）
========================================================================================================================
  構成                            件数    PF         10年計     前半17-21     後半22-26   勝年        最悪年       上位20除去
  ATR≤2.5                     1711  1.18   +2,380,339    +304,877  +2,075,462   7/10   -352,484   +1,328,609
  ATR≤3.0（現行）                 2001  1.16   +2,474,720    -319,907  +2,794,627   7/10   -484,376   +1,428,429
  ATR≤3.5                     2142  1.13   +2,302,361    -750,030  +3,052,391   6/10   -602,036   +1,216,921
  ATR≤4.0                     2245  1.10   +1,997,773  -1,196,589  +3,194,362   6/10   -643,924     +784,597

========================================================================================================================
④ 売買代金下限（現行20億）
========================================================================================================================
  構成                            件数    PF         10年計     前半17-21     後半22-26   勝年        最悪年       上位20除去
  代金≥8億                       2211  1.10   +1,822,887    +287,276  +1,535,611   7/10   -189,010     +741,693
  代金≥12億                      2134  1.13   +2,181,521    +295,781  +1,885,740   7/10    -54,940   +1,127,567
  代金≥20億（現行）                  2001  1.16   +2,474,720    -319,907  +2,794,627   7/10   -484,376   +1,428,429
  代金≥30億                      1829  1.12   +1,768,594    -464,933  +2,233,527   7/10   -490,097     +687,485
  代金≥40億                      1701  1.06     +866,261    -426,669  +1,292,930   5/10   -492,317     -214,151

========================================================================================================================
⑤ 値幅比/出来高比（現行 rr1.5|vr2.0）
========================================================================================================================
  構成                            件数    PF         10年計     前半17-21     後半22-26   勝年        最悪年       上位20除去
  rr1.2|vr1.6                 2259  1.02     +308,791    -440,860    +749,651   5/10   -406,386     -768,196
  rr1.5|vr2.0（現行）             2001  1.16   +2,474,720    -319,907  +2,794,627   7/10   -484,376   +1,428,429
  rr1.8|vr2.5                 1606  1.08   +1,091,107    -700,507  +1,791,613   7/10   -376,008      +57,008
  vr2.0のみ                     1681  1.07     +954,947  -1,013,982  +1,968,929   5/10   -435,844     -101,530
  rr1.5のみ                     1721  1.15   +2,142,056    +142,589  +1,999,467   7/10   -473,108   +1,101,471
