
== US500Cash/US100Cash n=60602 spread 0.010+0.010% swap/日 L+0.0033/+0.0126 S-0.0004/-0.0014 ==
  W 24 z1.5 H 6: n=3493 回-0.023% t=-4.86 勝2/11 前-0.024 後-0.022 合計-82%
  W 24 z1.5 H24: n=2493 回-0.024% t=-2.88 勝3/11 前-0.027 後-0.022 合計-61%
  W 24 z2.0 H 6: n=2534 回-0.032% t=-5.78 勝0/11 前-0.036 後-0.030 合計-82%
  W 24 z2.0 H24: n=2027 回-0.028% t=-2.92 勝3/11 前-0.035 後-0.022 合計-56%
  W 24 z2.5 H 6: n=1684 回-0.036% t=-5.50 勝0/11 前-0.037 後-0.035 合計-61%
  W 24 z2.5 H24: n=1478 回-0.037% t=-3.26 勝1/11 前-0.039 後-0.035 合計-54%
  W 72 z1.5 H 6: n=2156 回-0.022% t=-3.53 勝0/11 前-0.021 後-0.023 合計-47%
  W 72 z2.0 H 6: n=1448 回-0.034% t=-4.46 勝0/11 前-0.038 後-0.031 合計-49%
  W 72 z2.5 H 6: n= 782 回-0.035% t=-3.63 勝2/11 前-0.033 後-0.036 合計-27%
  W168 z1.5 H 6: n=1379 回-0.031% t=-4.10 勝0/11 前-0.040 後-0.022 合計-42%
  W168 z2.5 H 6: n= 489 回-0.037% t=-2.75 勝2/11 前-0.030 後-0.043 合計-18%
  W336 z1.5 H 6: n=1002 回-0.034% t=-3.76 勝1/11 前-0.040 後-0.028 合計-34%
  W336 z2.0 H 6: n= 667 回-0.041% t=-3.36 勝1/11 前-0.020 後-0.059 合計-27%

== US500Cash/US30Cash n=60604 spread 0.010+0.011% swap/日 L+0.0033/+0.0230 S-0.0004/-0.0026 ==
  W 24 z1.5 H 6: n=3449 回-0.033% t=-9.74 勝0/11 前-0.029 後-0.036 合計-114%
  W 24 z1.5 H24: n=2500 回-0.045% t=-7.46 勝0/11 前-0.037 後-0.051 合計-111%
  W 24 z1.5 H72: n=2154 回-0.052% t=-7.09 勝0/11 前-0.040 後-0.061 合計-111%
  W 24 z2.0 H 6: n=2559 回-0.036% t=-9.30 勝0/11 前-0.031 後-0.040 合計-93%
  W 24 z2.0 H24: n=2067 回-0.048% t=-7.20 勝1/11 前-0.039 後-0.055 合計-99%
  W 24 z2.0 H72: n=1830 回-0.051% t=-6.47 勝0/11 前-0.043 後-0.058 合計-94%
  W 24 z2.5 H 6: n=1735 回-0.036% t=-7.70 勝0/11 前-0.030 後-0.040 合計-62%
  W 24 z2.5 H24: n=1529 回-0.045% t=-5.56 勝2/11 前-0.037 後-0.051 合計-68%
  W 24 z2.5 H72: n=1394 回-0.053% t=-5.63 勝1/11 前-0.043 後-0.062 合計-74%
  W 72 z1.5 H 6: n=2160 回-0.032% t=-7.40 勝1/11 前-0.023 後-0.040 合計-69%
  W 72 z1.5 H24: n=1395 回-0.045% t=-4.62 勝1/11 前-0.041 後-0.049 合計-63%
  W 72 z1.5 H72: n=1008 回-0.054% t=-3.50 勝2/11 前-0.051 後-0.058 合計-55%
  W 72 z2.0 H 6: n=1445 回-0.035% t=-6.45 勝1/11 前-0.034 後-0.036 合計-51%
  W 72 z2.0 H24: n= 979 回-0.046% t=-3.69 勝1/11 前-0.050 後-0.042 合計-45%
  W 72 z2.0 H72: n= 772 回-0.052% t=-2.76 勝2/11 前-0.057 後-0.048 合計-40%
  W 72 z2.5 H 6: n= 791 回-0.031% t=-4.36 勝1/11 前-0.035 後-0.029 合計-25%
  W 72 z2.5 H24: n= 635 回-0.044% t=-2.70 勝3/11 前-0.065 後-0.026 合計-28%
  W 72 z2.5 H72: n= 556 回-0.062% t=-2.66 勝1/11 前-0.059 後-0.064 合計-34%
  W168 z1.5 H 6: n=1397 回-0.032% t=-5.99 勝0/11 前-0.027 後-0.037 合計-45%
  W168 z1.5 H24: n= 932 回-0.055% t=-4.39 勝0/11 前-0.027 後-0.078 合計-51%
  W168 z1.5 H72: n= 612 回-0.093% t=-3.96 勝0/11 前-0.053 後-0.125 合計-57%
  W168 z2.0 H 6: n= 946 回-0.025% t=-3.54 勝1/11 前-0.021 後-0.028 合計-23%
  W168 z2.0 H24: n= 635 回-0.056% t=-3.54 勝1/11 前-0.049 後-0.063 合計-36%
  W168 z2.0 H72: n= 446 回-0.081% t=-2.92 勝3/11 前-0.043 後-0.111 合計-36%
  W168 z2.5 H 6: n= 504 回-0.033% t=-3.31 勝3/11 前-0.034 後-0.033 合計-17%
  W336 z1.5 H 6: n= 966 回-0.031% t=-4.67 勝0/11 前-0.028 後-0.033 合計-30%
  W336 z1.5 H24: n= 663 回-0.068% t=-4.22 勝1/11 前-0.052 後-0.080 合計-45%
  W336 z1.5 H72: n= 452 回-0.107% t=-3.83 勝0/11 前-0.084 後-0.125 合計-48%
  W336 z2.0 H 6: n= 687 回-0.039% t=-4.66 勝0/11 前-0.035 後-0.042 合計-27%
  W336 z2.0 H24: n= 461 回-0.068% t=-3.54 勝2/11 前-0.058 後-0.076 合計-31%
  W336 z2.0 H72: n= 309 回-0.108% t=-3.04 勝1/11 前-0.066 後-0.143 合計-33%

== US100Cash/US30Cash n=60602 spread 0.010+0.011% swap/日 L+0.0126/+0.0230 S-0.0014/-0.0026 ==
  W 24 z1.5 H 6: n=3365 回-0.040% t=-5.35 勝1/11 前-0.039 後-0.040 合計-135%
  W 24 z1.5 H24: n=2421 回-0.064% t=-4.75 勝4/11 前-0.064 後-0.063 合計-154%
  W 24 z1.5 H72: n=2066 回-0.073% t=-4.36 勝1/11 前-0.076 後-0.070 合計-151%
  W 24 z2.0 H 6: n=2511 回-0.041% t=-4.67 勝2/11 前-0.035 後-0.045 合計-102%
  W 24 z2.0 H24: n=2010 回-0.054% t=-3.55 勝1/11 前-0.048 後-0.059 合計-108%
  W 24 z2.0 H72: n=1763 回-0.060% t=-3.25 勝1/11 前-0.050 後-0.068 合計-106%
  W 24 z2.5 H 6: n=1747 回-0.048% t=-4.80 勝1/11 前-0.045 後-0.052 合計-84%
  W 24 z2.5 H24: n=1502 回-0.064% t=-3.65 勝1/11 前-0.048 後-0.079 合計-97%
  W 24 z2.5 H72: n=1387 回-0.068% t=-3.29 勝2/11 前-0.038 後-0.094 合計-95%
  W 72 z1.5 H 6: n=2051 回-0.044% t=-4.32 勝0/11 前-0.056 後-0.034 合計-90%
  W 72 z1.5 H24: n=1343 回-0.073% t=-3.34 勝2/11 前-0.118 後-0.038 合計-99%
  W 72 z2.0 H 6: n=1417 回-0.041% t=-3.62 勝2/11 前-0.029 後-0.051 合計-58%
  W 72 z2.5 H 6: n= 757 回-0.057% t=-3.75 勝3/11 前-0.054 後-0.059 合計-43%
  W168 z1.5 H 6: n=1366 回-0.034% t=-2.78 勝2/11 前-0.036 後-0.032 合計-46%
  W168 z1.5 H24: n= 899 回-0.089% t=-3.05 勝1/11 前-0.080 後-0.096 合計-80%
  W336 z1.5 H 6: n= 940 回-0.046% t=-3.12 勝1/11 前-0.045 後-0.047 合計-43%
  W336 z2.0 H 6: n= 688 回-0.051% t=-2.82 勝2/11 前-0.032 後-0.067 合計-35%

== US500Cash/US2000Cash n=52051 spread 0.010+0.034% swap/日 L+0.0033/+0.0015 S-0.0004/-0.0001 ==
  W 24 z1.5 H 6: n=2921 回-0.024% t=-2.76 勝2/10 前-0.020 後-0.026 合計-69%
  W 24 z1.5 H24: n=2154 回-0.035% t=-2.61 勝2/10 前-0.024 後-0.041 合計-74%
  W 24 z1.5 H72: n=1884 回-0.045% t=-2.89 勝2/10 前-0.038 後-0.049 合計-85%
  W 24 z2.0 H 6: n=2200 回-0.031% t=-3.47 勝1/10 前-0.043 後-0.025 合計-69%
  W 24 z2.0 H24: n=1784 回-0.046% t=-3.15 勝1/10 前-0.043 後-0.048 合計-82%
  W 24 z2.0 H72: n=1598 回-0.059% t=-3.47 勝1/10 前-0.069 後-0.054 合計-95%
  W 24 z2.5 H 6: n=1573 回-0.030% t=-2.84 勝3/10 前-0.034 後-0.028 合計-48%
  W 24 z2.5 H24: n=1369 回-0.046% t=-2.63 勝3/10 前-0.069 後-0.033 合計-62%
  W 24 z2.5 H72: n=1264 回-0.059% t=-2.96 勝2/10 前-0.095 後-0.040 合計-74%
  W 72 z1.5 H 6: n=1911 回-0.058% t=-4.86 勝0/10 前-0.090 後-0.039 合計-111%
  W 72 z1.5 H24: n=1234 回-0.062% t=-2.80 勝1/10 前-0.084 後-0.048 合計-76%
  W336 z1.5 H 6: n= 888 回-0.066% t=-4.16 勝1/10 前-0.091 後-0.050 合計-59%
  W336 z1.5 H24: n= 576 回-0.138% t=-4.09 勝1/10 前-0.204 後-0.099 合計-79%

== GER40Cash/EU50Cash n=42828 spread 0.010+0.036% swap/日 L+0.0093/+0.0025 S+0.0006/+0.0001 ==
  W 24 z1.5 H 6: n=2839 回-0.041% t=-11.55 勝0/11 前-0.043 後-0.039 合計-116%
  W 24 z1.5 H24: n=1906 回-0.043% t=-6.56 勝0/11 前-0.048 後-0.040 合計-82%
  W 24 z1.5 H72: n=1679 回-0.051% t=-6.57 勝0/11 前-0.059 後-0.047 合計-86%
  W 24 z2.0 H 6: n=1796 回-0.046% t=-9.97 勝0/11 前-0.044 後-0.047 合計-82%
  W 24 z2.0 H24: n=1432 回-0.038% t=-4.89 勝1/11 前-0.031 後-0.043 合計-55%
  W 24 z2.0 H72: n=1304 回-0.048% t=-5.26 勝0/11 前-0.043 後-0.052 合計-63%
  W 24 z2.5 H 6: n= 872 回-0.043% t=-6.71 勝1/11 前-0.032 後-0.048 合計-37%
  W 24 z2.5 H24: n= 813 回-0.036% t=-3.37 勝2/11 前-0.021 後-0.044 合計-29%
  W 24 z2.5 H72: n= 776 回-0.042% t=-3.47 勝2/11 前-0.025 後-0.050 合計-32%
  W 72 z1.5 H 6: n=1804 回-0.043% t=-9.53 勝0/11 前-0.043 後-0.042 合計-77%
  W 72 z1.5 H24: n=1145 回-0.037% t=-3.64 勝1/11 前-0.032 後-0.041 合計-42%
  W 72 z1.5 H72: n= 866 回-0.043% t=-2.86 勝2/11 前-0.047 後-0.041 合計-38%
  W 72 z2.0 H 6: n=1168 回-0.042% t=-7.06 勝0/11 前-0.044 後-0.041 合計-49%
  W 72 z2.0 H24: n= 771 回-0.050% t=-3.85 勝3/11 前-0.069 後-0.038 合計-39%
  W 72 z2.0 H72: n= 623 回-0.062% t=-3.21 勝2/11 前-0.074 後-0.054 合計-39%
  W 72 z2.5 H 6: n= 567 回-0.046% t=-5.34 勝1/11 前-0.046 後-0.046 合計-26%
  W 72 z2.5 H24: n= 431 回-0.060% t=-3.32 勝2/11 前-0.069 後-0.055 合計-26%
  W 72 z2.5 H72: n= 395 回-0.092% t=-3.56 勝2/11 前-0.095 後-0.090 合計-36%
  W168 z1.5 H 6: n=1162 回-0.046% t=-7.77 勝0/11 前-0.052 後-0.043 合計-54%
  W168 z1.5 H24: n= 755 回-0.045% t=-3.32 勝2/11 前-0.066 後-0.032 合計-34%
  W168 z1.5 H72: n= 525 回-0.064% t=-2.59 勝1/11 前-0.102 後-0.040 合計-33%
  W168 z2.0 H 6: n= 809 回-0.040% t=-5.65 勝0/11 前-0.034 後-0.044 合計-33%
  W168 z2.0 H24: n= 518 回-0.054% t=-3.11 勝0/11 前-0.076 後-0.040 合計-28%
  W168 z2.5 H 6: n= 405 回-0.052% t=-5.28 勝1/11 前-0.048 後-0.054 合計-21%
  W336 z1.5 H 6: n= 834 回-0.051% t=-7.32 勝0/11 前-0.058 後-0.048 合計-43%
  W336 z1.5 H24: n= 527 回-0.061% t=-3.65 勝2/11 前-0.091 後-0.043 合計-32%
  W336 z1.5 H72: n= 344 回-0.103% t=-3.05 勝2/11 前-0.173 後-0.063 合計-35%
  W336 z2.0 H 6: n= 538 回-0.067% t=-7.42 勝0/11 前-0.061 後-0.072 合計-36%
  W336 z2.0 H24: n= 338 回-0.096% t=-4.70 勝0/11 前-0.111 後-0.086 合計-33%
  W336 z2.0 H72: n= 226 回-0.150% t=-3.48 勝2/11 前-0.167 後-0.139 合計-34%
  W336 z2.5 H 6: n= 326 回-0.057% t=-4.61 勝1/11 前-0.062 後-0.053 合計-19%

== GER40Cash/FRA40Cash n=36522 spread 0.010+0.040% swap/日 L+0.0093/+0.0032 S+0.0006/+0.0002 ==
  W 24 z1.5 H 6: n=2355 回-0.047% t=-7.81 勝0/11 前-0.044 後-0.050 合計-111%
  W 24 z1.5 H24: n=1559 回-0.046% t=-3.82 勝0/11 前-0.044 後-0.048 合計-72%
  W 24 z1.5 H72: n=1348 回-0.041% t=-2.81 勝2/11 前-0.043 後-0.039 合計-55%
  W 24 z2.0 H 6: n=1499 回-0.045% t=-5.79 勝0/11 前-0.037 後-0.052 合計-68%
  W 24 z2.0 H24: n=1159 回-0.037% t=-2.56 勝2/11 前-0.037 後-0.038 合計-43%
  W 24 z2.5 H 6: n= 723 回-0.047% t=-3.83 勝1/11 前-0.031 後-0.060 合計-34%
  W 72 z1.5 H 6: n=1446 回-0.043% t=-5.40 勝0/11 前-0.036 後-0.048 合計-62%
  W 72 z2.0 H 6: n= 966 回-0.047% t=-4.69 勝2/11 前-0.041 後-0.051 合計-45%
  W168 z1.5 H 6: n= 976 回-0.049% t=-5.14 勝1/11 前-0.048 後-0.051 合計-48%
  W168 z1.5 H24: n= 646 回-0.059% t=-2.56 勝2/11 前-0.061 後-0.057 合計-38%
  W168 z2.0 H 6: n= 670 回-0.041% t=-3.48 勝2/11 前-0.021 後-0.057 合計-28%
  W336 z1.5 H 6: n= 665 回-0.042% t=-3.21 勝2/11 前-0.033 後-0.048 合計-28%
  W336 z2.0 H 6: n= 484 回-0.046% t=-3.18 勝2/11 前-0.046 後-0.047 合計-23%

== EU50Cash/FRA40Cash n=36943 spread 0.036+0.040% swap/日 L+0.0025/+0.0032 S+0.0001/+0.0002 ==
  W 24 z1.5 H 6: n=2509 回-0.072% t=-20.26 勝0/11 前-0.070 後-0.074 合計-181%
  W 24 z1.5 H24: n=1685 回-0.068% t=-10.68 勝0/11 前-0.063 後-0.073 合計-115%
  W 24 z1.5 H72: n=1501 回-0.067% t=-9.04 勝0/11 前-0.062 後-0.071 合計-100%
  W 24 z2.0 H 6: n=1539 回-0.077% t=-16.46 勝0/11 前-0.078 後-0.076 合計-118%
  W 24 z2.0 H24: n=1218 回-0.068% t=-8.94 勝1/11 前-0.065 後-0.072 合計-83%
  W 24 z2.0 H72: n=1117 回-0.070% t=-7.98 勝1/11 前-0.064 後-0.075 合計-78%
  W 24 z2.5 H 6: n= 689 回-0.070% t=-9.48 勝0/11 前-0.072 後-0.068 合計-48%
  W 24 z2.5 H24: n= 649 回-0.075% t=-6.59 勝1/11 前-0.069 後-0.081 合計-49%
  W 24 z2.5 H72: n= 622 回-0.071% t=-5.59 勝1/11 前-0.064 後-0.076 合計-44%
  W 72 z1.5 H 6: n=1570 回-0.073% t=-16.83 勝0/11 前-0.072 後-0.075 合計-115%
  W 72 z1.5 H24: n= 991 回-0.071% t=-7.42 勝1/11 前-0.070 後-0.072 合計-70%
  W 72 z1.5 H72: n= 737 回-0.056% t=-4.18 勝2/11 前-0.066 後-0.047 合計-41%
  W 72 z2.0 H 6: n=1036 回-0.067% t=-11.43 勝0/11 前-0.067 後-0.067 合計-69%
  W 72 z2.0 H24: n= 674 回-0.061% t=-4.85 勝2/11 前-0.069 後-0.055 合計-41%
  W 72 z2.0 H72: n= 535 回-0.048% t=-2.84 勝3/11 前-0.058 後-0.039 合計-26%
  W 72 z2.5 H 6: n= 507 回-0.061% t=-7.16 勝0/11 前-0.060 後-0.063 合計-31%
  W 72 z2.5 H24: n= 377 回-0.065% t=-3.62 勝2/11 前-0.079 後-0.053 合計-24%
  W168 z1.5 H 6: n=1078 回-0.073% t=-13.13 勝0/11 前-0.079 後-0.068 合計-79%
  W168 z1.5 H24: n= 682 回-0.068% t=-5.51 勝2/11 前-0.067 後-0.070 合計-47%
  W168 z1.5 H72: n= 448 回-0.056% t=-2.50 勝3/11 前-0.053 後-0.059 合計-25%
  W168 z2.0 H 6: n= 673 回-0.078% t=-11.56 勝0/11 前-0.082 後-0.074 合計-52%
  W168 z2.0 H24: n= 438 回-0.060% t=-3.43 勝2/11 前-0.067 後-0.054 合計-26%
  W168 z2.5 H 6: n= 360 回-0.064% t=-5.33 勝1/11 前-0.056 後-0.071 合計-23%
  W168 z2.5 H24: n= 234 回-0.071% t=-2.65 勝2/11 前-0.071 後-0.070 合計-17%
  W336 z1.5 H 6: n= 747 回-0.065% t=-9.27 勝0/11 前-0.071 後-0.059 合計-48%
  W336 z1.5 H24: n= 470 回-0.074% t=-4.65 勝1/11 前-0.069 後-0.078 合計-35%
  W336 z1.5 H72: n= 305 回-0.093% t=-2.89 勝2/11 前-0.092 後-0.094 合計-28%
  W336 z2.0 H 6: n= 495 回-0.072% t=-8.12 勝0/11 前-0.070 後-0.074 合計-36%
  W336 z2.5 H 6: n= 238 回-0.074% t=-5.05 勝1/11 前-0.077 後-0.070 合計-18%

== UK100Cash/EU50Cash n=42305 spread 0.022+0.036% swap/日 L+0.0056/+0.0025 S-0.0006/+0.0001 ==
  W 24 z1.5 H 6: n=2696 回-0.069% t=-9.36 勝0/11 前-0.067 後-0.071 合計-187%
  W 24 z1.5 H24: n=1816 回-0.081% t=-5.90 勝1/11 前-0.091 後-0.075 合計-148%
  W 24 z1.5 H72: n=1590 回-0.088% t=-5.34 勝1/11 前-0.097 後-0.083 合計-141%
  W 24 z2.0 H 6: n=1757 回-0.052% t=-5.68 勝1/11 前-0.038 後-0.060 合計-91%
  W 24 z2.0 H24: n=1395 回-0.062% t=-3.81 勝1/11 前-0.076 後-0.053 合計-86%
  W 24 z2.0 H72: n=1260 回-0.052% t=-2.66 勝1/11 前-0.072 後-0.040 合計-65%
  W 24 z2.5 H 6: n= 862 回-0.064% t=-4.75 勝1/11 前-0.046 後-0.074 合計-55%
  W 72 z1.5 H 6: n=1683 回-0.065% t=-6.74 勝0/11 前-0.080 後-0.055 合計-110%
  W 72 z2.0 H 6: n=1111 回-0.067% t=-5.56 勝1/11 前-0.079 後-0.059 合計-74%
  W 72 z2.5 H 6: n= 565 回-0.074% t=-4.06 勝1/11 前-0.054 後-0.087 合計-42%
  W168 z1.5 H 6: n=1052 回-0.080% t=-5.82 勝2/11 前-0.091 後-0.074 合計-84%
  W168 z2.0 H 6: n= 748 回-0.066% t=-4.33 勝1/11 前-0.070 後-0.063 合計-49%
  W168 z2.5 H 6: n= 385 回-0.093% t=-4.61 勝1/11 前-0.110 後-0.083 合計-36%
  W336 z1.5 H 6: n= 757 回-0.055% t=-4.09 勝0/11 前-0.056 後-0.055 合計-42%
  W336 z2.0 H 6: n= 538 回-0.073% t=-3.58 勝1/11 前-0.127 後-0.043 合計-39%

== JP225Cash/HK50Cash n=38932 spread 0.012+0.056% swap/日 L+0.0124/+0.0111 S+0.0041/+0.0002 ==
  W 24 z1.5 H 6: n=2430 回-0.084% t=-5.13 勝1/11 前-0.075 後-0.090 合計-203%
  W 24 z1.5 H24: n=1611 回-0.126% t=-3.71 勝3/11 前-0.126 後-0.126 合計-203%
  W 24 z1.5 H72: n=1386 回-0.144% t=-3.52 勝3/11 前-0.173 後-0.123 合計-200%
  W 24 z2.0 H 6: n=1523 回-0.072% t=-3.46 勝3/11 前-0.073 後-0.072 合計-110%
  W 24 z2.0 H24: n=1202 回-0.157% t=-3.85 勝2/11 前-0.174 後-0.144 合計-188%
  W 24 z2.0 H72: n=1085 回-0.188% t=-4.03 勝1/11 前-0.202 後-0.178 合計-204%
  W 24 z2.5 H24: n= 739 回-0.201% t=-3.94 勝2/11 前-0.253 後-0.159 合計-148%
  W 24 z2.5 H72: n= 689 回-0.247% t=-4.29 勝1/11 前-0.274 後-0.227 合計-171%
  W 72 z1.5 H 6: n=1495 回-0.077% t=-3.53 勝3/11 前-0.075 後-0.078 合計-115%
  W 72 z2.0 H 6: n=1001 回-0.070% t=-2.71 勝2/11 前-0.073 後-0.068 合計-70%
  W 72 z2.0 H24: n= 659 回-0.204% t=-3.31 勝2/11 前-0.205 後-0.203 合計-134%
  W 72 z2.0 H72: n= 515 回-0.276% t=-2.78 勝1/11 前-0.317 後-0.245 合計-142%
  W168 z1.5 H 6: n= 983 回-0.072% t=-2.86 勝1/11 前-0.110 後-0.041 合計-70%
  W168 z2.0 H72: n= 303 回-0.387% t=-2.65 勝2/11 前-0.296 後-0.459 合計-117%
  W336 z1.5 H 6: n= 675 回-0.103% t=-3.53 勝1/11 前-0.087 後-0.113 合計-69%
  W336 z2.0 H 6: n= 475 回-0.120% t=-3.32 勝2/11 前-0.168 後-0.082 合計-57%
  W336 z2.5 H 6: n= 237 回-0.164% t=-3.19 勝2/11 前-0.182 後-0.151 合計-39%

== JP225Cash/US500Cash n=60602 spread 0.012+0.010% swap/日 L+0.0124/+0.0033 S+0.0041/-0.0004 ==

== GOLD./SILVER. n=61110 spread 0.003+0.071% swap/日 L+0.0220/+0.0308 S-0.0030/-0.0064 ==
  W 24 z1.5 H 6: n=3857 回-0.097% t=-8.76 勝0/11 前-0.094 後-0.100 合計-374%
  W 24 z1.5 H24: n=2654 回-0.130% t=-6.04 勝0/11 前-0.133 後-0.126 合計-344%
  W 24 z1.5 H72: n=2365 回-0.132% t=-5.18 勝0/11 前-0.133 後-0.132 合計-312%
  W 24 z2.0 H 6: n=2550 回-0.090% t=-6.57 勝0/11 前-0.106 後-0.077 合計-230%
  W 24 z2.0 H24: n=1992 回-0.125% t=-4.94 勝2/11 前-0.153 後-0.101 合計-249%
  W 24 z2.0 H72: n=1821 回-0.133% t=-4.34 勝1/11 前-0.162 後-0.107 合計-242%
  W 24 z2.5 H 6: n=1404 回-0.123% t=-7.22 勝0/11 前-0.129 後-0.117 合計-172%
  W 24 z2.5 H24: n=1261 回-0.155% t=-4.72 勝1/11 前-0.194 後-0.120 合計-195%
  W 24 z2.5 H72: n=1193 回-0.161% t=-3.94 勝2/11 前-0.212 後-0.116 合計-193%
  W 72 z1.5 H 6: n=2325 回-0.091% t=-6.50 勝0/11 前-0.092 後-0.090 合計-211%
  W 72 z1.5 H24: n=1508 回-0.142% t=-4.14 勝1/11 前-0.135 後-0.147 合計-213%
  W 72 z1.5 H72: n=1116 回-0.181% t=-3.35 勝1/11 前-0.192 後-0.172 合計-202%
  W 72 z2.0 H 6: n=1559 回-0.099% t=-5.02 勝1/11 前-0.109 後-0.091 合計-155%
  W 72 z2.0 H24: n=1043 回-0.179% t=-4.23 勝1/11 前-0.172 後-0.185 合計-187%
  W 72 z2.0 H72: n= 846 回-0.236% t=-3.55 勝1/11 前-0.262 後-0.216 合計-200%
  W 72 z2.5 H 6: n= 906 回-0.106% t=-3.55 勝1/11 前-0.119 後-0.094 合計-96%
  W 72 z2.5 H24: n= 672 回-0.219% t=-4.12 勝1/11 前-0.216 後-0.221 合計-147%
  W 72 z2.5 H72: n= 600 回-0.283% t=-3.35 勝1/11 前-0.324 後-0.251 合計-170%
  W168 z1.5 H 6: n=1457 回-0.084% t=-4.95 勝0/11 前-0.096 後-0.074 合計-123%
  W168 z1.5 H24: n= 948 回-0.159% t=-4.00 勝1/11 前-0.174 後-0.145 合計-150%
  W168 z1.5 H72: n= 652 回-0.255% t=-3.15 勝1/11 前-0.344 後-0.179 合計-166%
  W168 z2.0 H 6: n=1017 回-0.089% t=-3.79 勝1/11 前-0.088 後-0.091 合計-91%
  W168 z2.0 H24: n= 669 回-0.183% t=-3.53 勝1/11 前-0.167 後-0.196 合計-122%
  W168 z2.0 H72: n= 474 回-0.327% t=-2.97 勝1/11 前-0.388 後-0.276 合計-155%
  W168 z2.5 H 6: n= 633 回-0.126% t=-3.45 勝1/11 前-0.159 後-0.098 合計-80%
  W168 z2.5 H24: n= 431 回-0.248% t=-3.59 勝2/11 前-0.271 後-0.230 合計-107%
  W168 z2.5 H72: n= 321 回-0.481% t=-3.47 勝1/11 前-0.624 後-0.366 合計-154%
  W336 z1.5 H 6: n= 937 回-0.102% t=-4.63 勝1/11 前-0.127 後-0.084 合計-96%
  W336 z1.5 H24: n= 656 回-0.141% t=-3.02 勝0/11 前-0.150 後-0.134 合計-92%
  W336 z1.5 H72: n= 438 回-0.332% t=-2.94 勝2/11 前-0.573 後-0.156 合計-145%
  W336 z2.0 H 6: n= 693 回-0.073% t=-2.63 勝2/11 前-0.111 後-0.041 合計-51%
  W336 z2.0 H24: n= 457 回-0.215% t=-3.13 勝1/11 前-0.346 後-0.105 合計-98%
  W336 z2.0 H72: n= 304 回-0.488% t=-3.60 勝1/11 前-0.677 後-0.335 合計-148%
  W336 z2.5 H24: n= 291 回-0.277% t=-2.82 勝2/11 前-0.308 後-0.250 合計-81%

== OILCash/BRENTCash n=48831 spread 0.054+0.000% swap/日 L-0.0000/-0.0000 S-0.0000/-0.0000 ==
  W 24 z1.5 H 6: n=3132 回-0.055% t=-5.51 勝0/10 前-0.072 後-0.045 合計-172%
  W 24 z1.5 H24: n=2208 回-0.054% t=-3.43 勝1/10 前-0.070 後-0.045 合計-119%
  W 24 z1.5 H72: n=1967 回-0.054% t=-3.12 勝1/10 前-0.072 後-0.044 合計-106%
  W 24 z2.0 H 6: n=2010 回-0.062% t=-4.34 勝1/10 前-0.099 後-0.042 合計-125%
  W 24 z2.0 H24: n=1618 回-0.071% t=-3.60 勝1/10 前-0.118 後-0.046 合計-116%
  W 24 z2.0 H72: n=1476 回-0.064% t=-3.10 勝2/10 前-0.106 後-0.041 合計-95%
  W 24 z2.5 H 6: n=1086 回-0.063% t=-2.92 勝1/10 前-0.079 後-0.055 合計-69%
  W 24 z2.5 H24: n=1006 回-0.060% t=-2.56 勝1/10 前-0.111 後-0.034 合計-61%
  W 72 z1.5 H 6: n=2041 回-0.059% t=-4.63 勝0/10 前-0.089 後-0.042 合計-121%
  W 72 z1.5 H24: n=1271 回-0.069% t=-2.93 勝0/10 前-0.102 後-0.051 合計-88%
  W 72 z2.0 H 6: n=1282 回-0.065% t=-3.41 勝0/10 前-0.080 後-0.056 合計-83%
  W 72 z2.5 H 6: n= 661 回-0.095% t=-2.77 勝0/10 前-0.135 後-0.073 合計-63%
  W 72 z2.5 H24: n= 529 回-0.121% t=-2.53 勝2/10 前-0.193 後-0.079 合計-64%
  W168 z1.5 H 6: n=1325 回-0.069% t=-4.48 勝0/10 前-0.092 後-0.056 合計-91%
  W168 z2.0 H 6: n= 938 回-0.066% t=-3.13 勝0/10 前-0.095 後-0.051 合計-62%
  W168 z2.0 H24: n= 570 回-0.115% t=-2.84 勝0/10 前-0.185 後-0.079 合計-66%
  W336 z1.5 H 6: n= 971 回-0.073% t=-3.75 勝0/10 前-0.110 後-0.054 合計-71%
  W336 z1.5 H24: n= 626 回-0.119% t=-3.15 勝0/10 前-0.214 後-0.070 合計-74%
  W336 z2.0 H 6: n= 678 回-0.076% t=-2.72 勝0/10 前-0.134 後-0.046 合計-51%

== 総括: セル数 432  t>=3: 0  t>=3かつ両半>0: 0  t<=-3: 191
             A           B    W  zin   H     n      mean         t     first    second        sum
348  JP225Cash   US500Cash  168  2.5   6   548  0.027205  1.139360  0.002468  0.045366  14.908434
345  JP225Cash   US500Cash  168  2.0   6  1071  0.017545  1.114605  0.021380  0.014174  18.790283
347  JP225Cash   US500Cash  168  2.0  72   486  0.058401  0.890031  0.018900  0.091343  28.382761
349  JP225Cash   US500Cash  168  2.5  24   384  0.035717  0.712753  0.013310  0.052961  13.715358
359  JP225Cash   US500Cash  336  2.5  72   191  0.070512  0.539322  0.198287 -0.029797  13.467877
346  JP225Cash   US500Cash  168  2.0  24   692  0.017484  0.477415  0.035498  0.002168  12.098992
356  JP225Cash   US500Cash  336  2.0  72   320  0.035308  0.405736  0.028396  0.040823  11.298607
339  JP225Cash   US500Cash   72  2.5   6   820  0.006177  0.343229 -0.031338  0.035683   5.065198
331  JP225Cash   US500Cash   24  2.5  24  1209  0.006582  0.312124  0.027349 -0.009792   7.957721
35   US500Cash   US100Cash  336  2.5  72   171  0.020064  0.281662  0.055524 -0.007639   3.430936
350  JP225Cash   US500Cash  168  2.5  72   304  0.024395  0.280942 -0.103805  0.115143   7.416030
143  US500Cash  US2000Cash  336  2.5  72   169  0.034809  0.271745 -0.103813  0.119302   5.882666
