初回シグナルのみ(前回と同じ)   n= 892 平均+1.63% 中央+2.05% 勝率 59% PF1.56
全シグナル(再発火含む)         n=1198 平均+1.83% 中央+2.20% 勝率 60% PF1.64
コスト0.3%控除(往復)           n= 892 平均+1.33% 中央+1.75% 勝率 58% PF1.44
上位3玉除去                    n= 889 平均+1.52% 中央+2.03% 勝率 59% PF1.52
上位3日除去                    n= 876 平均+1.45% 中央+1.94% 勝率 59% PF1.49
株価<300円除外                n= 738 平均+1.60% 中央+2.08% 勝率 60% PF1.54
株価<1000円除外               n= 410 平均+2.18% 中央+2.70% 勝率 63% PF1.78
5日平均代金<3億除外           n= 621 平均+2.08% 中央+2.60% 勝率 62% PF1.70
寄りギャップ≥+3%(追いかけ)除外 n= 786 平均+1.81% 中央+2.18% 勝率 60% PF1.64
寄りギャップ<0(下寄り)だけ     n= 302 平均+1.99% 中央+2.44% 勝率 62% PF1.66
前半2016-20                   n= 469 平均+1.46% 中央+2.22% 勝率 59% PF1.51
後半2021-26                   n= 423 平均+1.82% 中央+1.90% 勝率 59% PF1.62
保有1日                       n= 892 平均+0.15% 中央+0.27% 勝率 52% PF1.09
保有2日                       n= 892 平均+0.90% 中央+1.27% 勝率 57% PF1.39
3日後の翌寄り売り             n= 892 平均+2.02% 中央+1.47% 勝率 57% PF1.64
乖離の位置別(シグナル日の25MA乖離):
  -15〜-5%   n=  53 平均+2.61% 中央+1.30% 勝率 58% PF1.66
  -5〜+5%   n= 147 平均+1.46% 中央+1.60% 勝率 57% PF1.39
  +5〜+15%   n= 692 平均+1.59% 中央+2.32% 勝率 60% PF1.60

3枠×100万シム(代金3億以上・コスト0.3%・同日は代金順): 年別損益(万円)
{'2016': 56, '2017': 126, '2018': 45, '2019': 44, '2020': 78, '2021': 43, '2022': -8, '2023': 77, '2024': 86, '2025': 129, '2026': 101} 合計+778万 最大DD-121万 年平均78万
