エピソード 904 銘柄 570 期間 2016-08-25 〜 2026-07-24
規制日数の分布(営業日): {'25%': 11.0, '50%': 14.0, '75%': 19.0}
価格つき 904

== 全エピソード (n=904) ==  平均 / 中央値 / 勝率(>0) ・ TOPIX差=x
  規制前20日の走り        +92.36% / +77.79% / 勝率  98%   ｜TOPIX差 +90.53% / +75.60% /   98%
  公表→実施初日           -3.32% /  -5.64% / 勝率  28%   ｜TOPIX差  -3.40% /  -5.69% /   28%
  規制中(公表日終値→最終日)    +1.83% /  -3.11% / 勝率  43%   ｜TOPIX差  +1.17% /  -3.22% /   40%
  規制中 1日あたり         -0.31% /  -0.22% / 勝率  43%
  解除前5日             -6.17% /  -4.19% / 勝率  31%   ｜TOPIX差  -5.94% /  -3.88% /   32%
  解除後1日             -0.23% /  -1.50% / 勝率  39%   ｜TOPIX差  -0.27% /  -1.62% /   38%
  解除後5日             -3.23% /  -5.75% / 勝率  30%   ｜TOPIX差  -3.47% /  -5.84% /   30%
  解除後10日            -4.89% /  -8.00% / 勝率  29%   ｜TOPIX差  -5.23% /  -8.60% /   28%
  解除後20日            -4.88% /  -9.55% / 勝率  28%   ｜TOPIX差  -5.73% / -10.79% /   26%

== 短い規制(≤10営業日) (n=224) ==  平均 / 中央値 / 勝率(>0) ・ TOPIX差=x
  規制前20日の走り        +78.84% / +66.51% / 勝率  99%   ｜TOPIX差 +77.36% / +64.97% /   99%
  公表→実施初日           -9.60% /  -9.53% / 勝率  12%   ｜TOPIX差  -9.46% /  -9.58% /   12%
  規制中(公表日終値→最終日)   -10.77% /  -8.82% / 勝率  17%   ｜TOPIX差 -10.54% /  -8.70% /   19%
  規制中 1日あたり         -1.32% /  -1.07% / 勝率  17%
  解除前5日             -6.81% /  -5.03% / 勝率  27%   ｜TOPIX差  -6.55% /  -4.84% /   30%
  解除後1日             +0.05% /  -1.81% / 勝率  38%   ｜TOPIX差  -0.13% /  -1.59% /   37%
  解除後5日             -3.67% /  -5.69% / 勝率  28%   ｜TOPIX差  -3.76% /  -5.93% /   30%
  解除後10日            -5.47% /  -7.93% / 勝率  26%   ｜TOPIX差  -5.69% /  -8.41% /   26%
  解除後20日            -5.41% /  -8.66% / 勝率  27%   ｜TOPIX差  -6.25% / -10.22% /   23%

== 中(11〜30営業日) (n=616) ==  平均 / 中央値 / 勝率(>0) ・ TOPIX差=x
  規制前20日の走り        +97.62% / +80.55% / 勝率  99%   ｜TOPIX差 +95.61% / +79.59% /   99%
  公表→実施初日           -2.38% /  -4.52% / 勝率  31%   ｜TOPIX差  -2.52% /  -4.77% /   32%
  規制中(公表日終値→最終日)    +1.18% /  -0.90% / 勝率  49%   ｜TOPIX差  +0.48% /  -1.73% /   45%
  規制中 1日あたり         -0.11% /  -0.05% / 勝率  49%
  解除前5日             -5.66% /  -3.62% / 勝率  33%   ｜TOPIX差  -5.46% /  -3.57% /   33%
  解除後1日             -0.27% /  -1.61% / 勝率  38%   ｜TOPIX差  -0.27% /  -1.75% /   38%
  解除後5日             -2.97% /  -5.85% / 勝率  31%   ｜TOPIX差  -3.22% /  -5.83% /   30%
  解除後10日            -4.56% /  -7.93% / 勝率  30%   ｜TOPIX差  -4.90% /  -8.39% /   28%
  解除後20日            -3.86% /  -9.80% / 勝率  29%   ｜TOPIX差  -4.68% / -10.70% /   27%

== 長い規制(>30営業日) (n=64) ==  平均 / 中央値 / 勝率(>0) ・ TOPIX差=x
  規制前20日の走り        +89.24% / +79.41% / 勝率  94%   ｜TOPIX差 +87.84% / +78.25% /   92%
  公表→実施初日           +9.64% /  -2.10% / 勝率  44%   ｜TOPIX差  +9.33% /  -1.63% /   42%
  規制中(公表日終値→最終日)   +52.29% / +45.50% / 勝率  78%   ｜TOPIX差 +48.44% / +39.08% /   75%
  規制中 1日あたり         +1.30% /  +1.19% / 勝率  78%
  解除前5日             -8.80% /  -7.93% / 勝率  22%   ｜TOPIX差  -8.42% /  -7.18% /   27%
  解除後1日             -0.79% /  +0.00% / 勝率  48%   ｜TOPIX差  -0.83% /  -0.67% /   44%
  解除後5日             -4.24% /  -3.79% / 勝率  34%   ｜TOPIX差  -4.81% /  -6.07% /   30%
  解除後10日            -6.05% /  -9.60% / 勝率  31%   ｜TOPIX差  -6.76% / -11.64% /   31%
  解除後20日           -12.82% / -15.74% / 勝率  31%   ｜TOPIX差 -14.12% / -18.30% /   27%

== 2016-2020 (n=474) ==  平均 / 中央値 / 勝率(>0) ・ TOPIX差=x
  規制前20日の走り        +90.44% / +76.74% / 勝率  98%   ｜TOPIX差 +88.62% / +74.70% /   97%
  公表→実施初日           -4.06% /  -5.08% / 勝率  27%   ｜TOPIX差  -4.18% /  -5.19% /   26%
  規制中(公表日終値→最終日)    +4.01% /  -2.01% / 勝率  45%   ｜TOPIX差  +3.52% /  -2.13% /   44%
  規制中 1日あたり         -0.17% /  -0.16% / 勝率  45%
  解除前5日             -5.14% /  -3.65% / 勝率  33%   ｜TOPIX差  -4.74% /  -3.34% /   34%
  解除後1日             -0.34% /  -1.25% / 勝率  40%   ｜TOPIX差  -0.32% /  -1.40% /   40%
  解除後5日             -2.98% /  -5.30% / 勝率  32%   ｜TOPIX差  -3.14% /  -5.37% /   31%
  解除後10日            -4.08% /  -7.34% / 勝率  31%   ｜TOPIX差  -4.45% /  -7.29% /   30%
  解除後20日            -4.14% /  -9.37% / 勝率  30%   ｜TOPIX差  -4.74% / -10.09% /   27%

== 2021-2026 (n=430) ==  平均 / 中央値 / 勝率(>0) ・ TOPIX差=x
  規制前20日の走り        +94.50% / +78.87% / 勝率  99%   ｜TOPIX差 +92.65% / +76.31% /   99%
  公表→実施初日           -2.50% /  -6.69% / 勝率  29%   ｜TOPIX差  -2.54% /  -6.93% /   30%
  規制中(公表日終値→最終日)    -0.57% /  -4.41% / 勝率  40%   ｜TOPIX差  -1.43% /  -4.94% /   37%
  規制中 1日あたり         -0.47% /  -0.38% / 勝率  40%
  解除前5日             -7.30% /  -4.59% / 勝率  28%   ｜TOPIX差  -7.26% /  -4.68% /   30%
  解除後1日             -0.10% /  -1.81% / 勝率  38%   ｜TOPIX差  -0.22% /  -1.70% /   36%
  解除後5日             -3.52% /  -6.00% / 勝率  29%   ｜TOPIX差  -3.83% /  -6.54% /   29%
  解除後10日            -5.78% /  -9.27% / 勝率  26%   ｜TOPIX差  -6.09% / -10.00% /   25%
  解除後20日            -5.71% / -10.13% / 勝率  27%   ｜TOPIX差  -6.84% / -11.42% /   24%

== 段階引き上げあり(004/005) (n=139) ==  平均 / 中央値 / 勝率(>0) ・ TOPIX差=x
  規制前20日の走り        +122.76% / +100.35% / 勝率  99%   ｜TOPIX差 +121.46% / +99.33% /   99%
  公表→実施初日           +4.37% /  -0.38% / 勝率  48%   ｜TOPIX差  +4.36% /  -0.55% /   49%
  規制中(公表日終値→最終日)   +16.28% /  +4.84% / 勝率  58%   ｜TOPIX差 +15.07% /  +2.99% /   54%
  規制中 1日あたり         +0.29% /  +0.27% / 勝率  58%
  解除前5日             -5.98% /  -3.91% / 勝率  35%   ｜TOPIX差  -5.99% /  -4.25% /   35%
  解除後1日             +0.27% /  -0.44% / 勝率  45%   ｜TOPIX差  +0.27% /  -0.55% /   45%
  解除後5日             -0.67% /  -6.25% / 勝率  35%   ｜TOPIX差  -1.01% /  -4.97% /   32%
  解除後10日            -4.85% / -11.48% / 勝率  27%   ｜TOPIX差  -5.12% / -11.74% /   24%
  解除後20日            -5.55% / -12.70% / 勝率  23%   ｜TOPIX差  -6.73% / -13.54% /   19%
解除前5日TOPIX差 -99〜-5 %: n= 415 解除後5日 -2.89% 勝率31%  解除後20日 -3.96%
解除前5日TOPIX差  -5〜0  %: n= 197 解除後5日 -2.53% 勝率28%  解除後20日 -4.09%
解除前5日TOPIX差   0〜5  %: n= 177 解除後5日 -3.89% 勝率32%  解除後20日 -7.68%
解除前5日TOPIX差   5〜99 %: n= 112 解除後5日 -6.58% 勝率27%  解除後20日 -12.15%

年別 規制中TOPIX差(平均%) / 解除後20日TOPIX差
        n   dur    p20
yr                    
2016   58  4.44  -6.83
2017  149  6.27  -3.28
2018   73  1.35  -4.68
2019   72  3.49  -5.97
2020  122  1.05  -4.84
2021   80 -1.03  -7.69
2022   64 -2.40 -12.44
2023   96  0.53  -6.05
2024   78 -0.56  -8.76
2025   82 -3.23   0.92
2026   30 -4.38 -12.46
