  v=x*s; n=len(v); mid=n//2; t=v.mean()/v.std()*np.sqrt(n); t1=v[:mid].mean()/v[:mid].std()*np.sqrt(mid); t2=v[mid:].mean()/v[mid:].std()*np.sqrt(n-mid)
  v=x*s; n=len(v); mid=n//2; t=v.mean()/v.std()*np.sqrt(n); t1=v[:mid].mean()/v[:mid].std()*np.sqrt(mid); t2=v[mid:].mean()/v[mid:].std()*np.sqrt(n-mid)
  v=x*s; n=len(v); mid=n//2; t=v.mean()/v.std()*np.sqrt(n); t1=v[:mid].mean()/v[:mid].std()*np.sqrt(mid); t2=v[mid:].mean()/v[mid:].std()*np.sqrt(n-mid)
  v=x*s; n=len(v); mid=n//2; t=v.mean()/v.std()*np.sqrt(n); t1=v[:mid].mean()/v[:mid].std()*np.sqrt(mid); t2=v[mid:].mean()/v[mid:].std()*np.sqrt(n-mid)
  v=x*s; n=len(v); mid=n//2; t=v.mean()/v.std()*np.sqrt(n); t1=v[:mid].mean()/v[:mid].std()*np.sqrt(mid); t2=v[mid:].mean()/v[mid:].std()*np.sqrt(n-mid)
  v=x*s; n=len(v); mid=n//2; t=v.mean()/v.std()*np.sqrt(n); t1=v[:mid].mean()/v[:mid].std()*np.sqrt(mid); t2=v[mid:].mean()/v[mid:].std()*np.sqrt(n-mid)
  v=x*s; n=len(v); mid=n//2; t=v.mean()/v.std()*np.sqrt(n); t1=v[:mid].mean()/v[:mid].std()*np.sqrt(mid); t2=v[mid:].mean()/v[mid:].std()*np.sqrt(n-mid)
  v=x*s; n=len(v); mid=n//2; t=v.mean()/v.std()*np.sqrt(n); t1=v[:mid].mean()/v[:mid].std()*np.sqrt(mid); t2=v[mid:].mean()/v[mid:].std()*np.sqrt(n-mid)
  v=x*s; n=len(v); mid=n//2; t=v.mean()/v.std()*np.sqrt(n); t1=v[:mid].mean()/v[:mid].std()*np.sqrt(mid); t2=v[mid:].mean()/v[mid:].std()*np.sqrt(n-mid)
  v=x*s; n=len(v); mid=n//2; t=v.mean()/v.std()*np.sqrt(n); t1=v[:mid].mean()/v[:mid].std()*np.sqrt(mid); t2=v[mid:].mean()/v[mid:].std()*np.sqrt(n-mid)
総セル1728 判定=t>3×前後半t>1.5×勝ち年8割×ネット>0(コスト0.005%)

== 合格 53 (ロールオーバー帯を除くと 19) ==
  NY    17:45 保有30分 買 n2785 グロス+0.0290% ネット+0.0240% t+15.26(前+15.0/後+7.8) 勝ち年11/11 ⚠ロールオーバー帯
  NY    17:15 保有60分 買 n2785 グロス+0.0290% ネット+0.0240% t+15.26(前+15.0/後+7.8) 勝ち年11/11 ⚠ロールオーバー帯
  ロンドン  22:15 保有60分 買 n2785 グロス+0.0286% ネット+0.0236% t+14.82(前+14.9/後+7.5) 勝ち年11/11 ⚠ロールオーバー帯
  ロンドン  22:45 保有30分 買 n2785 グロス+0.0281% ネット+0.0231% t+14.78(前+14.3/後+7.7) 勝ち年11/11 ⚠ロールオーバー帯
  NY    17:30 保有60分 買 n2785 グロス+0.0341% ネット+0.0291% t+14.71(前+14.4/後+7.9) 勝ち年11/11 ⚠ロールオーバー帯
  ロンドン  22:30 保有60分 買 n2785 グロス+0.0326% ネット+0.0276% t+14.15(前+13.9/後+7.7) 勝ち年11/11 ⚠ロールオーバー帯
  NY    17:45 保有60分 買 n2785 グロス+0.0358% ネット+0.0308% t+14.12(前+13.7/後+7.6) 勝ち年11/11 ⚠ロールオーバー帯
  ロンドン  23:00 保有15分 買 n2785 グロス+0.0237% ネット+0.0187% t+13.95(前+11.6/後+8.8) 勝ち年11/11 ⚠ロールオーバー帯
  NY    18:00 保有15分 買 n2785 グロス+0.0241% ネット+0.0191% t+13.87(前+11.3/後+8.9) 勝ち年11/11 ⚠ロールオーバー帯
  ロンドン  22:45 保有60分 買 n2785 グロス+0.0353% ネット+0.0303% t+13.76(前+13.4/後+7.6) 勝ち年11/11 ⚠ロールオーバー帯
  ロンドン  23:00 保有30分 買 n2785 グロス+0.0285% ネット+0.0235% t+13.51(前+11.1/後+8.8) 勝ち年11/11 ⚠ロールオーバー帯
  NY    18:00 保有30分 買 n2785 グロス+0.0292% ネット+0.0242% t+13.49(前+11.1/後+8.7) 勝ち年11/11 ⚠ロールオーバー帯
  ロンドン  21:45 保有15分 売 n2785 グロス+0.0150% ネット+0.0100% t+13.07(前+16.8/後+2.4) 勝ち年9/11
  NY    16:45 保有60分 売 n2785 グロス+0.0158% ネット+0.0108% t+12.68(前+16.2/後+2.5) 勝ち年9/11
  NY    16:45 保有30分 売 n2785 グロス+0.0158% ネット+0.0108% t+12.68(前+16.2/後+2.5) 勝ち年9/11
  NY    16:45 保有15分 売 n2785 グロス+0.0158% ネット+0.0108% t+12.68(前+16.2/後+2.5) 勝ち年9/11
  ロンドン  23:00 保有60分 買 n2785 グロス+0.0317% ネット+0.0267% t+11.50(前+9.3/後+7.7) 勝ち年11/11 ⚠ロールオーバー帯
  NY    18:00 保有60分 買 n2785 グロス+0.0309% ネット+0.0259% t+11.27(前+9.2/後+7.5) 勝ち年11/11 ⚠ロールオーバー帯
  ロンドン  21:45 保有30分 売 n2785 グロス+0.0140% ネット+0.0090% t+11.08(前+14.5/後+1.6) 勝ち年9/11
  UTC   22:00 保有15分 買 n2785 グロス+0.0146% ネット+0.0096% t+11.03(前+9.0/後+6.8) 勝ち年11/11 ⚠ロールオーバー帯
  ロンドン  21:30 保有30分 売 n2785 グロス+0.0162% ネット+0.0112% t+11.02(前+13.8/後+2.7) 勝ち年10/11
  UTC   22:00 保有30分 買 n2785 グロス+0.0177% ネット+0.0127% t+10.56(前+8.9/後+6.4) 勝ち年11/11 ⚠ロールオーバー帯
  NY    16:30 保有30分 売 n2785 グロス+0.0165% ネット+0.0115% t+10.11(前+12.6/後+2.5) 勝ち年9/11
  NY    16:30 保有60分 売 n2785 グロス+0.0165% ネット+0.0115% t+10.11(前+12.6/後+2.5) 勝ち年9/11
  ロンドン  21:45 保有60分 売 n2785 グロス+0.0134% ネット+0.0084% t+9.85(前+12.3/後+1.6) 勝ち年9/11
  UTC   22:00 保有60分 買 n2785 グロス+0.0196% ネット+0.0146% t+9.52(前+9.0/後+5.2) 勝ち年11/11 ⚠ロールオーバー帯
  ロンドン  21:15 保有60分 売 n2785 グロス+0.0161% ネット+0.0111% t+8.81(前+11.7/後+2.0) 勝ち年9/11
  ロンドン  21:30 保有60分 売 n2785 グロス+0.0143% ネット+0.0093% t+8.80(前+11.4/後+1.7) 勝ち年9/11
  UTC   21:45 保有60分 買 n2785 グロス+0.0172% ネット+0.0122% t+8.51(前+6.8/後+5.3) 勝ち年10/11 ⚠ロールオーバー帯
  NY    16:15 保有60分 売 n2785 グロス+0.0170% ネット+0.0120% t+8.48(前+11.4/後+2.0) 勝ち年9/11
  UTC   21:30 保有60分 買 n2785 グロス+0.0170% ネット+0.0120% t+8.38(前+7.2/後+4.9) 勝ち年10/11 ⚠ロールオーバー帯
  ロンドン  21:00 保有60分 売 n2785 グロス+0.0174% ネット+0.0124% t+8.33(前+10.4/後+2.3) 勝ち年9/11
  UTC   22:15 保有60分 買 n2785 グロス+0.0171% ネット+0.0121% t+8.32(前+7.3/後+5.1) 勝ち年11/11 ⚠ロールオーバー帯
  UTC   21:45 保有30分 買 n2785 グロス+0.0134% ネット+0.0084% t+8.19(前+6.3/後+5.3) 勝ち年10/11 ⚠ロールオーバー帯
  UTC   23:00 保有15分 買 n2785 グロス+0.0121% ネット+0.0071% t+8.13(前+6.5/後+5.4) 勝ち年11/11 ⚠ロールオーバー帯
  UTC   23:00 保有30分 買 n2785 グロス+0.0149% ネット+0.0099% t+8.07(前+5.8/後+5.8) 勝ち年11/11 ⚠ロールオーバー帯
  UTC   20:45 保有15分 売 n2785 グロス+0.0117% ネット+0.0067% t+7.90(前+9.5/後+1.7) 勝ち年9/11
  UTC   22:45 保有60分 買 n2785 グロス+0.0190% ネット+0.0140% t+7.68(前+6.3/後+5.0) 勝ち年11/11 ⚠ロールオーバー帯
  UTC   23:00 保有60分 買 n2784 グロス+0.0198% ネット+0.0148% t+7.67(前+5.3/後+5.7) 勝ち年11/11 ⚠ロールオーバー帯
  NY    16:00 保有60分 売 n2785 グロス+0.0174% ネット+0.0124% t+7.55(前+9.8/後+1.9) 勝ち年9/11
  UTC   22:30 保有60分 買 n2785 グロス+0.0167% ネット+0.0117% t+7.54(前+6.2/後+5.0) 勝ち年11/11 ⚠ロールオーバー帯
  UTC   22:45 保有30分 買 n2785 グロス+0.0133% ネット+0.0083% t+7.52(前+6.4/後+4.7) 勝ち年11/11 ⚠ロールオーバー帯
  UTC   21:15 保有60分 買 n2785 グロス+0.0135% ネット+0.0085% t+7.43(前+6.5/後+4.2) 勝ち年10/11 ⚠ロールオーバー帯
  ロンドン  10:15 保有15分 売 n2785 グロス+0.0097% ネット+0.0047% t+6.25(前+3.1/後+5.5) 勝ち年9/11
  UTC   02:15 保有15分 買 n2785 グロス+0.0072% ネット+0.0022% t+5.25(前+5.5/後+2.6) 勝ち年10/11
  NY    05:15 保有15分 売 n2785 グロス+0.0080% ネット+0.0030% t+5.22(前+2.8/後+4.4) 勝ち年9/11
  ロンドン  23:15 保有30分 買 n2785 グロス+0.0073% ネット+0.0023% t+4.60(前+2.6/後+3.8) 勝ち年9/11 ⚠ロールオーバー帯
  NY    18:15 保有15分 買 n2785 グロス+0.0051% ネット+0.0001% t+4.46(前+2.7/後+3.6) 勝ち年10/11 ⚠ロールオーバー帯
  NY    18:15 保有30分 買 n2785 グロス+0.0068% ネット+0.0018% t+4.46(前+2.9/後+3.3) 勝ち年9/11 ⚠ロールオーバー帯
  ロンドン  23:15 保有60分 買 n2785 グロス+0.0103% ネット+0.0053% t+4.33(前+1.9/後+4.0) 勝ち年9/11 ⚠ロールオーバー帯
  UTC   01:30 保有60分 買 n2785 グロス+0.0139% ネット+0.0089% t+3.81(前+3.4/後+2.3) 勝ち年9/11
  UTC   23:15 保有30分 買 n2785 グロス+0.0057% ネット+0.0007% t+3.50(前+2.2/後+2.7) 勝ち年10/11 ⚠ロールオーバー帯
  NY    19:00 保有60分 買 n2784 グロス+0.0087% ネット+0.0037% t+3.41(前+1.8/後+2.9) 勝ち年9/11 ⚠ロールオーバー帯

== 参考: ロールオーバー帯を除いたt上位10(合格不問) ==
  ロンドン  21:45 保有15分 売 n2785 グロス+0.0150% ネット+0.0100% t+13.07(前+16.8/後+2.4) 勝ち年9/11
  NY    16:45 保有15分 売 n2785 グロス+0.0158% ネット+0.0108% t+12.68(前+16.2/後+2.5) 勝ち年9/11
  NY    16:45 保有30分 売 n2785 グロス+0.0158% ネット+0.0108% t+12.68(前+16.2/後+2.5) 勝ち年9/11
  NY    16:45 保有60分 売 n2785 グロス+0.0158% ネット+0.0108% t+12.68(前+16.2/後+2.5) 勝ち年9/11
  ロンドン  21:45 保有30分 売 n2785 グロス+0.0140% ネット+0.0090% t+11.08(前+14.5/後+1.6) 勝ち年9/11
  ロンドン  21:30 保有30分 売 n2785 グロス+0.0162% ネット+0.0112% t+11.02(前+13.8/後+2.7) 勝ち年10/11
  NY    16:30 保有60分 売 n2785 グロス+0.0165% ネット+0.0115% t+10.11(前+12.6/後+2.5) 勝ち年9/11
  NY    16:30 保有30分 売 n2785 グロス+0.0165% ネット+0.0115% t+10.11(前+12.6/後+2.5) 勝ち年9/11
  ロンドン  21:45 保有60分 売 n2785 グロス+0.0134% ネット+0.0084% t+9.85(前+12.3/後+1.6) 勝ち年9/11
  ロンドン  21:15 保有60分 売 n2785 グロス+0.0161% ネット+0.0111% t+8.81(前+11.7/後+2.0) 勝ち年9/11

== 4年XMデータで見えた候補の10年成績 ==
  ロンドン10:00買(値決め直前の前)
  ロンドン  10:00 保有15分 買 n2785 グロス+0.0055% ネット+0.0005% t+3.55(前+1.1/後+3.8) 勝ち年10/11
  ロンドン  10:00 保有30分 買 n2785 グロス-0.0042% ネット-0.0092% t-1.90(前-1.3/後-1.4) 勝ち年5/11
  ロンドン  10:00 保有60分 買 n2785 グロス-0.0012% ネット-0.0062% t-0.39(前-0.8/後+0.2) 勝ち年6/11
  ロンドン01:30買
  ロンドン  01:30 保有15分 買 n2785 グロス+0.0040% ネット-0.0010% t+2.26(前-1.0/後+3.4) 勝ち年6/11 ⚠ロールオーバー帯
  ロンドン  01:30 保有30分 買 n2785 グロス+0.0066% ネット+0.0016% t+2.72(前+0.5/後+3.0) 勝ち年8/11 ⚠ロールオーバー帯
  ロンドン  01:30 保有60分 買 n2785 グロス+0.0118% ネット+0.0068% t+2.91(前+1.4/後+2.6) 勝ち年8/11 ⚠ロールオーバー帯
  ロンドン02:45売
  ロンドン  02:45 保有15分 売 n2785 グロス+0.0032% ネット-0.0018% t+1.72(前-0.8/後+2.5) 勝ち年7/11
  ロンドン  02:45 保有30分 売 n2785 グロス+0.0031% ネット-0.0019% t+1.30(前+0.1/後+1.5) 勝ち年6/11
  ロンドン  02:45 保有60分 売 n2785 グロス+0.0030% ネット-0.0020% t+0.93(前-0.0/後+1.2) 勝ち年5/11
  ロンドン10:15売(実弾)
  ロンドン  10:15 保有15分 売 n2785 グロス+0.0097% ネット+0.0047% t+6.25(前+3.1/後+5.5) 勝ち年9/11
  ロンドン  10:15 保有30分 売 n2785 グロス+0.0070% ネット+0.0020% t+3.36(前+0.8/後+3.7) 勝ち年8/11
  ロンドン  10:15 保有60分 売 n2785 グロス+0.0031% ネット-0.0019% t+0.91(前+0.8/後+0.5) 勝ち年6/11
  UTC20:45売(NY引け前)
  UTC   20:45 保有15分 売 n2785 グロス+0.0117% ネット+0.0067% t+7.90(前+9.5/後+1.7) 勝ち年9/11
  UTC   20:45 保有30分 売 n2785 グロス+0.0104% ネット+0.0054% t+7.22(前+9.2/後+1.2) 勝ち年9/11
  UTC   20:45 保有60分 売 n2785 グロス+0.0103% ネット+0.0053% t+6.36(前+8.1/後+1.5) 勝ち年9/11
