M5 746032 2016-01-04 00:00:00 2026-09-04 20:55:00
M15 248724 2016-01-04 00:00:00 2026-09-04 20:45:00
H1 62243 2016-01-04 00:00:00 2026-09-04 20:00:00
H4 15947 2016-01-04 02:00:00 2026-09-04 18:00:00
D1 2206 2016-01-04 22:00:00 2026-09-03 22:00:00
A done 857 149
M5 B done 996 239
M15 B done 1135 271
H1 B done 1274 279
H4 B done 1405 281
D1 B done 1520 282

総セル 1533・理論噪音床(期待最大t)≈3.83・所要283s

== ランダム建玉対照(30シード・M5/H1/D1・平均保有20足・両方向) 最大t ==
  M5: max t -3.48 / 95%点 -3.63 / 平均 -4.94
  H1: max t +1.83 / 95%点 +1.44 / 平均 -0.49
  D1: max t +1.23 / 95%点 +1.13 / 平均 -0.13

== 合格判定: t>3.5 × 前後半t>1.5 × 勝ち年≥8/11 × コスト2倍でもt>2 × 上位3日除いてもt>2.5 ==
合格 2 / 1533
  B|RSI2>80順張り|H4|hold5|買                          日 2331 回  1820 年率 +13.4% PF1.26 t+3.74(前+2.4/後+2.9) 勝年9/11 α-t+1.3 稼働0.61 コスト2倍t+3.5 上3除t+3.4 グロス/回+0.087%
  B|RSI2>80順張り|H4|hold2|買                          日 2019 回  2976 年率 +10.2% PF1.27 t+3.56(前+1.7/後+3.2) 勝年9/11 α-t+1.7 稼働0.37 コスト2倍t+3.0 上3除t+3.2 グロス/回+0.044%

== ドリフト除去(α)判定: 上の合格条件 かつ α-t>3.5 (買い持ちの取り分を引いても残るか) ==
合格 0

== α-t 上位15 (合格不問) ==
  B|急落3ATRフェード|M15|hold10|買                        日  660 回  1370 年率  +3.6% PF1.41 t+2.91(前+0.6/後+3.4) 勝年8/11 α-t+2.6 稼働0.03 コスト2倍t+2.3 上3除t+2.5 グロス/回+0.035%
  B|RSI2>80順張り|H4|hold2|買                          日 2019 回  2976 年率 +10.2% PF1.27 t+3.56(前+1.7/後+3.2) 勝年9/11 α-t+1.7 稼働0.37 コスト2倍t+3.0 上3除t+3.2 グロス/回+0.044%
  A2|クロス10/50等価|M15|SMA20/100|両                    日 2770 回  3318 年率  +9.0% PF1.11 t+1.85(前+1.0/後+1.5) 勝年8/11 α-t+1.7 稼働1.00 コスト2倍t+1.1 上3除t+1.5 グロス/回+0.042%
  A|MAクロス|M15|SMA|20/100|両                         日 2770 回  3318 年率  +9.0% PF1.11 t+1.85(前+1.0/後+1.5) 勝年8/11 α-t+1.7 稼働1.00 コスト2倍t+1.1 上3除t+1.5 グロス/回+0.042%
  B|RSI14<20順張り|H1|hold20|売                        日  217 回   210 年率  +1.1% PF1.25 t+1.09(前+0.3/後+1.1) 勝年7/11 α-t+1.7 稼働0.04 コスト2倍t+1.0 上3除t+0.2 グロス/回+0.063%
  B|ROC20|H1|両                                     日 2771 回  6236 年率  +8.6% PF1.10 t+1.77(前+0.9/後+1.5) 勝年8/11 α-t+1.6 稼働1.00 コスト2倍t+0.4 上3除t+1.4 グロス/回+0.027%
  A|MAクロス|H1|WMA|10/50|両                           日 2769 回  2194 年率  +8.6% PF1.10 t+1.77(前+0.6/後+1.8) 勝年7/11 α-t+1.6 稼働1.00 コスト2倍t+1.3 上3除t+1.3 グロス/回+0.055%
  B|RSI14<30順張り|H1|hold20|売                        日 1028 回   898 年率  +0.7% PF1.03 t+0.29(前+0.6/後-0.0) 勝年6/11 α-t+1.6 稼働0.22 コスト2倍t+0.1 上3除t-0.6 グロス/回+0.015%
  A|MAクロス|H1|SMA|5/20|両                            日 2771 回  3914 年率  +8.5% PF1.10 t+1.71(前+0.8/後+1.5) 勝年6/11 α-t+1.6 稼働1.00 コスト2倍t+0.8 上3除t+1.3 グロス/回+0.036%
  B|RSI2<30順張り|H4|hold5|売                          日 2493 回  1701 年率  -3.5% PF0.95 t-0.87(前-0.9/後-0.4) 勝年4/11 α-t+1.5 稼働0.69 コスト2倍t-1.1 上3除t-1.6 グロス/回-0.017%
  B|RSI2>90順張り|H4|hold2|買                          日 1419 回  2054 年率  +6.4% PF1.27 t+2.98(前+1.9/後+2.3) 勝年9/11 α-t+1.5 稼働0.22 コスト2倍t+2.5 上3除t+2.6 グロス/回+0.040%
  B|急落3ATRフェード|M15|hold3|買                         日  644 回  1380 年率  +1.2% PF1.21 t+1.68(前-0.2/後+2.4) 勝年7/11 α-t+1.5 稼働0.01 コスト2倍t+0.6 上3除t+1.2 グロス/回+0.016%
  B|RSI14>70順張り|H1|hold20|買                        日 1269 回  1086 年率  +7.9% PF1.30 t+3.12(前+2.7/後+1.8) 勝年9/11 α-t+1.5 稼働0.29 コスト2倍t+2.9 上3除t+2.7 グロス/回+0.086%
  A|MAクロス|H1|EMA|5/20|両                            日 2771 回  3657 年率  +8.4% PF1.10 t+1.67(前+0.7/後+1.6) 勝年8/11 α-t+1.5 稼働1.00 コスト2倍t+0.9 上3除t+1.3 グロス/回+0.037%
  B|RSI2<20順張り|H4|hold5|売                          日 2168 回  1785 年率  -2.2% PF0.96 t-0.58(前-0.7/後-0.2) 勝年6/11 α-t+1.5 稼働0.54 コスト2倍t-0.8 上3除t-1.4 グロス/回-0.007%

== (A) SMMA質問: MA型別の集計(全戦略×全時間軸) ==
      cells  t_mean  t_max  pf_med  plus  ann_mean
ma                                                
EMA     160   -1.50   3.19    0.95  0.44     -5.01
SMA     160   -1.37   3.34    0.95  0.46     -4.49
SMMA    157   -0.81   3.04    0.97  0.45     -2.03
WMA     160   -1.76   3.24    0.94  0.44     -6.27

  時間軸×MA型 平均t:
ma    EMA   SMA  SMMA   WMA
tf                         
D1   0.54  0.42  0.92  0.55
H1   0.13  0.29  0.19  0.60
H4   0.49  0.27  0.57  0.30
M15 -1.45 -1.31 -0.97 -1.91
M5  -7.22 -6.51 -4.61 -8.33

  戦略×MA型 平均年率%:
ma              EMA  SMA  SMMA   WMA
strat                               
MAクロス          -0.2 -0.3   2.5  -1.7
価格vsMA        -11.1 -9.8  -6.0 -13.3
戻り20/トレンド200   -7.0 -6.9  -6.3  -6.9
戻り50/トレンド200   -5.6 -5.0  -5.0  -6.5
押し目20/トレンド200   0.8  1.0   0.0   2.3
押し目50/トレンド200  -0.4 -0.5  -1.5   0.4

  SMMAセル上位10:
  A|MAクロス|M5|SMMA|50/200|買                         日 2209 回  2208 年率 +10.7% PF1.20 t+3.04(前+1.8/後+2.5) 勝年8/11 α-t+0.8 稼働0.54 コスト2倍t+2.7 上3除t+2.7 グロス/回+0.059%
  A|MAクロス|M15|SMMA|10/50|買                         日 2387 回  3416 年率 +10.4% PF1.19 t+2.93(前+2.0/後+2.2) 勝年9/11 α-t+0.8 稼働0.54 コスト2倍t+2.4 上3除t+2.6 グロス/回+0.039%
  A|MAクロス|M15|SMMA|50/200|買                        日 1832 回   735 年率 +10.6% PF1.22 t+2.92(前+1.2/後+2.8) 勝年9/11 α-t+0.7 稼働0.56 コスト2倍t+2.8 上3除t+2.6 グロス/回+0.165%
  A|価格vsMA|H4|SMMA|20|買                            日 1999 回  1394 年率 +10.3% PF1.20 t+2.90(前+1.3/後+2.7) 勝年9/11 α-t+0.7 稼働0.57 コスト2倍t+2.7 上3除t+2.6 グロス/回+0.088%
  A|MAクロス|H1|SMMA|5/20|買                           日 2173 回  1966 年率 +10.1% PF1.19 t+2.89(前+2.0/後+2.1) 勝年9/11 α-t+0.7 稼働0.54 コスト2倍t+2.6 上3除t+2.5 グロス/回+0.063%
  A|価格vsMA|D1|SMMA|20|買                            日 1487 回   187 年率 +11.8% PF1.24 t+2.84(前+1.7/後+2.2) 勝年10/11 α-t+0.7 稼働0.63 コスト2倍t+2.8 上3除t+2.5 グロス/回+0.700%
  A|価格vsMA|D1|SMMA|200|買                           日 1999 回    25 年率 +13.5% PF1.20 t+2.81(前+1.6/後+2.3) 勝年9/11 α-t+0.1 稼働0.90 コスト2倍t+2.8 上3除t+2.5 グロス/回+5.950%
  A|MAクロス|H4|SMMA|50/200|買                         日 1920 回    43 年率 +11.6% PF1.20 t+2.70(前+1.7/後+2.1) 勝年9/11 α-t+0.4 稼働0.69 コスト2倍t+2.7 上3除t+2.4 グロス/回+2.977%
  A|MAクロス|H1|SMMA|50/200|買                         日 1722 回   189 年率 +10.4% PF1.21 t+2.66(前+1.8/後+2.0) 勝年9/11 α-t+0.5 稼働0.59 コスト2倍t+2.6 上3除t+2.3 グロス/回+0.614%
  A|MAクロス|D1|SMMA|10/50|買                          日 1632 回    25 年率 +11.7% PF1.21 t+2.64(前+1.5/後+2.1) 勝年9/11 α-t+0.3 稼働0.74 コスト2倍t+2.6 上3除t+2.3 グロス/回+5.154%
  SMMA vs SMA 同一セル差(t): 平均 0.552

== (B) 白紙スキャン t上位20(合格不問) ==
  B|RSI2>80順張り|H4|hold5|買                          日 2331 回  1820 年率 +13.4% PF1.26 t+3.74(前+2.4/後+2.9) 勝年9/11 α-t+1.3 稼働0.61 コスト2倍t+3.5 上3除t+3.4 グロス/回+0.087%
  B|RSI2>80順張り|H4|hold2|買                          日 2019 回  2976 年率 +10.2% PF1.27 t+3.56(前+1.7/後+3.2) 勝年9/11 α-t+1.7 稼働0.37 コスト2倍t+3.0 上3除t+3.2 グロス/回+0.044%
  B|RSI2>70順張り|H4|hold5|買                          日 2591 回  1700 年率 +13.1% PF1.21 t+3.27(前+2.3/後+2.3) 勝年9/11 α-t+0.6 稼働0.75 コスト2倍t+3.0 上3除t+3.0 グロス/回+0.091%
  B|ROC20|H1|買                                     日 2539 回  6222 年率 +11.4% PF1.21 t+3.25(前+1.8/後+2.7) 勝年8/11 α-t+1.1 稼働0.53 コスト2倍t+2.3 上3除t+2.9 グロス/回+0.026%
  B|RSI2>70順張り|H4|hold2|買                          日 2378 回  3378 年率 +10.6% PF1.22 t+3.25(前+2.1/後+2.5) 勝年8/11 α-t+1.1 稼働0.50 コスト2倍t+2.7 上3除t+2.9 グロス/回+0.040%
  B|RSI2>90順張り|H4|hold5|買                          日 1766 回  1582 年率  +9.1% PF1.25 t+3.15(前+2.2/後+2.3) 勝年9/11 α-t+1.2 稼働0.40 コスト2倍t+2.9 上3除t+2.8 グロス/回+0.069%
  B|RSI14>70順張り|H1|hold20|買                        日 1269 回  1086 年率  +7.9% PF1.30 t+3.12(前+2.7/後+1.8) 勝年9/11 α-t+1.5 稼働0.29 コスト2倍t+2.9 上3除t+2.7 グロス/回+0.086%
  B|RSI2<30逆張り|M15|hold20|買                        日 2771 回   981 年率 +15.2% PF1.18 t+3.07(前+1.8/後+2.5) 勝年9/11 α-t+0.2 稼働0.99 コスト2倍t+3.0 上3除t+2.8 グロス/回+0.177%
  B|RSI2>80順張り|H4|hold20|買                         日 2731 回   161 年率 +14.4% PF1.18 t+3.05(前+1.7/後+2.5) 勝年8/11 α-t+0.2 稼働0.97 コスト2倍t+3.0 上3除t+2.8 グロス/回+0.992%
  B|RSI2>70順張り|H1|hold20|買                         日 2771 回   207 年率 +14.7% PF1.18 t+3.03(前+1.8/後+2.5) 勝年10/11 α-t+0.1 稼働0.99 コスト2倍t+3.0 上3除t+2.8 グロス/回+0.788%
  B|RSI2>90順張り|H1|hold20|買                         日 2689 回  1794 年率 +12.9% PF1.18 t+3.01(前+2.4/後+2.0) 勝年11/11 α-t+0.3 稼働0.82 コスト2倍t+2.8 上3除t+2.7 グロス/回+0.085%
  B|RSI2>90順張り|H4|hold2|買                          日 1419 回  2054 年率  +6.4% PF1.27 t+2.98(前+1.9/後+2.3) 勝年9/11 α-t+1.5 稼働0.22 コスト2倍t+2.5 上3除t+2.6 グロス/回+0.040%
  B|BB20/2.0上抜け順張り|H1|hold20|買                     日 2061 回  2022 年率  +9.4% PF1.21 t+2.96(前+1.7/後+2.4) 勝年9/11 α-t+0.8 稼働0.48 コスト2倍t+2.6 上3除t+2.6 グロス/回+0.057%
  B|RSI2>90順張り|D1|hold20|買                         日 1987 回    47 年率 +13.8% PF1.21 t+2.93(前+2.0/後+2.2) 勝年9/11 α-t+0.2 稼働0.89 コスト2倍t+2.9 上3除t+2.6 グロス/回+3.230%
  B|RSI2<10逆張り|D1|hold20|買                         日 1660 回    75 年率 +11.4% PF1.23 t+2.93(前+1.8/後+2.3) 勝年9/11 α-t+0.2 稼働0.74 コスト2倍t+2.9 上3除t+2.6 グロス/回+1.673%
  B|RSI2>70順張り|D1|hold20|買                         日 2188 回     5 年率 +14.4% PF1.20 t+2.93(前+1.9/後+2.2) 勝年9/11 α-t+0.1 稼働0.99 コスト2倍t+2.9 上3除t+2.6 グロス/回+31.796%
  B|急落3ATRフェード|M15|hold10|買                        日  660 回  1370 年率  +3.6% PF1.41 t+2.91(前+0.6/後+3.4) 勝年8/11 α-t+2.6 稼働0.03 コスト2倍t+2.3 上3除t+2.5 グロス/回+0.035%
  B|ドンチャン10|H4|買                                   日 1782 回   603 年率 +10.2% PF1.21 t+2.90(前+2.2/後+1.9) 勝年9/11 α-t+0.7 稼働0.54 コスト2倍t+2.8 上3除t+2.6 グロス/回+0.192%
  B|常時買い(ベンチ)|D1|買                                 日 2204 回     1 年率 +14.3% PF1.19 t+2.89(前+1.7/後+2.3) 勝年9/11 α-t-0.0 稼働1.00 コスト2倍t+2.9 上3除t+2.6 グロス/回+157.287%
  B|RSI2>80順張り|H1|hold20|買                         日 2769 回   746 年率 +13.6% PF1.17 t+2.87(前+2.0/後+2.1) 勝年9/11 α-t-0.0 稼働0.96 コスト2倍t+2.8 上3除t+2.6 グロス/回+0.207%

== 時間軸別 最大t / PF>1の割合 ==
     cells  t_max  pf_gt1  ann_med
tf                                
D1     297   3.02    0.64     3.77
H1     311   3.25    0.54     0.48
H4     303   3.74    0.59     1.36
M15    311   3.34    0.32    -4.30
M5     311   3.07    0.14   -16.24

== 参考: 常時買い(ベンチ) ==
  B|常時買い(ベンチ)|D1|買                                 日 2204 回     1 年率 +14.3% PF1.19 t+2.89(前+1.7/後+2.3) 勝年9/11 α-t-0.0 稼働1.00 コスト2倍t+2.9 上3除t+2.6 グロス/回+157.287%

== (A2) SMMA(n) と EMA(2n-1)/SMA(2n) の等価性(同一セルの年率%) ==
mag                EMA   SMA  SMMA
kind        side                  
クロス10/50等価  両      4.6   3.9   4.6
            買      9.4   8.8   9.4
クロス20/100等価 両      4.7   5.6   4.7
            買      9.4   9.9   9.4
価格vsMA100等価 両     -3.7  -6.6  -3.7
            買      5.2   3.7   5.2
価格vsMA200等価 両     -0.7  -2.0  -0.7
            買      6.7   6.0   6.7
価格vsMA20等価  両    -20.2 -24.1 -20.2
            買     -3.0  -5.1  -3.0
価格vsMA50等価  両    -11.2 -11.8 -11.2
            買      1.5   1.0   1.5
  t平均:
mag    EMA   SMA  SMMA
side                  
両    -0.85 -1.59 -0.85
買     1.16  0.67  1.16

== 上位候補の年別ネット% (10年) ==
ts                        2016  2017  2018  2019  2020  2021  2022  2023  2024  2025  2026
RSI2>80順張りH4 hold5 買      14.2   7.1  -5.9  12.9  23.8   7.5  -5.2  11.8  17.3  33.7  30.7
RSI2>80順張りH4 hold2 買      12.9   2.5 -10.5  11.6  16.9  -4.4   0.6   5.8  19.5  26.6  30.4
RSI2<20順張りH4 hold5 売(鏡像)  -8.2  -9.6   0.0  -6.8   3.7   7.0   2.1   5.5  -8.0 -20.1  10.6
常時買いH4                     9.1  12.7  -1.6  17.9  25.3  -4.1   1.3  13.1  25.2  51.8   4.6

== XM実データ(GOLD. M15 2022-07〜2026-09)→H4で同ルール再現 ==
  cols ['time', 'open', 'high', 'low', 'close', 'tick_volume', 'spread', 'real_volume'] 2022-07-12 03:30:00 2026-09-18 21:45:00
  RSI2>80 hold5 買      日1083 回781 年率+12.5% PF1.22 t+2.08 α-t-0.01 勝年4/5
  RSI2>80 hold2 買      日916 回1264 年率+10.1% PF1.23 t+2.02 α-t+0.48 勝年3/5
  常時買い                 日1300 回1 年率+20.0% PF1.24 t+2.55 α-t-0.00 勝年5/5
  Duka同期間 hold5 買  日909 回694 年率+18.9% PF1.38 t+3.23 α-t+1.12
