金15分Sの実弾ルール=ロンドン10:15→10:30(AM値決め直前)。同じ形を各金属の値決め直前で測る(グロス=寄り→引けの下落%・コスト=往復スプレッド%・M15口座データ・ロンドン時刻)

== GOLD. 2022-07-12〜2026-09-18 n98,084 往復コスト中央0.0049% ==
  AM値決め10:30   直前15分S: n1082 グロス+0.0159% t+5.67 勝率58% ネット+0.0110% 年別 2022:+0.003 2023:+0.004 2024:+0.010 2025:+0.014 2026:+0.053
  PM値決め15:00   直前15分S: n1082 グロス+0.0018% t+0.30 勝率50% ネット-0.0031% 年別 2022:-0.046 2023:+0.005 2024:-0.009 2025:+0.021 2026:+0.016
  全96窓の最良S3: 10:15 +0.0159% t+5.67 | 02:45 +0.0084% t+2.19 | 18:15 +0.0056% t+1.65  vs コスト0.0049%
  全96窓の最良L3: 23:00 +0.0183% t+4.40 | 10:00 +0.0105% t+3.99 | 01:30 +0.0127% t+3.48

== XAUEUR. 2022-07-11〜2026-09-18 n98,097 往復コスト中央0.0074% ==
  AM値決め10:30   直前15分S: n1082 グロス+0.0149% t+5.32 勝率57% ネット+0.0075% 年別 2022:-0.004 2023:+0.004 2024:+0.011 2025:+0.011 2026:+0.052
  PM値決め15:00   直前15分S: n1082 グロス+0.0061% t+1.16 勝率50% ネット-0.0012% 年別 2022:-0.028 2023:+0.013 2024:-0.010 2025:+0.025 2026:+0.015
  全96窓の最良S3: 10:15 +0.0149% t+5.32 | 13:00 +0.0117% t+3.07 | 13:15 +0.0082% t+1.80  vs コスト0.0074%
  全96窓の最良L3: 23:00 +0.0270% t+6.71 | 23:15 +0.0096% t+3.89 | 01:30 +0.0127% t+3.72

== SILVER. 2022-07-12〜2026-09-18 n98,087 往復コスト中央0.0705% ==
  銀値決め12:00    直前15分S: n1082 グロス+0.0151% t+2.65 勝率53% ネット-0.0554% 年別 2022:-0.019 2023:+0.018 2024:+0.004 2025:+0.035 2026:+0.022
  全96窓の最良S3: 10:15 +0.0152% t+2.68 | 11:45 +0.0151% t+2.65 | 02:45 +0.0237% t+2.33  vs コスト0.0705%
  全96窓の最良L3: 21:45 +0.0100% t+2.94 | 06:00 +0.0177% t+2.70 | 01:30 +0.0171% t+2.47

== XPTUSD. 2022-07-05〜2026-09-18 n98,097 往復コスト中央0.1530% ==
  AM値決め09:45   直前15分S: n1084 グロス+0.0108% t+1.55 勝率49% ネット-0.1422% 年別 2022:-0.027 2023:+0.010 2024:-0.001 2025:-0.002 2026:+0.072
  PM値決め14:00   直前15分S: n1087 グロス-0.0118% t-1.17 勝率49% ネット-0.1648% 年別 2022:-0.021 2023:-0.008 2024:+0.009 2025:-0.003 2026:-0.053
  全96窓の最良S3: 21:45 +0.0181% t+4.60 | 21:30 +0.0092% t+2.91 | 17:30 +0.0177% t+2.87  vs コスト0.1530%
  全96窓の最良L3: 23:00 +0.1268% t+12.08 | 13:30 +0.0334% t+2.66 | 15:00 +0.0310% t+2.64

== XPDUSD. 2022-07-05〜2026-09-18 n98,100 往復コスト中央0.2399% ==
  AM値決め09:45   直前15分S: n1085 グロス+0.0243% t+2.82 勝率51% ネット-0.2156% 年別 2022:+0.050 2023:+0.063 2024:-0.005 2025:-0.008 2026:+0.040
  PM値決め14:00   直前15分S: n1087 グロス-0.0090% t-0.62 勝率49% ネット-0.2489% 年別 2022:-0.035 2023:+0.002 2024:+0.017 2025:-0.032 2026:-0.013
  全96窓の最良S3: 21:45 +0.0488% t+6.92 | 09:45 +0.0612% t+5.83 | 13:15 +0.0737% t+5.44  vs コスト0.2399%
  全96窓の最良L3: 23:00 +0.3962% t+18.93 | 10:00 +0.0466% t+5.31 | 15:00 +0.0705% t+4.18
