[GOLD.] done 2s
[US100Cash] done 4s
[US500Cash] done 6s
[US30Cash] done 7s
[GER40Cash] done 9s
[JP225Cash] done 11s
[UK100Cash] done 13s
[USDJPY.] done 15s
[EURUSD.] done 19s
[GBPUSD.] done 22s
[AUDUSD.] done 25s
[SILVER.] done 27s

セル数 1152  ノイズ床(全体・コスト抜き最大tの95%点)=3.60  銘柄別: GOLD.:3.07 US100Cash:2.88 US500Cash:3.03 US30Cash:2.63 GER40Cash:2.77 JP225Cash:2.77 UK100Cash:2.63 USDJPY.:2.76 EURUSD.:3.04 GBPUSD.:2.86 AUDUSD.:2.98 SILVER.:3.01

■ GOLD.（今のコスト 0.0138%・床 全体3.60/銘柄3.07）キリ番セルの上位
  sym     step dir  delta  hold   n  per_yr  gross  t_gross  placebo_gross  t_diff    net  t_net     t1     t2  yrs_pos  t_top3  PASS  PASS_symfloor
GOLD.  50.0000  up 1.0000    15 588 50.1792 0.0457   4.8905         0.0018  3.9790 0.0319 3.4126 0.7873 3.5227   0.8333  3.0127 False          False
GOLD.  50.0000  up 0.2500    15 689 58.7984 0.0369   4.5330         0.0031  3.4953 0.0231 2.8358 0.9437 2.7876   0.8333  2.4157 False          False
GOLD. 100.0000  up 1.0000    15 293 25.0043 0.0575   4.4250         0.0046  3.4953 0.0437 3.3636 2.2030 2.6124   0.9167  2.9203  True           True
GOLD.  50.0000  up 0.5000    15 656 55.9822 0.0371   4.4063         0.0062  3.0851 0.0233 2.7689 0.6244 2.9128   0.8333  2.3438 False          False
GOLD. 100.0000  up 0.5000    15 329 28.0765 0.0515   4.3466         0.0080  3.1159 0.0377 3.1826 1.7750 2.6362   1.0000  2.7417  True           True
GOLD.  50.0000  up 1.0000    30 583 49.7525 0.0492   4.1782        -0.0021  3.6749 0.0354 3.0053 0.1569 3.4066   0.8333  2.6306 False          False
   刻み100 up δ1% 保有15: ずらし0% t+4.42(+0.0575%) / ずらし25% t+0.26(+0.0028%) / ずらし50% t+2.35(+0.0315%) / ずらし75% t+0.60(+0.0066%)
   刻み100 down δ1% 保有15: ずらし0% t+1.27(+0.0281%) / ずらし25% t-0.64(-0.0121%) / ずらし50% t+1.42(+0.0288%) / ずらし75% t-0.64(-0.0151%)
   刻み50 up δ1% 保有15: ずらし0% t+4.41(+0.0371%) / ずらし25% t+0.57(+0.0046%) / ずらし50% t+1.08(+0.0080%) / ずらし75% t+1.07(+0.0078%)
   刻み50 down δ1% 保有15: ずらし0% t+3.22(+0.0410%) / ずらし25% t-0.53(-0.0063%) / ずらし50% t-0.81(-0.0099%) / ずらし75% t-0.13(-0.0018%)

■ US100Cash（今のコスト 0.0095%・床 全体3.60/銘柄2.88）キリ番セルの上位
      sym      step dir   delta  hold   n  per_yr  gross  t_gross  placebo_gross  t_diff    net  t_net      t1     t2  yrs_pos  t_top3  PASS  PASS_symfloor
US100Cash  500.0000  up 10.0000    15 381 39.2222 0.0381   1.9309         0.0166  0.8871 0.0286 1.4500  0.9027 1.1324   0.6000  0.3228 False          False
US100Cash  500.0000  up  5.0000    15 441 45.3989 0.0315   1.7808         0.0126  0.8746 0.0220 1.2434  1.1986 0.6515   0.6000  0.0533 False          False
US100Cash  500.0000  up  2.5000    15 478 49.2079 0.0245   1.4888         0.0134  0.5475 0.0150 0.9106  1.1635 0.2655   0.6000 -0.4262 False          False
US100Cash  500.0000  up 10.0000    30 373 38.3986 0.0299   1.1561         0.0094  0.6574 0.0204 0.7892 -0.6097 1.1701   0.4000 -0.2721 False          False
US100Cash 1000.0000  up 10.0000    15 193 19.8909 0.0467   1.1318         0.0125  0.7453 0.0372 0.9014  1.0532 0.4622   0.7000 -0.3628 False          False
US100Cash  500.0000  up  5.0000    30 431 44.3694 0.0252   1.1092         0.0126  0.4606 0.0157 0.6915 -0.4063 0.9472   0.5000 -0.3914 False          False
   刻み1000 up δ1% 保有15: ずらし0% t+1.13(+0.0467%) / ずらし25% t+0.23(+0.0054%) / ずらし50% t+0.09(+0.0018%) / ずらし75% t+0.60(+0.0191%)
   刻み1000 down δ1% 保有15: ずらし0% t-0.99(-0.0228%) / ずらし25% t-0.13(-0.0029%) / ずらし50% t+0.72(+0.0124%) / ずらし75% t-1.11(-0.0201%)
   刻み500 up δ1% 保有15: ずらし0% t+1.78(+0.0315%) / ずらし25% t+0.74(+0.0114%) / ずらし50% t+0.50(+0.0081%) / ずらし75% t+0.71(+0.0139%)
   刻み500 down δ1% 保有15: ずらし0% t-0.09(-0.0013%) / ずらし25% t-0.64(-0.0088%) / ずらし50% t-1.88(-0.0248%) / ずらし75% t-0.31(-0.0044%)

■ US500Cash（今のコスト 0.0103%・床 全体3.60/銘柄3.03）キリ番セルの上位
      sym     step  dir  delta  hold    n   per_yr  gross  t_gross  placebo_gross  t_diff    net  t_net     t1     t2  yrs_pos  t_top3  PASS  PASS_symfloor
US500Cash  50.0000   up 0.5000    15 1053 102.9190 0.0200   2.2058         0.0107  0.8621 0.0097 1.0718 1.2582 0.4071   0.8182  0.1589 False          False
US500Cash  50.0000 down 0.2500    30 1135 114.7409 0.0196   2.0994        -0.0043  2.0686 0.0093 0.9944 1.1570 0.3363   0.5455  0.4917 False          False
US500Cash  50.0000   up 1.0000    15  988  96.5660 0.0199   2.0717         0.0158  0.3594 0.0096 0.9970 0.8826 0.5945   0.7273  0.0448 False          False
US500Cash  50.0000 down 0.5000    30 1111 112.3146 0.0189   1.9922        -0.0058  2.1029 0.0086 0.9080 1.2694 0.1393   0.5455  0.4021 False          False
US500Cash  50.0000   up 0.2500    15 1089 105.6741 0.0163   1.8620         0.0115  0.4555 0.0060 0.6852 0.9213 0.1727   0.6364 -0.3216 False          False
US500Cash 100.0000   up 2.0000    15  434  42.4755 0.0281   1.7815         0.0141  0.7134 0.0178 1.1275 1.0431 0.6248   0.7273 -0.2141 False          False
   刻み100 up δ1% 保有15: ずらし0% t+1.74(+0.0248%) / ずらし25% t+0.56(+0.0077%) / ずらし50% t+1.26(+0.0183%) / ずらし75% t+1.08(+0.0166%)
   刻み100 down δ1% 保有15: ずらし0% t+1.25(+0.0146%) / ずらし25% t-2.03(-0.0250%) / ずらし50% t-1.19(-0.0115%) / ずらし75% t-1.52(-0.0151%)
   刻み50 up δ1% 保有15: ずらし0% t+2.21(+0.0200%) / ずらし25% t+1.30(+0.0109%) / ずらし50% t+0.43(+0.0038%) / ずらし75% t+1.30(+0.0106%)
   刻み50 down δ1% 保有15: ずらし0% t+0.93(+0.0065%) / ずらし25% t-1.21(-0.0091%) / ずらし50% t-1.73(-0.0125%) / ずらし75% t+0.21(+0.0015%)

■ US30Cash（今のコスト 0.0115%・床 全体3.60/銘柄2.63）キリ番セルの上位
     sym      step  dir   delta  hold   n  per_yr  gross  t_gross  placebo_gross  t_diff     net   t_net     t1      t2  yrs_pos  t_top3  PASS  PASS_symfloor
US30Cash  500.0000 down  5.0000    15 853 83.2153 0.0143   1.6901         0.0027  1.1329  0.0028  0.3293 0.6782 -0.3269   0.4545 -0.3776 False          False
US30Cash  500.0000 down 10.0000    15 796 77.6546 0.0149   1.6853         0.0063  0.8025  0.0034  0.3808 0.4444  0.0507   0.5455 -0.3348 False          False
US30Cash  500.0000 down 10.0000    30 784 79.2571 0.0155   1.4069         0.0125  0.2167  0.0040  0.3660 0.4091  0.0832   0.5455 -0.2955 False          False
US30Cash 1000.0000 down 20.0000    30 346 34.9976 0.0277   1.3032        -0.0039  1.2394  0.0162  0.7627 0.5041  0.6118   0.7273  0.0524 False          False
US30Cash  500.0000 down  5.0000    30 840 84.9184 0.0134   1.2759         0.0116  0.1399  0.0019  0.1788 0.5221 -0.3334   0.3636 -0.4524 False          False
US30Cash  500.0000 down  2.5000    15 887 86.5323 0.0102   1.2393         0.0030  0.7335 -0.0013 -0.1532 0.4889 -0.8630   0.4545 -0.8951 False          False
   刻み1000 up δ1% 保有15: ずらし0% t+0.59(+0.0102%) / ずらし25% t-0.15(-0.0029%) / ずらし50% t+1.07(+0.0154%) / ずらし75% t+0.33(+0.0065%)
   刻み1000 down δ1% 保有15: ずらし0% t+0.68(+0.0109%) / ずらし25% t-0.49(-0.0068%) / ずらし50% t+0.91(+0.0100%) / ずらし75% t+0.45(+0.0057%)
   刻み500 up δ1% 保有15: ずらし0% t+1.04(+0.0101%) / ずらし25% t+1.91(+0.0178%) / ずらし50% t-0.36(-0.0041%) / ずらし75% t+1.63(+0.0172%)
   刻み500 down δ1% 保有15: ずらし0% t+1.69(+0.0143%) / ずらし25% t+1.60(+0.0134%) / ずらし50% t+0.41(+0.0033%) / ずらし75% t-0.96(-0.0075%)

■ GER40Cash（今のコスト 0.0101%・床 全体3.60/銘柄2.77）キリ番セルの上位
      sym      step  dir   delta  hold   n  per_yr  gross  t_gross  placebo_gross  t_diff    net  t_net     t1      t2  yrs_pos  t_top3  PASS  PASS_symfloor
GER40Cash 1000.0000 down 10.0000    15 201 19.7141 0.0377   1.2184         0.0178  0.5454 0.0276 0.8921 1.1200 -0.0983   0.5455 -0.6322 False          False
GER40Cash  500.0000 down  2.5000    15 482 47.0346 0.0169   1.1597        -0.0046  1.2185 0.0068 0.4660 0.7800 -0.3130   0.4545 -0.6798 False          False
GER40Cash 1000.0000 down  5.0000    15 230 22.5402 0.0246   0.9994         0.0204  0.1373 0.0145 0.5890 1.1475 -0.5145   0.6364 -0.9615 False          False
GER40Cash 1000.0000 down 20.0000    15 166 16.2813 0.0357   0.9828         0.0306  0.1176 0.0256 0.7044 0.9692 -0.1906   0.4545 -0.9725 False          False
GER40Cash  500.0000 down  5.0000    15 458 44.6926 0.0132   0.8562        -0.0057  1.0183 0.0031 0.2031 0.7635 -0.6908   0.3636 -0.9841 False          False
GER40Cash  500.0000 down 10.0000    15 405 39.5208 0.0126   0.6755        -0.0040  0.7520 0.0025 0.1328 0.7775 -0.9320   0.5455 -1.2253 False          False
   刻み1000 up δ1% 保有15: ずらし0% t-2.39(-0.0395%) / ずらし25% t+0.43(+0.0109%) / ずらし50% t+0.26(+0.0073%) / ずらし75% t+0.84(+0.0246%)
   刻み1000 down δ1% 保有15: ずらし0% t+1.22(+0.0377%) / ずらし25% t+0.34(+0.0104%) / ずらし50% t-0.74(-0.0156%) / ずらし75% t+1.26(+0.0268%)
   刻み500 up δ1% 保有15: ずらし0% t-0.51(-0.0070%) / ずらし25% t+1.33(+0.0176%) / ずらし50% t+1.58(+0.0237%) / ずらし75% t+2.19(+0.0326%)
   刻み500 down δ1% 保有15: ずらし0% t+0.86(+0.0132%) / ずらし25% t-0.30(-0.0044%) / ずらし50% t+0.94(+0.0163%) / ずらし75% t-0.49(-0.0072%)

■ JP225Cash（今のコスト 0.0120%・床 全体3.60/銘柄2.77）キリ番セルの上位
      sym      step dir   delta  hold    n   per_yr  gross  t_gross  placebo_gross  t_diff    net  t_net     t1     t2  yrs_pos  t_top3  PASS  PASS_symfloor
JP225Cash  500.0000  up  2.5000    15 1072 104.0521 0.0351   3.3139         0.0151  1.5678 0.0231 2.1823 0.6518 2.3292   0.9091  1.5495 False          False
JP225Cash 1000.0000  up  5.0000    30  487  49.4377 0.0605   3.2489         0.0112  2.2547 0.0485 2.6046 0.9260 2.4787   0.7273  1.9859 False          False
JP225Cash 1000.0000  up  5.0000    15  494  48.0515 0.0522   3.2268         0.0130  2.0819 0.0402 2.4844 0.5131 2.5938   0.6364  1.8156 False          False
JP225Cash 1000.0000  up 10.0000    30  459  46.5953 0.0630   3.2125         0.0130  2.1788 0.0510 2.6001 0.7508 2.5902   0.9091  1.9797 False          False
JP225Cash 1000.0000  up 10.0000    15  466  45.3280 0.0529   3.0695         0.0129  2.0116 0.0409 2.3733 0.3187 2.6167   0.6364  1.6824 False          False
JP225Cash  500.0000  up  5.0000    15 1059 102.7903 0.0323   3.0175         0.0124  1.5358 0.0203 1.8960 0.3445 2.2250   0.7273  1.2250 False          False
   刻み1000 up δ1% 保有15: ずらし0% t+3.07(+0.0529%) / ずらし25% t+3.07(+0.0402%) / ずらし50% t+1.23(+0.0186%) / ずらし75% t-0.98(-0.0147%)
   刻み1000 down δ1% 保有15: ずらし0% t+1.89(+0.0320%) / ずらし25% t+0.73(+0.0128%) / ずらし50% t+0.42(+0.0059%) / ずらし75% t+0.52(+0.0077%)
   刻み500 up δ1% 保有15: ずらし0% t+3.02(+0.0323%) / ずらし25% t+1.46(+0.0156%) / ずらし50% t+1.30(+0.0122%) / ずらし75% t+0.93(+0.0092%)
   刻み500 down δ1% 保有15: ずらし0% t+1.34(+0.0136%) / ずらし25% t+1.01(+0.0104%) / ずらし50% t+0.88(+0.0094%) / ずらし75% t+0.24(+0.0026%)

■ UK100Cash（今のコスト 0.0223%・床 全体3.60/銘柄2.63）キリ番セルの上位
      sym     step dir  delta  hold    n  per_yr   gross  t_gross  placebo_gross  t_diff     net   t_net      t1      t2  yrs_pos  t_top3  PASS  PASS_symfloor
UK100Cash 100.0000  up 2.0000    15  913 88.9025  0.0060   0.7367         0.0065 -0.0481 -0.0163 -1.9948 -0.7967 -2.0845   0.1818 -3.5570 False          False
UK100Cash 100.0000  up 0.5000    15 1006 97.5681  0.0046   0.5994         0.0032  0.1530 -0.0177 -2.3013 -1.1450 -2.1742   0.1818 -3.8503 False          False
UK100Cash 100.0000  up 1.0000    15  978 94.8525  0.0033   0.4207         0.0052 -0.1920 -0.0190 -2.4091 -1.2770 -2.1862   0.0909 -3.9822 False          False
UK100Cash 100.0000  up 0.5000    30  985 99.4393  0.0032   0.3453         0.0038 -0.0491 -0.0191 -2.0328 -1.3499 -1.5768   0.1818 -3.2703 False          False
UK100Cash 100.0000  up 2.0000    30  894 90.2525 -0.0006  -0.0633         0.0070 -0.6030 -0.0229 -2.2596 -1.5766 -1.6619   0.0909 -3.5480 False          False
UK100Cash 100.0000  up 1.0000    30  957 96.6126 -0.0006  -0.0640         0.0066 -0.5991 -0.0229 -2.3729 -1.6713 -1.7214   0.0909 -3.6533 False          False
   刻み100 up δ1% 保有15: ずらし0% t+0.42(+0.0033%) / ずらし25% t+0.18(+0.0015%) / ずらし50% t-1.25(-0.0108%) / ずらし75% t+1.25(+0.0090%)
   刻み100 down δ1% 保有15: ずらし0% t-1.50(-0.0106%) / ずらし25% t+1.44(+0.0101%) / ずらし50% t+0.67(+0.0046%) / ずらし75% t+1.05(+0.0074%)
   刻み50 up δ1% 保有15: ずらし0% t-0.17(-0.0008%) / ずらし25% t+0.29(+0.0014%) / ずらし50% t+0.43(+0.0021%) / ずらし75% t-0.97(-0.0047%)
   刻み50 down δ1% 保有15: ずらし0% t-0.68(-0.0031%) / ずらし25% t-0.14(-0.0007%) / ずらし50% t+1.82(+0.0085%) / ずらし75% t-0.96(-0.0047%)

■ USDJPY.（今のコスト 0.0121%・床 全体3.60/銘柄2.76）キリ番セルの上位
    sym   step dir  delta  hold    n   per_yr  gross  t_gross  placebo_gross  t_diff     net   t_net      t1     t2  yrs_pos  t_top3  PASS  PASS_symfloor
USDJPY. 0.5000  up 0.0025    30 2225 189.7458 0.0161   5.1997         0.0020  3.8022  0.0040  1.2931  0.6848 1.1281   0.5833  0.8620 False          False
USDJPY. 0.5000  up 0.0050    30 2193 187.0169 0.0160   5.1014         0.0018  3.7803  0.0039  1.2509  0.6778 1.0771   0.5833  0.8190 False          False
USDJPY. 0.5000  up 0.0050    15 2218 189.1488 0.0135   4.7905         0.0003  3.9717  0.0014  0.5087  0.0817 0.5825   0.5000  0.0799 False          False
USDJPY. 0.5000  up 0.0025    15 2251 191.9631 0.0131   4.7334         0.0005  3.8666  0.0010  0.3673 -0.3391 0.7352   0.5000 -0.0692 False          False
USDJPY. 0.5000  up 0.0100    30 2159 184.1174 0.0143   4.4983         0.0022  3.1785  0.0022  0.6879  0.1676 0.7848   0.5833  0.2341 False          False
USDJPY. 0.5000  up 0.0100    15 2185 186.3346 0.0118   4.1433         0.0003  3.4129 -0.0003 -0.0982 -0.3985 0.1875   0.3333 -0.5476 False          False
   刻み1 up δ1% 保有15: ずらし0% t+3.12(+0.0123%) / ずらし25% t+1.99(+0.0075%) / ずらし50% t+2.46(+0.0109%) / ずらし75% t-0.52(-0.0017%)
   刻み1 down δ1% 保有15: ずらし0% t+2.12(+0.0121%) / ずらし25% t+1.39(+0.0081%) / ずらし50% t+2.64(+0.0156%) / ずらし75% t+0.35(+0.0019%)
   刻み0.5 up δ1% 保有15: ずらし0% t+4.79(+0.0135%) / ずらし25% t+0.86(+0.0021%) / ずらし50% t+1.49(+0.0033%) / ずらし75% t-0.59(-0.0015%)
   刻み0.5 down δ1% 保有15: ずらし0% t+2.54(+0.0095%) / ずらし25% t+0.28(+0.0010%) / ずらし50% t+0.70(+0.0024%) / ずらし75% t+1.25(+0.0044%)

■ EURUSD.（今のコスト 0.0105%・床 全体3.60/銘柄3.04）キリ番セルの上位
    sym   step  dir  delta  hold    n   per_yr  gross  t_gross  placebo_gross  t_diff    net  t_net     t1      t2  yrs_pos  t_top3  PASS  PASS_symfloor
EURUSD. 0.0050 down 0.0000    15 1886 161.0995 0.0132   5.6149        -0.0011  4.9933 0.0027 1.1488 0.7945  0.8611   0.6667  0.5870 False          False
EURUSD. 0.0050 down 0.0000    30 1866 159.3911 0.0156   5.4699        -0.0012  4.8105 0.0051 1.7930 1.5794  0.8734   0.5833  1.3103 False          False
EURUSD. 0.0050 down 0.0001    15 1859 158.7932 0.0130   5.4228        -0.0015  4.9770 0.0025 1.0489 1.0041  0.4030   0.6667  0.4857 False          False
EURUSD. 0.0050 down 0.0001    30 1841 157.2557 0.0152   5.2510        -0.0016  4.7393 0.0047 1.6167 1.5818  0.5700   0.5000  1.1246 False          False
EURUSD. 0.0050 down 0.0001    30 1787 152.6431 0.0142   4.7611        -0.0017  4.3693 0.0037 1.2359 1.3493  0.2425   0.5000  0.7258 False          False
EURUSD. 0.0050 down 0.0001    15 1803 154.0098 0.0117   4.7137        -0.0019  4.5000 0.0012 0.4902 0.7580 -0.2154   0.3333 -0.1034 False          False
   刻み0.01 up δ1% 保有15: ずらし0% t+2.10(+0.0076%) / ずらし25% t-1.82(-0.0060%) / ずらし50% t+0.70(+0.0027%) / ずらし75% t+1.43(+0.0054%)
   刻み0.01 down δ1% 保有15: ずらし0% t+2.95(+0.0106%) / ずらし25% t-1.60(-0.0061%) / ずらし50% t+4.06(+0.0147%) / ずらし75% t-0.35(-0.0012%)
   刻み0.005 up δ1% 保有15: ずらし0% t+2.20(+0.0055%) / ずらし25% t-0.53(-0.0013%) / ずらし50% t-0.08(-0.0002%) / ずらし75% t-0.32(-0.0008%)
   刻み0.005 down δ1% 保有15: ずらし0% t+5.42(+0.0130%) / ずらし25% t+0.59(+0.0014%) / ずらし50% t-1.38(-0.0033%) / ずらし75% t-1.90(-0.0043%)

■ GBPUSD.（今のコスト 0.0160%・床 全体3.60/銘柄2.86）キリ番セルの上位
    sym   step  dir  delta  hold    n   per_yr  gross  t_gross  placebo_gross  t_diff     net   t_net      t1      t2  yrs_pos  t_top3  PASS  PASS_symfloor
GBPUSD. 0.0050   up 0.0001    15 2538 216.5392 0.0091   4.2930         0.0013  2.9916 -0.0069 -3.2961 -2.3361 -2.3331   0.0833 -3.9441 False          False
GBPUSD. 0.0050   up 0.0000    15 2665 227.3747 0.0087   4.2150         0.0009  3.0906 -0.0073 -3.5665 -2.5796 -2.4661   0.0833 -4.2121 False          False
GBPUSD. 0.0050   up 0.0001    15 2624 223.8767 0.0086   4.0962         0.0014  2.7980 -0.0074 -3.5679 -2.6232 -2.4196   0.0833 -4.2118 False          False
GBPUSD. 0.0050   up 0.0001    30 2494 212.7852 0.0106   3.9815         0.0008  3.0038 -0.0054 -2.0514 -1.3549 -1.5776   0.0833 -2.5988 False          False
GBPUSD. 0.0050   up 0.0000    30 2624 223.8767 0.0097   3.7771         0.0004  2.9427 -0.0063 -2.4389 -1.7589 -1.6976   0.0833 -2.9911 False          False
GBPUSD. 0.0050 down 0.0001    15 2388 203.6938 0.0097   3.7701         0.0007  2.8364 -0.0063 -2.4503 -1.4978 -2.1866   0.1667 -3.5084 False          False
   刻み0.01 up δ1% 保有15: ずらし0% t+1.00(+0.0032%) / ずらし25% t+1.61(+0.0056%) / ずらし50% t+4.25(+0.0126%) / ずらし75% t-1.25(-0.0037%)
   刻み0.01 down δ1% 保有15: ずらし0% t+2.94(+0.0121%) / ずらし25% t+1.10(+0.0044%) / ずらし50% t+2.59(+0.0102%) / ずらし75% t+0.69(+0.0027%)
   刻み0.005 up δ1% 保有15: ずらし0% t+4.10(+0.0086%) / ずらし25% t+0.70(+0.0014%) / ずらし50% t+0.81(+0.0017%) / ずらし75% t+0.68(+0.0014%)
   刻み0.005 down δ1% 保有15: ずらし0% t+3.66(+0.0092%) / ずらし25% t-0.37(-0.0009%) / ずらし50% t+0.97(+0.0023%) / ずらし75% t+1.43(+0.0038%)

■ AUDUSD.（今のコスト 0.0197%・床 全体3.60/銘柄2.98）キリ番セルの上位
    sym   step  dir  delta  hold    n   per_yr  gross  t_gross  placebo_gross  t_diff     net   t_net      t1      t2  yrs_pos  t_top3  PASS  PASS_symfloor
AUDUSD. 0.0050   up 0.0001    15 1499 128.1324 0.0150   3.8983        -0.0006  3.4002 -0.0047 -1.2310 -1.1432 -0.5657   0.5000 -1.9045 False          False
AUDUSD. 0.0050 down 0.0001    15 1435 122.4898 0.0154   3.7907        -0.0010  3.2553 -0.0043 -1.0460 -0.1411 -1.6943   0.2500 -1.9231 False          False
AUDUSD. 0.0050 down 0.0001    15 1498 127.8674 0.0150   3.7847        -0.0018  3.4126 -0.0047 -1.1720 -0.0528 -2.0507   0.2500 -2.0984 False          False
AUDUSD. 0.0050 down 0.0000    15 1527 130.3428 0.0149   3.7214        -0.0022  3.4946 -0.0048 -1.2073 -0.1479 -1.9756   0.2500 -2.1100 False          False
AUDUSD. 0.0050   up 0.0001    15 1574 134.5433 0.0137   3.6782         0.0002  3.0413 -0.0060 -1.6216 -1.0936 -1.2068   0.3333 -2.3107 False          False
AUDUSD. 0.0050   up 0.0000    15 1621 138.5608 0.0115   3.1299         0.0001  2.6103 -0.0082 -2.2339 -1.8768 -1.2521   0.2500 -2.9467 False          False
   刻み0.01 up δ1% 保有15: ずらし0% t+2.39(+0.0120%) / ずらし25% t-0.26(-0.0013%) / ずらし50% t+3.12(+0.0184%) / ずらし75% t+0.15(+0.0007%)
   刻み0.01 down δ1% 保有15: ずらし0% t+2.72(+0.0147%) / ずらし25% t+0.26(+0.0015%) / ずらし50% t+3.01(+0.0185%) / ずらし75% t-0.76(-0.0049%)
   刻み0.005 up δ1% 保有15: ずらし0% t+3.68(+0.0137%) / ずらし25% t+0.32(+0.0011%) / ずらし50% t-0.11(-0.0004%) / ずらし75% t-0.20(-0.0007%)
   刻み0.005 down δ1% 保有15: ずらし0% t+3.78(+0.0150%) / ずらし25% t-0.17(-0.0007%) / ずらし50% t+0.33(+0.0013%) / ずらし75% t-0.69(-0.0029%)

■ SILVER.（今のコスト 0.0775%・床 全体3.60/銘柄3.01）キリ番セルの上位
    sym   step dir  delta  hold    n   per_yr  gross  t_gross  placebo_gross  t_diff     net   t_net      t1      t2  yrs_pos  t_top3  PASS  PASS_symfloor
SILVER. 0.5000  up 0.0100    15 1691 144.2068 0.0358   3.7196         0.0331  0.2191 -0.0417 -4.3356 -6.0796 -1.8890   0.0833 -5.0087 False          False
SILVER. 0.5000  up 0.0050    15 1760 150.0911 0.0301   3.1870         0.0362 -0.5204 -0.0474 -5.0220 -6.0704 -2.5662   0.0000 -5.7085 False          False
SILVER. 0.5000  up 0.0025    15 1804 153.8433 0.0286   3.0882         0.0339 -0.4584 -0.0489 -5.2840 -6.0955 -2.8411   0.0000 -5.9785 False          False
SILVER. 0.5000  up 0.0100    30 1615 137.7256 0.0310   2.4682         0.0299  0.0727 -0.0465 -3.6997 -4.3468 -1.9296   0.0833 -4.2705 False          False
SILVER. 0.5000  up 0.0050    30 1682 143.4393 0.0274   2.2109         0.0324 -0.3302 -0.0501 -4.0523 -4.2626 -2.3444   0.0000 -4.6202 False          False
SILVER. 0.5000  up 0.0025    30 1726 147.1916 0.0265   2.1902         0.0305 -0.2663 -0.0510 -4.2067 -4.4507 -2.4256   0.0833 -4.7780 False          False
   刻み1 up δ1% 保有15: ずらし0% t+2.11(+0.0289%) / ずらし25% t+3.89(+0.0544%) / ずらし50% t+3.32(+0.0458%) / ずらし75% t+2.83(+0.0401%)
   刻み1 down δ1% 保有15: ずらし0% t-0.04(-0.0011%) / ずらし25% t+0.56(+0.0159%) / ずらし50% t-0.60(-0.0176%) / ずらし75% t-1.15(-0.0321%)
   刻み0.5 up δ1% 保有15: ずらし0% t+3.19(+0.0301%) / ずらし25% t+4.48(+0.0436%) / ずらし50% t+4.95(+0.0479%) / ずらし75% t+2.78(+0.0286%)
   刻み0.5 down δ1% 保有15: ずらし0% t+0.05(+0.0009%) / ずらし25% t-0.05(-0.0008%) / ずらし50% t-0.02(-0.0004%) / ずらし75% t-0.33(-0.0056%)

合格(全体の床) 2本 / 銘柄別の床なら 2本
  sym     step dir  delta  hold   n  per_yr  gross  t_gross  placebo_gross  t_diff    net  t_net     t1     t2  yrs_pos  t_top3  PASS  PASS_symfloor
GOLD. 100.0000  up 0.5000    15 329 28.0765 0.0515   4.3466         0.0080  3.1159 0.0377 3.1826 1.7750 2.6362   1.0000  2.7417  True           True
GOLD. 100.0000  up 1.0000    15 293 25.0043 0.0575   4.4250         0.0046  3.4953 0.0437 3.3636 2.2030 2.6124   0.9167  2.9203  True           True

完了 36s
