総セル486(市場イベント27×窓9×売買) 判定=t>3×前後半t>1.5×勝ち年8割×ネット>0(コスト0.005%)

== 合格 13 ==
  LBMA AM10:30     前5→0     売 n2742 グロス+0.0087% ネット+0.0037% t+9.45(前+4.8/後+8.4) 勝ち年10/11
  LBMA AM10:30     前15→0    売 n2748 グロス+0.0098% ネット+0.0048% t+6.25(前+3.1/後+5.6) 勝ち年9/11
  LBMA PM15:00     前5→0     売 n2753 グロス+0.0095% ネット+0.0045% t+5.62(前+4.4/後+3.6) 勝ち年10/11
  シドニー10:00        0→10     買 n2748 グロス+0.0102% ネット+0.0052% t+5.26(前+4.8/後+3.0) 勝ち年11/11
  シドニー10:00        0→5      買 n2742 グロス+0.0075% ネット+0.0025% t+4.84(前+4.8/後+2.3) 勝ち年10/11
  シドニー10:00        0→15     買 n2751 グロス+0.0114% ネット+0.0064% t+4.75(前+4.4/後+2.8) 勝ち年11/11
  シドニー10:00        0→30     買 n2753 グロス+0.0144% ネット+0.0094% t+4.73(前+3.9/後+3.2) 勝ち年11/11
  シドニー10:00        前15→0    買 n2731 グロス+0.0077% ネット+0.0027% t+4.42(前+3.0/後+3.3) 勝ち年10/11
  シドニー10:00        前10→0    買 n2727 グロス+0.0067% ネット+0.0017% t+4.12(前+2.9/後+3.0) 勝ち年10/11
  シドニー10:00        前5→0     買 n2722 グロス+0.0052% ネット+0.0002% t+3.40(前+3.1/後+1.9) 勝ち年9/11
  LBMA PM15:00     前10→0    売 n2753 グロス+0.0081% ネット+0.0031% t+3.30(前+3.1/後+1.7) 勝ち年9/11
  香港寄り09:30        0→10     買 n2750 グロス+0.0056% ネット+0.0006% t+3.30(前+1.6/後+2.9) 勝ち年9/11
  上海株寄り09:30       0→10     買 n2750 グロス+0.0056% ネット+0.0006% t+3.30(前+1.6/後+2.9) 勝ち年9/11

== 参考: t上位12(合格不問) ==
  LBMA AM10:30     前5→0     売 n2742 グロス+0.0087% ネット+0.0037% t+9.45(前+4.8/後+8.4) 勝ち年10/11
  LBMA AM10:30     前10→0    売 n2744 グロス+0.0095% ネット+0.0045% t+7.32(前+2.7/後+7.4) 勝ち年8/11
  LBMA AM10:30     前15→0    売 n2748 グロス+0.0098% ネット+0.0048% t+6.25(前+3.1/後+5.6) 勝ち年9/11
  LBMA PM15:00     前5→0     売 n2753 グロス+0.0095% ネット+0.0045% t+5.62(前+4.4/後+3.6) 勝ち年10/11
  シドニー10:00        0→10     買 n2748 グロス+0.0102% ネット+0.0052% t+5.26(前+4.8/後+3.0) 勝ち年11/11
  シドニー10:00        0→5      買 n2742 グロス+0.0075% ネット+0.0025% t+4.84(前+4.8/後+2.3) 勝ち年10/11
  シドニー10:00        0→15     買 n2751 グロス+0.0114% ネット+0.0064% t+4.75(前+4.4/後+2.8) 勝ち年11/11
  シドニー10:00        0→30     買 n2753 グロス+0.0144% ネット+0.0094% t+4.73(前+3.9/後+3.2) 勝ち年11/11
  シドニー10:00        前15→0    買 n2731 グロス+0.0077% ネット+0.0027% t+4.42(前+3.0/後+3.3) 勝ち年10/11
  シドニー10:00        前10→0    買 n2727 グロス+0.0067% ネット+0.0017% t+4.12(前+2.9/後+3.0) 勝ち年10/11
  上海金SGE寄り09:00    前5→0     買 n2739 グロス+0.0034% ネット-0.0016% t+3.41(前+3.8/後+1.6) 勝ち年11/11
  シンガポール09:00      前5→0     買 n2739 グロス+0.0034% ネット-0.0016% t+3.41(前+3.8/後+1.6) 勝ち年11/11

== 本人が挙げた市場(東京/韓国)の全窓 ==
  東京寄り09:00        0→10     買 n2747 グロス-0.0026% ネット-0.0076% t-1.56(前-0.3/後-1.6) 勝ち年3/11
  東京寄り09:00        0→10     売 n2747 グロス+0.0026% ネット-0.0024% t+1.56(前+0.3/後+1.6) 勝ち年8/11
  東京寄り09:00        0→15     買 n2752 グロス-0.0025% ネット-0.0075% t-1.23(前-1.0/後-0.8) 勝ち年2/11
  東京寄り09:00        0→15     売 n2752 グロス+0.0025% ネット-0.0025% t+1.23(前+1.0/後+0.8) 勝ち年9/11
  東京寄り09:00        0→30     買 n2753 グロス-0.0020% ネット-0.0070% t-0.78(前-0.9/後-0.3) 勝ち年4/11
  東京寄り09:00        0→30     売 n2753 グロス+0.0020% ネット-0.0030% t+0.78(前+0.9/後+0.3) 勝ち年7/11
  東京寄り09:00        0→5      買 n2745 グロス-0.0038% ネット-0.0088% t-2.99(前-0.2/後-3.4) 勝ち年3/11
  東京寄り09:00        0→5      売 n2745 グロス+0.0038% ネット-0.0012% t+2.99(前+0.2/後+3.4) 勝ち年8/11
  東京寄り09:00        5→15     買 n2745 グロス+0.0013% ネット-0.0037% t+0.88(前-1.0/後+1.9) 勝ち年6/11
  東京寄り09:00        5→15     売 n2745 グロス-0.0013% ネット-0.0063% t-0.88(前+1.0/後-1.9) 勝ち年5/11
  東京寄り09:00        5→30     買 n2749 グロス+0.0018% ネット-0.0032% t+0.80(前-0.9/後+1.7) 勝ち年5/11
  東京寄り09:00        5→30     売 n2749 グロス-0.0018% ネット-0.0068% t-0.80(前+0.9/後-1.7) 勝ち年6/11
  東京寄り09:00        前10→0    買 n2736 グロス+0.0022% ネット-0.0028% t+2.13(前+0.6/後+2.2) 勝ち年8/11
  東京寄り09:00        前10→0    売 n2736 グロス-0.0022% ネット-0.0072% t-2.13(前-0.6/後-2.2) 勝ち年3/11
  東京寄り09:00        前15→0    買 n2739 グロス+0.0024% ネット-0.0026% t+1.74(前+0.2/後+2.0) 勝ち年8/11
  東京寄り09:00        前15→0    売 n2739 グロス-0.0024% ネット-0.0074% t-1.74(前-0.2/後-2.0) 勝ち年3/11
  東京寄り09:00        前5→0     買 n2728 グロス+0.0005% ネット-0.0045% t+0.70(前+0.1/後+0.8) 勝ち年6/11
  東京寄り09:00        前5→0     売 n2728 グロス-0.0005% ネット-0.0055% t-0.70(前-0.1/後-0.8) 勝ち年5/11
  韓国寄り09:00        0→10     買 n2747 グロス-0.0026% ネット-0.0076% t-1.56(前-0.3/後-1.6) 勝ち年3/11
  韓国寄り09:00        0→10     売 n2747 グロス+0.0026% ネット-0.0024% t+1.56(前+0.3/後+1.6) 勝ち年8/11
  韓国寄り09:00        0→15     買 n2752 グロス-0.0025% ネット-0.0075% t-1.23(前-1.0/後-0.8) 勝ち年2/11
  韓国寄り09:00        0→15     売 n2752 グロス+0.0025% ネット-0.0025% t+1.23(前+1.0/後+0.8) 勝ち年9/11
  韓国寄り09:00        0→30     買 n2753 グロス-0.0020% ネット-0.0070% t-0.78(前-0.9/後-0.3) 勝ち年4/11
  韓国寄り09:00        0→30     売 n2753 グロス+0.0020% ネット-0.0030% t+0.78(前+0.9/後+0.3) 勝ち年7/11
  韓国寄り09:00        0→5      買 n2745 グロス-0.0038% ネット-0.0088% t-2.99(前-0.2/後-3.4) 勝ち年3/11
  韓国寄り09:00        0→5      売 n2745 グロス+0.0038% ネット-0.0012% t+2.99(前+0.2/後+3.4) 勝ち年8/11
  韓国寄り09:00        5→15     買 n2745 グロス+0.0013% ネット-0.0037% t+0.88(前-1.0/後+1.9) 勝ち年6/11
  韓国寄り09:00        5→15     売 n2745 グロス-0.0013% ネット-0.0063% t-0.88(前+1.0/後-1.9) 勝ち年5/11
  韓国寄り09:00        5→30     買 n2749 グロス+0.0018% ネット-0.0032% t+0.80(前-0.9/後+1.7) 勝ち年5/11
  韓国寄り09:00        5→30     売 n2749 グロス-0.0018% ネット-0.0068% t-0.80(前+0.9/後-1.7) 勝ち年6/11
  韓国寄り09:00        前10→0    買 n2736 グロス+0.0022% ネット-0.0028% t+2.13(前+0.6/後+2.2) 勝ち年8/11
  韓国寄り09:00        前10→0    売 n2736 グロス-0.0022% ネット-0.0072% t-2.13(前-0.6/後-2.2) 勝ち年3/11
  韓国寄り09:00        前15→0    買 n2739 グロス+0.0024% ネット-0.0026% t+1.74(前+0.2/後+2.0) 勝ち年8/11
  韓国寄り09:00        前15→0    売 n2739 グロス-0.0024% ネット-0.0074% t-1.74(前-0.2/後-2.0) 勝ち年3/11
  韓国寄り09:00        前5→0     買 n2728 グロス+0.0005% ネット-0.0045% t+0.70(前+0.1/後+0.8) 勝ち年6/11
  韓国寄り09:00        前5→0     売 n2728 グロス-0.0005% ネット-0.0055% t-0.70(前-0.1/後-0.8) 勝ち年5/11
