[duka] 3,782,772本 2755日 16s

■ ①$100格子をずらした時の成績(下から・δ1・h15・今のコスト%後)  ※ずらし0=本物の大台
  ずらし+ 0: n 272 今コスト後+0.0557% t+4.19
  ずらし+ 5: n 300 今コスト後+0.0077% t+0.64
  ずらし+10: n 295 今コスト後+0.0072% t+0.54
  ずらし+15: n 301 今コスト後-0.0285% t-1.92
  ずらし+20: n 299 今コスト後+0.0219% t+1.52
  ずらし+25: n 318 今コスト後-0.0198% t-1.69
  ずらし+30: n 320 今コスト後+0.0055% t+0.54
  ずらし+35: n 316 今コスト後-0.0074% t-0.70
  ずらし+40: n 323 今コスト後-0.0129% t-1.15
  ずらし+45: n 303 今コスト後-0.0127% t-1.07
  ずらし+50: n 294 今コスト後+0.0212% t+1.65
  ずらし+55: n 306 今コスト後+0.0007% t+0.06
  ずらし+60: n 281 今コスト後-0.0059% t-0.50
  ずらし+65: n 264 今コスト後-0.0106% t-0.84
  ずらし+70: n 268 今コスト後-0.0137% t-1.11
  ずらし+75: n 261 今コスト後-0.0055% t-0.45
  ずらし+80: n 296 今コスト後+0.0055% t+0.45
  ずらし+85: n 263 今コスト後+0.0028% t+0.21
  ずらし+90: n 266 今コスト後+0.0159% t+1.20
  ずらし+95: n 281 今コスト後+0.0003% t+0.02
  ずらし5〜95の平均 -0.0015% / t の最大 +1.65  ← 本物(0) +0.0557% t+4.19

本物のイベント行 4,875  18s

■ ②年別(δ1・h15): 件数 / 今コスト%後の合計 / 実際の$コスト後の合計($/oz)
  2016:   9件  +0.726%    +5.75$  勝率 56%
  2017:   5件  +0.625%    +6.13$  勝率 60%
  2018:  14件  +0.506%    +0.07$  勝率 57%
  2019:  20件  +1.872%   +18.58$  勝率 70%
  2020:  17件  +1.152%   +15.76$  勝率 65%
  2021:  20件  +1.584%   +21.60$  勝率 80%
  2022:  16件  +1.734%   +25.86$  勝率 69%
  2023:  19件  +1.735%   +28.76$  勝率 47%
  2024:  21件  +0.887%   +17.08$  勝率 57%
  2025:  54件  +1.043%   +36.70$  勝率 56%
  2026:  77件  +3.285%  +148.19$  勝率 64%
  2025-26を除く: n141 +0.0767% t+4.24

■ ③時間帯(ロンドン時刻・δ1・h15)
  00-07 アジア: n 110 +0.0380% t+2.10
  07-12 ロンドン午前: n  52 +0.0448% t+1.42
  12-17 NY重なり: n  83 +0.0981% t+3.66
  17-24 NY午後: n  27 +0.0183% t+0.46
  今の金AM窓(10:19-10:32)と保有が重なる: 7件 / 金PM窓(14:53-15:03): 11件 / 全272件

■ ④損切り(δ1・h15/h30)
  h15 損切りなし: n272 +0.0557% t+4.19 損切り発動0.0%
  h15 損切り$5: n272 +0.0397% t+3.49 損切り発動22.4%
  h15 損切り$10: n272 +0.0488% t+3.71 損切り発動10.3%
  h30 損切りなし: n271 +0.0512% t+3.28 損切り発動0.0%
  h30 損切り$5: n271 +0.0364% t+2.74 損切り発動30.3%
  h30 損切り$10: n271 +0.0422% t+2.79 損切り発動15.1%

■ ⑤接近の定義を「直前5本の平均<水準」に変えた時(δ1・h15)
  n272 +0.0557% t+4.19

完了 18s
