解除日の予測(5日連続±15%以内の5日目=最終フラグ日): 初回到達の的中 90%  (到達イベント846件・完全一致780・±1日787)
エピソード単位: 初めて5日到達した日が実際の最終フラグ日と一致 92% / ±1日 93% / 実際より早すぎ(規制継続) 7%  n=627

== 全期間 2016-2026 ==  (シグナル翌日寄り買い → 平均% / 中央値 / 上がった割合)
  2日連続=解除3日前 n= 892 的中 69%  (a)3日後終値 +1.63/+2.05/ 59%   (b)予測発表日終値 +1.63/+2.05/ 59%   (c)予測実施日終値 +1.25/+0.45/ 52%
      的中した玉        n= 619 (a) +0.20/ 53%  (b) +0.20/ 53%  (c) +0.13/ 46%
      外れた玉(まだ規制中)  n= 273 (a) +4.88/ 73%  (b) +4.88/ 73%  (c) +3.79/ 65%
  3日連続=解除2日前 n= 872 的中 76%  (a)3日後終値 +1.26/+0.42/ 52%   (b)予測発表日終値 +1.66/+2.04/ 59%   (c)予測実施日終値 +1.26/+0.42/ 52%
      的中した玉        n= 667 (a) +0.86/ 50%  (b) +0.95/ 57%  (c) +0.86/ 50%
      外れた玉(まだ規制中)  n= 205 (a) +2.53/ 60%  (b) +3.99/ 69%  (c) +2.53/ 60%
  4日連続=解除1日前 n= 855 的中 83%  (a)3日後終値 -0.74/-2.47/ 38%   (b)予測発表日終値 +0.58/+0.71/ 55%   (c)予測実施日終値 +0.12/-1.11/ 43%
      的中した玉        n= 713 (a) -0.84/ 37%  (b) +0.32/ 51%  (c) +0.11/ 43%
      外れた玉(まだ規制中)  n= 142 (a) -0.22/ 42%  (b) +1.90/ 70%  (c) +0.19/ 44%

== 2025-26 ==  (シグナル翌日寄り買い → 平均% / 中央値 / 上がった割合)
  2日連続=解除3日前 n= 115 的中 75%  (a)3日後終値 +3.23/+2.70/ 65%   (b)予測発表日終値 +3.23/+2.70/ 65%   (c)予測実施日終値 +2.30/+1.20/ 56%
      的中した玉        n=  86 (a) +1.54/ 59%  (b) +1.54/ 59%  (c) +1.19/ 50%
      外れた玉(まだ規制中)  n=  29 (a) +8.23/ 83%  (b) +8.23/ 83%  (c) +5.57/ 72%
  3日連続=解除2日前 n= 110 的中 78%  (a)3日後終値 +3.01/+2.21/ 64%   (b)予測発表日終値 +3.96/+3.75/ 70%   (c)予測実施日終値 +3.01/+2.21/ 64%
      的中した玉        n=  86 (a) +2.70/ 62%  (b) +2.91/ 67%  (c) +2.70/ 62%
      外れた玉(まだ規制中)  n=  24 (a) +4.12/ 71%  (b) +7.71/ 79%  (c) +4.12/ 71%
  4日連続=解除1日前 n= 107 的中 84%  (a)3日後終値 +0.67/-0.20/ 47%   (b)予測発表日終値 +1.77/+1.09/ 58%   (c)予測実施日終値 +1.22/-0.15/ 46%
      的中した玉        n=  90 (a) +1.03/ 48%  (b) +1.47/ 57%  (c) +1.32/ 47%
      外れた玉(まだ規制中)  n=  17 (a) -1.27/ 41%  (b) +3.38/ 65%  (c) +0.68/ 41%

== 2026 ==  (シグナル翌日寄り買い → 平均% / 中央値 / 上がった割合)
  2日連続=解除3日前 n=  35 的中 74%  (a)3日後終値 +5.10/+6.84/ 74%   (b)予測発表日終値 +5.10/+6.84/ 74%   (c)予測実施日終値 +4.92/+6.88/ 71%
      的中した玉        n=  26 (a) +3.76/ 69%  (b) +3.76/ 69%  (c) +4.33/ 65%
      外れた玉(まだ規制中)  n=   9 (a) +8.98/ 89%  (b) +8.98/ 89%  (c) +6.63/ 89%
  3日連続=解除2日前 n=  34 的中 76%  (a)3日後終値 +4.31/+2.69/ 74%   (b)予測発表日終値 +4.76/+5.96/ 71%   (c)予測実施日終値 +4.31/+2.69/ 74%
      的中した玉        n=  26 (a) +3.87/ 73%  (b) +3.26/ 65%  (c) +3.87/ 73%
      外れた玉(まだ規制中)  n=   8 (a) +5.73/ 75%  (b) +9.64/ 88%  (c) +5.73/ 75%
  4日連続=解除1日前 n=  31 的中 87%  (a)3日後終値 +2.38/+2.23/ 55%   (b)予測発表日終値 +2.55/+4.26/ 65%   (c)予測実施日終値 +2.67/+2.97/ 55%
      的中した玉        n=  27 (a) +2.83/ 56%  (b) +1.77/ 59%  (c) +2.27/ 52%
      外れた玉(まだ規制中)  n=   4 (a) -0.67/ 50%  (b) +7.78/100%  (c) +5.37/ 75%

年別 k=2(3日前)・(a)3日後終値: 平均% / 上がった%
        n    a    aw    ok
yr                        
2016   49  2.8  63.3  61.2
2017  153  2.1  64.1  64.1
2018   76 -0.9  51.3  71.1
2019   62  1.5  56.5  71.0
2020  129  1.5  58.9  72.1
2021   79  0.7  64.6  70.9
2022   62  0.6  51.6  67.7
2023   96  0.8  54.2  69.8
2024   71  3.2  56.3  69.0
2025   80  2.4  61.3  75.0
2026   35  5.1  74.3  74.3

3907 25MA乖離(%):
08-17:+29 08-18:+30 08-19:+32 08-20:+47
