
== 全期間 2016-2026 (n=900) ==  日別 TOPIX差の平均 / 中央値 / 上昇率   (0日=規制フラグ最終日・+1=解除実施日)
  -5日   -0.69% /  -0.31% /  47%
  -4日   -4.93% /  -4.06% /   8%
  -3日   -1.63% /  -0.83% /  41%
  -2日   -0.48% /  -0.18% /  48%
  -1日   +0.30% /  +0.52% /  55%
  +0日   +0.73% /  +0.66% /  56%
  +1日   -0.28% /  -1.64% /  38%
  +2日   -1.24% /  -2.24% /  33%
  +3日   -1.06% /  -1.66% /  35%
  +4日   -0.74% /  -1.20% /  38%
  +5日   -0.36% /  -0.97% /  39%
  3日前終値→0日終値      +0.58% /  +1.04% / 上昇率 56%
  3日前終値→解除実施日終値   +0.30% /  -0.53% / 上昇率 47%
  3日前終値→+3日終値     -1.93% /  -4.28% / 上昇率 36%

== 2025年 (n=82) ==  日別 TOPIX差の平均 / 中央値 / 上昇率   (0日=規制フラグ最終日・+1=解除実施日)
  -5日   -2.74% /  -1.49% /  34%
  -4日   -6.68% /  -5.87% /   5%
  -3日   -2.94% /  -3.02% /  29%
  -2日   -2.18% /  -1.62% /  33%
  -1日   -0.19% /  -0.61% /  43%
  +0日   +2.27% /  +1.86% /  60%
  +1日   -0.55% /  -2.22% /  32%
  +2日   -1.75% /  -2.50% /  30%
  +3日   -1.08% /  -2.10% /  34%
  +4日   +0.00% /  -1.12% /  40%
  +5日   -0.69% /  -1.46% /  39%
  3日前終値→0日終値      -0.11% /  +1.75% / 上昇率 62%
  3日前終値→解除実施日終値   -0.73% /  -1.50% / 上昇率 46%
  3日前終値→+3日終値     -3.71% /  -4.36% / 上昇率 33%

== 2026年(〜7月) (n=34) ==  日別 TOPIX差の平均 / 中央値 / 上昇率   (0日=規制フラグ最終日・+1=解除実施日)
  -5日   -1.55% /  +0.75% /  56%
  -4日   -5.72% /  -4.96% /   6%
  -3日   -5.40% /  -3.92% /  24%
  -2日   -1.09% /  -1.15% /  41%
  -1日   +0.94% /  +0.73% /  53%
  +0日   +1.52% /  +1.40% /  59%
  +1日   +0.54% /  -1.24% /  38%
  +2日   -0.73% /  -1.87% /  38%
  +3日   -3.40% /  -2.94% /  29%
  +4日   -1.24% /  -2.57% /  35%
  +5日   -0.46% /  -0.82% /  44%
  3日前終値→0日終値      +1.34% /  +1.48% / 上昇率 65%
  3日前終値→解除実施日終値   +1.78% /  +2.37% / 上昇率 62%
  3日前終値→+3日終値     -2.37% /  +1.32% / 上昇率 53%

== 2025-26合算 (n=116) ==  日別 TOPIX差の平均 / 中央値 / 上昇率   (0日=規制フラグ最終日・+1=解除実施日)
  -5日   -2.39% /  -1.10% /  41%
  -4日   -6.40% /  -5.63% /   5%
  -3日   -3.66% /  -3.16% /  28%
  -2日   -1.86% /  -1.53% /  35%
  -1日   +0.15% /  -0.20% /  46%
  +0日   +2.05% /  +1.60% /  59%
  +1日   -0.23% /  -1.90% /  34%
  +2日   -1.45% /  -2.30% /  33%
  +3日   -1.76% /  -2.25% /  33%
  +4日   -0.36% /  -1.25% /  39%
  +5日   -0.62% /  -1.17% /  41%
  3日前終値→0日終値      +0.32% /  +1.73% / 上昇率 63%
  3日前終値→解除実施日終値   +0.01% /  +0.49% / 上昇率 51%
  3日前終値→+3日終値     -3.31% /  -4.02% / 上昇率 39%

年別: 3日前→0日 / 3日前→+1日 / 3日前→+3日 (平均TOPIX差%・上昇率%)
        n    a    aw    b    bw    c    cw
yr                                        
2016   49  1.4  63.3  0.6  46.9 -1.0  40.8
2017  153  1.3  58.8  1.9  54.9  0.1  39.2
2018   76 -0.7  50.0 -1.1  38.2 -2.6  36.8
2019   64  1.1  53.1  1.1  48.4 -2.6  31.2
2020  129  0.2  49.6 -1.2  46.5 -2.4  36.4
2021   80  0.3  50.0 -0.1  36.2 -1.4  27.5
2022   64  0.8  54.7  0.8  48.4 -3.3  32.8
2023   97 -0.6  52.6 -1.1  40.2 -2.3  34.0
2024   72  2.2  61.1  2.6  50.0 -1.4  36.1
2025   82 -0.1  62.2 -0.7  46.3 -3.7  32.9
2026   34  1.3  64.7  1.8  61.8 -2.4  52.9

== 事前版: 規制中(実施5日目〜)の-4%以下の日の翌日以降 (n=2181) ==
  全期間      翌1日 -0.45%/47%   3日 -0.10%/中央-0.35%/上昇率49%   解除がちょうど4日後だった割合 17%
  2025-26  翌1日 -0.80%/44%   3日 -2.50%/中央-2.35%/上昇率41%   解除がちょうど4日後だった割合 16%
  2026     翌1日 -1.40%/39%   3日 -1.76%/中央-0.82%/上昇率44%   解除がちょうど4日後だった割合 12%
  うち本当に解除4日前だった玉 n=365 3日 -1.83%/上昇率43%
  それ以外(解除はまだ)     n=1816 3日 +0.25%/上昇率50%
