対象ペア 54 ['CHFSGD.', 'EURDKK.', 'EURHKD.', 'EURHUF.', 'EURNOK.', 'EURPLN.', 'EURSEK.', 'EURSGD.', 'EURTRY.', 'EURZAR.', 'GBPDKK.', 'GBPNOK.', 'GBPSEK.', 'GBPSGD.', 'NZDSGD.', 'SGDJPY.', 'USDDKK.', 'USDHKD.', 'USDHUF.', 'USDMXN.', 'USDNOK.', 'USDPLN.', 'USDSEK.', 'USDSGD.', 'USDTRY.', 'USDZAR.', 'CADCHF.', 'CADJPY.', 'CHFJPY.', 'EURCAD.', 'EURCHF.', 'EURGBP.', 'EURJPY.', 'EURUSD.', 'GBPCAD.', 'GBPCHF.', 'GBPJPY.', 'GBPUSD.', 'USDCAD.', 'USDCHF.', 'USDJPY.', 'AUDCAD.', 'AUDCHF.', 'AUDJPY.', 'AUDNZD.', 'AUDUSD.', 'EURAUD.', 'EURNZD.', 'GBPAUD.', 'GBPNZD.', 'NZDCAD.', 'NZDCHF.', 'NZDJPY.', 'NZDUSD.']

== (1) キャリー: スワップ+側をずっと持つ(スワップ=今のspec・スポットは2001〜の年平均%) ==
    sym side  swap_ann  spot_ann  spot_wy  spot_sd    tot  trend_ann  trend_wy  trend_t
AUDJPY.   買い      1.33      3.32     0.69    11.23   4.65       3.30      0.69     1.95
NZDJPY.   買い     -0.62      3.63     0.63    12.46   3.01       0.58      0.48     0.34
AUDCAD.   買い      0.60      1.28     0.58     5.82   1.89      -0.01      0.31    -0.01
GBPJPY.   買い      0.54      1.33     0.65    13.90   1.87       2.10      0.50     1.48
AUDCHF.   買い      2.88     -1.02     0.46     9.59   1.85       0.56      0.54     0.42
USDJPY.   買い      0.50      1.34     0.50     9.59   1.83       1.40      0.46     1.09
CADJPY.   買い     -0.35      2.04     0.69    11.94   1.68      -0.10      0.50    -0.07
AUDUSD.   買い     -0.44      1.90     0.58    11.35   1.46       0.86      0.35     0.58
EURJPY.   買い     -1.26      2.58     0.69    10.33   1.31       0.93      0.38     0.66
USDCAD.   買い      0.27     -0.02     0.42     9.24   0.25       0.14      0.35     0.12
AUDNZD.   買い     -0.08      0.31     0.62     5.52   0.23       0.28      0.42     0.32
EURAUD.   売り      0.31     -0.11     0.46     8.99   0.20      -0.89      0.31    -0.72
NZDCHF.   買い      0.95     -0.76     0.44     8.79   0.20      -1.85      0.26    -1.23
GBPCAD.   買い      0.06     -0.13     0.62     8.31  -0.07      -0.50      0.50    -0.43
NZDCAD.   買い     -1.60      1.39     0.58     6.14  -0.21      -0.52      0.38    -0.40
GBPAUD.   売り     -1.23      0.97     0.42     8.53  -0.26      -0.12      0.42    -0.09
USDSEK.   買い     -0.95      0.51     0.50    11.88  -0.44      -1.03      0.35    -0.62
EURCAD.   買い     -1.43      0.97     0.54     8.34  -0.46      -0.48      0.50    -0.38
USDCHF.   買い      1.72     -2.20     0.38     7.43  -0.48      -2.13      0.31    -1.61
GBPSEK.   買い     -0.70      0.06     0.54     7.01  -0.64      -2.88      0.31    -2.22
GBPCHF.   買い      1.77     -2.49     0.46     8.97  -0.72      -2.56      0.35    -2.11
GBPUSD.   買い     -1.00      0.11     0.58     9.62  -0.89      -0.07      0.58    -0.06
GBPNZD.   買い     -0.38     -0.52     0.52     7.44  -0.89      -2.15      0.26    -1.61
EURGBP.   売り      0.45     -1.46     0.54     7.68  -1.01      -1.52      0.38    -1.57
EURUSD.   売り      0.45     -1.47     0.50     8.95  -1.01      -0.05      0.35    -0.04
CADCHF.   買い      0.76     -1.79     0.42     9.26  -1.03      -2.05      0.27    -1.52
EURSEK.   買い     -2.18      1.09     0.61     5.84  -1.09      -2.06      0.26    -1.84
EURCHF.   買い      0.28     -1.57     0.31     5.12  -1.29      -1.01      0.27    -1.73
EURPLN.   売り     -1.41      0.05     0.52     6.52  -1.36      -2.91      0.26    -2.85
USDHKD.   買い     -1.41      0.02     0.54     0.37  -1.39      -1.01      0.00   -12.57
GBPSGD.   買い     -0.48     -1.28     0.62     8.51  -1.76      -2.48      0.38    -2.61
USDSGD.   買い     -0.53     -1.24     0.42     4.29  -1.77      -0.60      0.38    -0.86
USDMXN.   売り      1.15     -2.94     0.46    10.53  -1.79      -1.71      0.19    -1.25
NZDSGD.   買い     -2.22      0.42     0.38     9.36  -1.81      -3.09      0.23    -2.39
USDDKK.   買い     -1.12     -0.75     0.50     9.01  -1.87      -0.70      0.35    -0.57
EURSGD.   買い     -2.03      0.09     0.46     7.09  -1.94      -1.87      0.31    -1.97
GBPDKK.   買い     -1.08     -1.03     0.50     7.54  -2.11      -2.87      0.31    -3.01
NZDUSD.   売り     -0.56     -1.76     0.35    10.87  -2.33      -0.59      0.42    -0.35
EURNOK.   売り     -0.92     -1.46     0.50     8.13  -2.38      -3.00      0.19    -3.01
EURHUF.   売り     -0.51     -1.88     0.29     5.27  -2.39      -2.43      0.29    -2.34
EURNZD.   売り     -1.78     -0.64     0.48     8.17  -2.43      -1.81      0.26    -1.41
EURHKD.   売り     -2.79      0.22     0.59     7.96  -2.58      -1.00      0.36    -0.73
EURDKK.   買い     -2.65      0.01     0.50     0.23  -2.64      -1.96      0.00   -34.20
GBPNOK.   売り     -2.42     -0.33     0.54     8.42  -2.76      -3.72      0.31    -2.87
USDNOK.   売り     -2.27     -0.78     0.50    11.87  -3.05      -3.39      0.27    -2.13
CHFSGD.   売り     -1.37     -1.91     0.35     5.64  -3.28      -5.93      0.08    -4.76
EURZAR.   売り      0.60     -4.58     0.40    13.45  -3.98      -2.10      0.30    -1.07
USDZAR.   売り      1.03     -5.30     0.39    14.66  -4.27      -3.83      0.26    -1.91
USDPLN.   売り     -2.77     -2.36     0.42    11.32  -5.13      -1.54      0.35    -0.94
USDHUF.   売り     -1.89     -3.38     0.37    11.23  -5.27      -2.26      0.41    -1.44
SGDJPY.   売り     -2.82     -2.65     0.35     8.57  -5.47      -2.86      0.19    -2.05
CHFJPY.   売り     -1.15     -4.39     0.23     7.99  -5.54      -3.26      0.19    -2.18
USDTRY.   売り      9.78    -15.49     0.19    18.07  -5.72       1.28      0.46     0.92
EURTRY.   売り      3.51    -17.26     0.19    17.79 -13.75      -1.30      0.27    -0.92

  スワップ年率が+1%超のペア: 8本  スポット+スワップ合計が+3%超かつスポット勝ち年60%超: 2本

== (2) 日足ルール 1620セル(54ペア×30ルール) 判定t>3×前後半t>1.5×勝ち年8割 → 生存0 ==
  ルール別の平均t:
          mean   max
rule                
月末2日買    -2.19  2.45
月初2日売    -1.94  2.43
逆張z1_3日  -3.39  1.92
月初2日買    -2.24  1.84
逆張z1_5日  -3.22  1.69
月末2日売    -2.19  1.50
水曜買      -4.81  1.36
逆張z1_1日  -4.37  1.35
火曜買      -4.58  0.94
モメ120    -3.33  0.88
金曜買      -5.35  0.76
モメ250    -3.10  0.76
月曜買      -4.59  0.70
月曜売      -5.63  0.67
モメ20     -3.78  0.65
金曜売      -4.83  0.43
ドンチャン55  -2.90  0.42
MA20/100 -2.85  0.41
MA10/50  -3.17  0.38
MA50/200 -2.62  0.38
順張z1_3日  -5.04  0.32
モメ60     -3.58  0.31
火曜売      -5.52  0.31
木曜買      -4.46  0.29
順張z1_1日  -6.01  0.27
MA5/20   -3.41  0.27
水曜売      -5.12  0.23
順張z1_5日  -4.84  0.17
木曜売      -5.25 -0.05
ドンチャン20  -3.23 -0.15

  t上位15セル:
    sym    rule    n  mean     t    ta    tb    wy   ann  cost
GBPUSD.   月末2日買 6508 0.005 2.453 2.653 0.645 0.615 1.138 0.016
GBPAUD.   月初2日売 6571 0.006 2.427 1.050 2.560 0.692 1.503 0.013
AUDCAD. 逆張z1_3日 6537 0.011 1.916 1.307 1.467 0.654 2.772 0.013
AUDCHF.   月初2日買 6562 0.005 1.843 1.308 1.324 0.769 1.311 0.022
GBPCAD.   月初2日売 6545 0.004 1.839 1.057 1.672 0.538 1.064 0.015
GBPNZD.   月末2日買 6557 0.004 1.712 1.333 1.074 0.667 1.036 0.019
GBPNZD.   月初2日売 6557 0.004 1.699 0.589 2.120 0.667 0.968 0.019
AUDCAD. 逆張z1_5日 6537 0.011 1.691 1.145 1.318 0.615 2.735 0.013
GBPCAD.   月末2日買 6545 0.003 1.573 1.494 0.676 0.615 0.813 0.015
EURGBP.   月末2日売 6517 0.003 1.497 1.534 0.471 0.538 0.655 0.008
CADCHF. 逆張z1_5日 6571 0.011 1.414 1.235 0.732 0.615 2.759 0.033
GBPAUD.   月末2日買 6571 0.003 1.384 0.572 1.516 0.500 0.813 0.013
GBPJPY.     水曜買 6544 0.005 1.359 0.150 2.066 0.731 1.359 0.011
AUDCAD. 逆張z1_1日 6537 0.005 1.351 1.190 0.659 0.577 1.382 0.013
CADCHF.   月初2日買 6571 0.003 1.128 1.151 0.311 0.731 0.734 0.033

  |t|>3のセル数 575/1620 (35.5%・ランダムなら0.27%)  t>3かつ前後半>1.5: 0
