====================================================================================================================================
① 張り付き閾値スイープ（keep rng > X%・X=現行5・「なし」=除外撤廃・1玉50万・上位2本・gross円）
====================================================================================================================================
  閾値                件数    撃つ日      勝率    PF         10年計        年平均     前半16-21     後半22-26   勝年        最悪年        最悪月      net0.2%
  なし(全部)          1797   1222   58.5%  1.47   +8,003,580   +727,598  +3,766,960  +4,236,620  11/11    +72,530   -202,800   +6,435,526
  rng>1%          1775   1208   58.9%  1.49   +7,893,680   +717,607  +3,543,660  +4,350,020  11/11    +72,530   -202,800   +6,346,946
  rng>2%          1769   1205   58.9%  1.48   +7,861,780   +714,707  +3,492,460  +4,369,320  11/11    +72,530   -202,800   +6,320,096
  rng>3%          1759   1200   59.1%  1.50   +7,953,670   +723,061  +3,468,950  +4,484,720  11/11    +72,530   -202,800   +6,423,417
  rng>4%          1754   1199   59.2%  1.50   +7,950,670   +722,788  +3,446,150  +4,504,520  11/11    +72,530   -202,800   +6,424,936
  rng>5%（現行）      1741   1191   59.2%  1.50   +7,897,510   +717,955  +3,449,950  +4,447,560  11/11    +72,530   -213,450   +6,382,935
  rng>6%          1698   1172   59.2%  1.49   +7,748,690   +704,426  +3,545,550  +4,203,140  11/11    +65,930   -197,200   +6,269,528
  rng>7%          1616   1130   59.2%  1.48   +7,307,830   +664,348  +3,324,820  +3,983,010  11/11    +45,230   -187,950   +5,895,964

====================================================================================================================================
② 除外を撤廃すると何が起きるか（現行との差分）
====================================================================================================================================
  増える玉 88件: 勝率44.3% PF1.15 計+253,270円 / うちrng≤5%の張り付き玉 86件
  押し出されて消える玉 32件: 勝率56.2% PF1.51 計+147,200円

  ■ 張り付き玉（rng≤5%）だけの成績: 86件 勝率45.3% PF1.18 計+280,970円
  年別: 2017:-62,600 2018:-17,100 2019:+147,700 2020:+215,610 2021:+43,600 2022:-79,400 2023:-107,390 2024:+119,700 2025:-91,350 2026:+112,200
  約定不能リスク: 寄りが値幅上限 11件 / 終日ロック(買戻し不能) 6件 / 引けS高(引成不成立の恐れ) 13件
  ワースト銘柄: 3031.T:-99,000 6966.T:-75,600 1518.T:-75,200
  ベスト銘柄:   7707.T:+97,400 3747.T:+147,000 6400.T:+157,200
  ワースト5件:
    2020-09-07 3031.T 前日+23.1% rng2.7% 寄1,599→引1,929 -99,000円
    2026-02-10 3103.T 前日+19.4% rng0.0% 寄907→引1,072 -82,500円 [引けS高]
    2026-06-17 6966.T 前日+15.7% rng2.8% 寄1,131→引1,320 -75,600円
    2022-05-17 1518.T 前日+20.6% rng0.0% 寄502→引569 -66,800円 [引けS高]
    2025-05-01 4506.T 前日+14.6% rng0.9% 寄786→引894 -64,800円
  上位3日を除く: -154,830円 / 上位3銘柄を除く: -120,630円

====================================================================================================================================
③ 参考: 現行(rng>5%)の同リスク率
====================================================================================================================================
  1741件中: 寄り値幅上限 23件(1.3%) / 終日ロック 7件(0.40%) / 引けS高 77件(4.42%)
