セル 550  (3s)
ノイズ床(コスト抜き・最大tの95%点・300回) = 3.47   (12s)

■ コスト抜きtの上位30(合格判定は t_gross>床 かつ 実勢コスト後の全条件)
 base dir trade  hold    n  days  gross  t_gross  plc_gross  diff_vs_plc    net      t     t1     t2   yrs  t_top3  t_c15  net_kiwami  t_kiwami   hit
   PD 下から  C0.5     5 1099  1099  0.418    5.087      0.246        0.172 -0.175 -2.123 -6.310  0.490  2/12  -2.835 -5.728       0.118     1.439 0.347
   PD 下から  C0.5    15 1098  1098  0.627    5.044      0.328        0.299  0.034  0.273 -3.216  1.729  4/12  -0.240 -2.113       0.327     2.630 0.395
 RN50 下から    C1    15  592   527  1.279    4.597      0.035        1.245  0.686  2.466 -0.525  2.718  9/12   1.919  1.401       0.979     3.519 0.505
   PW 下から    C1    15  209   209  1.303    4.436      0.999        0.304  0.710  2.417  0.959  2.257  9/12   1.762  1.407       1.003     3.414 0.545
 RN50 下から    C2    15  496   437  1.292    4.108      0.254        1.038  0.699  2.222 -1.063  2.625  8/12   1.641  1.279       0.992     3.153 0.514
 RN50 下から    C1     5  594   528  0.747    4.106      0.180        0.567  0.154  0.845 -1.438  1.420  6/12   0.090 -0.786       0.447     2.456 0.463
 RN50 下から    C1    30  590   526  1.370    3.958     -0.035        1.405  0.777  2.244 -0.954  2.584  7/12   1.714  1.387       1.070     3.091 0.503
   PW 下から  C0.5    15  236   236  1.120    3.865      0.878        0.242  0.527  1.819  0.227  2.024  7/12   1.115  0.796       0.820     2.830 0.508
   PD 下から    C1    15  971   971  0.525    3.834      0.460        0.065 -0.068 -0.500 -3.480  1.011  4/12  -1.051 -2.667       0.225     1.642 0.403
 RN50 下から  C0.5    15  658   586  0.950    3.823     -0.034        0.984  0.357  1.436 -0.973  1.798  6/12   0.792  0.243       0.650     2.616 0.479
   PD 下から  C0.5    30 1096  1096  0.637    3.806      0.520        0.117  0.044  0.262 -2.902  1.378  5/12  -0.286 -1.510       0.337     2.013 0.411
 RN10 下から    C1     5 3044  1472  0.393    3.738      0.140        0.253 -0.200 -1.900 -5.397 -0.797  1/12  -3.747 -4.719       0.093     0.886 0.401
   PW 下から  C0.5     5  236   236  0.684    3.735      0.314        0.369  0.091  0.495 -1.579  1.343  4/12  -0.290 -1.125       0.384     2.096 0.458
 RN10 下から    C1    15 3029  1471  0.590    3.707      0.283        0.307 -0.003 -0.021 -3.259  0.513  3/12  -0.996 -1.885       0.290     1.821 0.450
 RN50 下から  C0.5    30  655   584  1.166    3.602     -0.164        1.330  0.573  1.770 -1.585  2.254  7/12   1.233  0.854       0.866     2.675 0.466
 RN25 下から    C1    15 1191   897  0.700    3.507      0.277        0.423  0.107  0.538 -2.138  1.024  5/12  -0.316 -0.947       0.400     2.005 0.457
 RN10 下から    C2     5 2543  1204  0.411    3.486      0.133        0.278 -0.182 -1.547 -5.215 -0.567  1/12  -3.233 -4.064       0.111     0.940 0.415
   PW 下から    C1     5  209   209  0.665    3.480      0.572        0.093  0.072  0.377 -1.835  1.242  5/12  -0.451 -1.174       0.365     1.910 0.431
   PD 下から  C0.5   120 1066  1066  0.972    3.444      0.317        0.655  0.379  1.343 -0.072  1.484  6/12   0.836  0.293       0.672     2.381 0.477
 RN10 下から    C2    15 2532  1204  0.609    3.441      0.292        0.317  0.016  0.088 -3.456  0.650  2/12  -0.926 -1.588       0.309     1.745 0.444
 RN25 下から    C1     5 1195   898  0.452    3.375      0.138        0.314 -0.141 -1.055 -3.210 -0.328  2/12  -2.461 -3.271       0.152     1.134 0.421
   PW 下から    C2    15  172   172  1.095    3.299      0.751        0.344  0.502  1.512  0.349  1.556  7/12   0.686  0.619       0.795     2.395 0.488
   PW 下から    C1    30  207   207  1.290    3.272      1.422       -0.132  0.697  1.767  1.063  1.453  9/12   1.213  1.015       0.990     2.511 0.517
 RN10 下から  C0.5    15 3375  1654  0.468    3.246      0.309        0.159 -0.125 -0.867 -3.652 -0.244  4/12  -2.003 -2.923       0.168     1.165 0.429
RN100 下から    C1    15  294   285  1.405    3.234     -0.145        1.550  0.812  1.869  1.153  1.667 10/12   1.193  1.186       1.105     2.543 0.558
   PD 下から    C1     5  971   971  0.293    3.233      0.362       -0.069 -0.300 -3.307 -6.781 -0.690  2/12  -4.088 -6.577      -0.007    -0.076 0.333
   PD 下から    C2    15  712   712  0.559    3.230      0.288        0.271 -0.034 -0.199 -2.226  0.664  4/12  -0.755 -1.914       0.259     1.495 0.413
RN100 下から  C0.5    15  329   320  1.220    3.211     -0.106        1.326  0.627  1.651  0.464  1.587  9/12   0.914  0.870       0.920     2.422 0.535
 RN50 下から    C2    30  494   436  1.328    3.174      0.114        1.215  0.735  1.757 -1.366  2.149  8/12   1.190  1.049       1.028     2.457 0.508
  RN5 上から    RM    60 7587  2175  1.929    3.153      1.957       -0.028  1.336  2.184 -2.110  2.436  2/12   1.266  1.699       1.629     2.663 0.500

■ 実勢コスト後(net)tの上位20
 base dir trade  hold    n  days  gross  t_gross  plc_gross  diff_vs_plc   net     t     t1    t2   yrs  t_top3  t_c15  net_kiwami  t_kiwami   hit
 RN50 下から    C1    15  592   527  1.279    4.597      0.035        1.245 0.686 2.466 -0.525 2.718  9/12   1.919  1.401       0.979     3.519 0.505
 RN25 上から    RM   120 1508  1072  3.898    2.898      3.797        0.101 3.305 2.457 -2.027 2.739  4/12   1.786  2.236       3.598     2.675 0.535
   PW 下から    C1    15  209   209  1.303    4.436      0.999        0.304 0.710 2.417  0.959 2.257  9/12   1.762  1.407       1.003     3.414 0.545
  RN5 上から    RM   120 7421  2153  3.843    2.670      3.846       -0.003 3.250 2.258 -2.008 2.460  2/12   1.518  2.052       3.543     2.462 0.522
 RN50 下から    C1    30  590   526  1.370    3.958     -0.035        1.405 0.777 2.244 -0.954 2.584  7/12   1.714  1.387       1.070     3.091 0.503
 RN50 下から    C2    15  496   437  1.292    4.108      0.254        1.038 0.699 2.222 -1.063 2.625  8/12   1.641  1.279       0.992     3.153 0.514
 RN25 上から    RL   120 1234   861  3.906    2.604      3.828        0.078 3.313 2.209 -2.329 2.532  3/12   1.275  2.011       3.606     2.404 0.522
  RN5 上から    RM    60 7587  2175  1.929    3.153      1.957       -0.028 1.336 2.184 -2.110 2.436  2/12   1.266  1.699       1.629     2.663 0.500
 RN10 上から    RM   120 3684  1736  3.563    2.454      4.007       -0.444 2.970 2.045 -2.546 2.303  2/12   0.981  1.841       3.263     2.247 0.511
  RN5 上から    RL   120 6211  1836  3.770    2.396      3.732        0.038 3.177 2.019 -2.383 2.260  2/12   0.907  1.830       3.470     2.205 0.513
 RN25 上から    RM    60 1542  1094  1.826    2.894      1.898       -0.072 1.233 1.954 -2.661 2.387  3/12   1.003  1.484       1.526     2.419 0.501
   PW 下から    C1    60  205   205  1.560    3.059      1.862       -0.303 0.967 1.896  0.913 1.675  8/12   1.302  1.314       1.260     2.470 0.551
RN100 下から    C1    15  294   285  1.405    3.234     -0.145        1.550 0.812 1.869  1.153 1.667 10/12   1.193  1.186       1.105     2.543 0.558
 RN10 上から    RM    60 3772  1764  1.726    2.825      2.058       -0.332 1.133 1.855 -3.147 2.243  2/12   0.733  1.369       1.426     2.334 0.486
   PW 下から  C0.5    15  236   236  1.120    3.865      0.878        0.242 0.527 1.819  0.227 2.024  7/12   1.115  0.796       0.820     2.830 0.508
 RN50 下から  C0.5    30  655   584  1.166    3.602     -0.164        1.330 0.573 1.770 -1.585 2.254  7/12   1.233  0.854       0.866     2.675 0.466
   PW 下から    C1    30  207   207  1.290    3.272      1.422       -0.132 0.697 1.767  1.063 1.453  9/12   1.213  1.015       0.990     2.511 0.517
 RN10 上から    RL   120 3094  1450  3.357    2.138      3.995       -0.638 2.764 1.760 -3.029 2.075  2/12   0.323  1.571       3.057     1.947 0.499
 RN50 下から    C2    30  494   436  1.328    3.174      0.114        1.215 0.735 1.757 -1.366 2.149  8/12   1.190  1.049       1.028     2.457 0.508
RN100 下から  C0.5    30  328   320  1.410    2.935     -0.194        1.604 0.817 1.700 -0.087 1.755  8/12   0.937  1.083       1.110     2.310 0.512

■ 水準の種類ごとの最良セル(コスト抜きt)
 base dir trade  hold    n  days  gross  t_gross  plc_gross  diff_vs_plc    net      t     t1     t2   yrs  t_top3  t_c15  net_kiwami  t_kiwami   hit
   AS 下から    C2   120  986   986  0.683    2.248      0.617        0.066  0.090  0.297 -0.971  0.714  6/12  -0.216 -0.679       0.383     1.261 0.472
   OD 下から    C2    15  412   412  0.610    2.416      0.638       -0.028  0.017  0.068 -2.933  0.964  5/12  -1.531 -1.105       0.310     1.228 0.367
   OL 下から    RM    30 1164  1164  0.200    1.584      0.209       -0.009 -0.393 -3.106 -4.395 -1.392  2/12  -4.136 -5.450      -0.100    -0.789 0.415
   ON 下から    C1    30  783   783  0.369    1.639      0.285        0.084 -0.224 -0.994 -3.494  0.101  2/12  -2.087 -2.311       0.069     0.307 0.428
   PD 下から  C0.5     5 1099  1099  0.418    5.087      0.246        0.172 -0.175 -2.123 -6.310  0.490  2/12  -2.835 -5.728       0.118     1.439 0.347
   PW 下から    C1    15  209   209  1.303    4.436      0.999        0.304  0.710  2.417  0.959  2.257  9/12   1.762  1.407       1.003     3.414 0.545
 RN10 下から    C1     5 3044  1472  0.393    3.738      0.140        0.253 -0.200 -1.900 -5.397 -0.797  1/12  -3.747 -4.719       0.093     0.886 0.401
RN100 下から    C1    15  294   285  1.405    3.234     -0.145        1.550  0.812  1.869  1.153  1.667 10/12   1.193  1.186       1.105     2.543 0.558
 RN25 下から    C1    15 1191   897  0.700    3.507      0.277        0.423  0.107  0.538 -2.138  1.024  5/12  -0.316 -0.947       0.400     2.005 0.457
  RN5 上から    RM    60 7587  2175  1.929    3.153      1.957       -0.028  1.336  2.184 -2.110  2.436  2/12   1.266  1.699       1.629     2.663 0.500
 RN50 下から    C1    15  592   527  1.279    4.597      0.035        1.245  0.686  2.466 -0.525  2.718  9/12   1.919  1.401       0.979     3.519 0.505

■ 合格 0/550

■ キリ番の本物−偽(コスト抜き平均$/oz・保有30分・全方向平均)
  RN5: 上からRL: 本物+0.237 偽+0.236 差+0.002 / 上からRM: 本物+0.676 偽+0.724 差-0.048 / 上からC0.5: 本物-0.325 偽-0.360 差+0.034 / 上からC1: 本物-0.386 偽-0.437 差+0.051 / 上からC2: 本物-0.631 偽-0.452 差-0.179 / 下からRL: 本物-0.188 偽-0.244 差+0.056 / 下からRM: 本物-0.058 偽-0.039 差-0.018 / 下からC0.5: 本物+0.310 偽+0.218 差+0.092 / 下からC1: 本物+0.328 偽+0.209 差+0.120 / 下からC2: 本物+0.262 偽+0.236 差+0.025
  RN10: 上からRL: 本物-0.006 偽+0.347 差-0.353 / 上からRM: 本物+0.470 偽+0.789 差-0.319 / 上からC0.5: 本物-0.112 偽-0.561 差+0.449 / 上からC1: 本物-0.261 偽-0.611 差+0.350 / 上からC2: 本物-0.512 偽-0.484 差-0.028 / 下からRL: 本物-0.252 偽-0.205 差-0.047 / 下からRM: 本物-0.161 偽+0.010 差-0.171 / 下からC0.5: 本物+0.403 偽+0.169 差+0.234 / 下からC1: 本物+0.492 偽+0.151 差+0.341 / 下からC2: 本物+0.423 偽+0.176 差+0.247
  RN25: 上からRL: 本物-0.189 偽+0.329 差-0.518 / 上からRM: 本物+0.374 偽+0.707 差-0.333 / 上からC0.5: 本物+0.070 偽-0.424 差+0.494 / 上からC1: 本物-0.075 偽-0.596 差+0.521 / 上からC2: 本物-0.272 偽-0.619 差+0.347 / 下からRL: 本物-0.381 偽-0.177 差-0.204 / 下からRM: 本物-0.270 偽-0.017 差-0.253 / 下からC0.5: 本物+0.556 偽+0.217 差+0.340 / 下からC1: 本物+0.624 偽+0.273 差+0.351 / 下からC2: 本物+0.566 偽+0.152 差+0.413
  RN50: 下からRL: 本物-0.875 偽+0.128 差-1.003 / 下からRM: 本物-0.812 偽+0.286 差-1.097 / 下からC0.5: 本物+1.166 偽-0.164 差+1.330 / 下からC1: 本物+1.370 偽-0.035 差+1.405 / 下からC2: 本物+1.328 偽+0.114 差+1.215 / 上からRL: 本物-1.050 偽+0.223 差-1.272 / 上からRM: 本物-0.499 偽+0.787 差-1.286 / 上からC0.5: 本物+0.873 偽-0.441 差+1.313 / 上からC1: 本物+0.596 偽-0.412 差+1.008 / 上からC2: 本物+0.517 偽-0.523 差+1.040
  RN100: 下からRL: 本物-0.981 偽+0.172 差-1.153 / 下からRM: 本物-1.012 偽+0.423 差-1.435 / 下からC0.5: 本物+1.410 偽-0.194 差+1.604 / 下からC1: 本物+1.457 偽-0.222 差+1.679 / 下からC2: 本物+1.565 偽-0.233 差+1.798 / 上からRL: 本物-1.645 偽+0.586 差-2.231 / 上からRM: 本物-1.442 偽+1.332 差-2.773 / 上からC0.5: 本物+1.490 偽-0.524 差+2.013 / 上からC1: 本物+1.242 偽-0.663 差+1.904 / 上からC2: 本物+1.238 偽-1.081 差+2.319
