B0=58966 全停止=25000 期間 2016-05-26〜2026-09-08 n=2655
倍率k | E[log] 5年中央 下位10% 停止% DD | 1年中央 下位10% | 1年停止%
×1.00| E[log]+5.09 中央 850.4万 下位10% 31.0 停止  0% DD -54% | 1年中央 10.8 下位10% 6.7 | 1年停止  0%
×1.25| E[log]+5.90 中央1762.7万 下位10% 39.6 停止  0% DD -63% | 1年中央 10.3 下位10% 6.3 | 1年停止  0%
×1.50| E[log]+5.45 中央1883.7万 下位10%  2.4 停止 14% DD -75% | 1年中央  9.9 下位10% 5.7 | 1年停止  9%
×2.00| E[log]+3.68 中央 187.2万 下位10%  1.0 停止 31% DD -91% | 1年中央  9.2 下位10% 2.4 | 1年停止 18%
×2.50| E[log]-3.75 中央   2.2万 下位10%  0.0 停止 77% DD -95% | 1年中央  7.5 下位10% 2.2 | 1年停止 38%
×3.00| E[log]-1.73 中央   2.2万 下位10%  0.0 停止 82% DD -90% | 1年中央  7.1 下位10% 1.0 | 1年停止 47%
×4.00| E[log]-5.21 中央   0.3万 下位10%  0.0 停止 98% DD -99% | 1年中央  1.8 下位10% 0.0 | 1年停止 73%

参考: 最悪の1夜(現行×1・6.9枚時)と直近の実弾ペース
  2016: 合計  +17387円 最悪日  -2297 最良日  +3685 稼働日127
  2017: 合計   +8450円 最悪日  -4521 最良日  +2904 稼働日197
  2018: 合計  +14193円 最悪日 -10558 最良日  +9149 稼働日198
  2019: 合計  +16621円 最悪日 -10657 最良日  +2925 稼働日191
  2020: 合計  +90837円 最悪日 -23250 最良日 +12768 稼働日215
  2021: 合計  +61921円 最悪日  -7566 最良日  +5550 稼働日212
  2022: 合計  +48538円 最悪日  -7970 最良日 +10332 稼働日193
  2023: 合計   +4617円 最悪日  -5649 最良日  +3611 稼働日203
  2024: 合計  +52788円 最悪日 -17411 最良日 +20109 稼働日222
  2025: 合計 +193979円 最悪日 -14271 最良日 +28935 稼働日225
  2026: 合計 +277251円 最悪日 -27446 最良日 +24388 稼働日177
