
== ポートフォリオ(EA定義・追加ルール無し) ==
  現行(全日フィルタ)            : 中央 203.1 下位10%  7.0 停止  6% E[log]+3.57
  日経の月曜だけ無条件            : 中央 384.7 下位10% 16.0 停止  1% E[log]+4.34
  US500の月曜だけ無条件         : 中央 269.1 下位10%  8.2 停止  5% E[log]+3.92
  日経+US500の月曜無条件        : 中央 503.4 下位10% 13.8 停止  2% E[log]+4.60
  +GER40の火曜JSTも無条件      : 中央 761.1 下位10% 17.8 停止  2% E[log]+5.04
  GER40の火曜JSTだけ無条件      : 中央 266.1 下位10%  6.6 停止  6% E[log]+3.93
年別(現行 vs 日経+US500月曜無条件・8.4枚/0.2/0.1換算の合計円):
  2016: +1.8万 → +1.6万
  2017: +2.2万 → +2.0万
  2018: -0.5万 → -1.1万
  2019: +0.5万 → +1.3万
  2020: +4.5万 → +7.0万
  2021: +6.6万 → +7.5万
  2022: +4.9万 → +6.8万
  2023: -0.9万 → +1.3万
  2024: +5.3万 → +6.5万
  2025: +16.8万 → +20.5万
  2026: +17.7万 → +19.4万
現行(×1.25・01時≤-0.5%同量追加): 中央 425.5万 下位10% 21.5 停止  0% DD中央-53% E[log]+4.46

== A 実測スワップ(9/14-16の約定から): JP -30円/6.7lot=-0.0071%/18h  US500 -19円/0.1lot=-0.0169%/18h  GER40 -60円/0.1lot=-0.0136%/15h ==
   BTの前提: JP 4.45%/年→-0.0091%/18h  US 1.21%→-0.0025%  GER 3.33%→-0.0057%  (US/GERは実測がBTの7倍/2.4倍)
  [BT前提]
    JP : n=1277 回+0.102% t=+3.70 勝9/11 前+0.034 後+0.160 合計+131%
    US : n=1260 回+0.083% t=+2.91 勝9/11 前+0.034 後+0.123 合計+105%
    GER: n= 935 回+0.062% t=+2.57 勝9/11 前+0.067 後+0.059 合計+58%
    ポートフォリオ: 中央 229.7万 下位10% 13.8 停止  0% DD中央-56% E[log]+3.86
  [実測]
    JP : n=1277 回+0.104% t=+3.77 勝10/11 前+0.036 後+0.162 合計+133%
    US : n=1260 回+0.069% t=+2.40 勝9/11 前+0.019 後+0.109 合計+87%
    GER: n= 935 回+0.055% t=+2.24 勝8/11 前+0.059 後+0.051 合計+51%
    ポートフォリオ: 中央 194.3万 下位10% 12.4 停止  0% DD中央-56% E[log]+3.68
  [実測+配当(JP1.8%/US1.3%/年を日割り加算)]
    JP : n=1277 回+0.108% t=+3.90 勝10/11 前+0.040 後+0.166 合計+138%
    US : n=1260 回+0.072% t=+2.50 勝9/11 前+0.022 後+0.111 合計+90%
    GER: n= 935 回+0.055% t=+2.24 勝8/11 前+0.059 後+0.051 合計+51%
    ポートフォリオ: 中央 215.7万 下位10% 13.4 停止  0% DD中央-56% E[log]+3.76

== B US500の担がれ追加(建てた夜のh時JSTに建値比≤thrなら同量追加) ==
  23時≤-0.25% 追加玉の残り区間: n= 249 回+0.136% t=+1.94 勝8/11 前+0.088 後+0.170 合計+34%  発動20%
  23時≤-0.50% 追加玉の残り区間: n= 113 回+0.056% t=+0.46 勝6/10 前-0.088 後+0.148 合計+6%  発動9%
  23時≤-1.00% 追加玉の残り区間: n=  33 回+0.163% t=+0.56 勝4/8 前-0.105 後+0.361 合計+5%  発動3%
    → ポートフォリオ(23時≤-0.5%同量追加): 中央 398.9万 下位10% 22.3 停止  0% DD中央-54% E[log]+4.43
  01時≤-0.25% 追加玉の残り区間: n= 304 回+0.062% t=+1.30 勝7/11 前-0.011 後+0.109 合計+19%  発動24%
  01時≤-0.50% 追加玉の残り区間: n= 180 回+0.050% t=+0.76 勝7/11 前-0.024 後+0.101 合計+9%  発動14%
  01時≤-1.00% 追加玉の残り区間: n=  69 回-0.018% t=-0.14 勝5/9 前-0.131 後+0.054 合計-1%  発動5%
    → ポートフォリオ(01時≤-0.5%同量追加): 中央 421.8万 下位10% 21.5 停止  0% DD中央-53% E[log]+4.48
  03時≤-0.25% 追加玉の残り区間: n= 309 回+0.010% t=+0.23 勝7/11 前-0.080 後+0.064 合計+3%  発動25%
  03時≤-0.50% 追加玉の残り区間: n= 191 回-0.022% t=-0.37 勝5/11 前-0.154 後+0.052 合計-4%  発動15%
  03時≤-1.00% 追加玉の残り区間: n=  91 回+0.019% t=+0.19 勝5/11 前-0.190 後+0.183 合計+2%  発動7%
    → ポートフォリオ(03時≤-0.5%同量追加): 中央 371.3万 下位10% 20.1 停止  0% DD中央-54% E[log]+4.41

== B2 日経追加の倍率(01時≤-0.5%)と2段目(03時≤-1.0%でさらに同量) ==
  倍率0.5: 中央 339.9万 下位10% 19.2 停止  0% DD中央-55% E[log]+4.27
  倍率1.0: 中央 425.5万 下位10% 21.5 停止  0% DD中央-53% E[log]+4.46
  倍率1.5: 中央 508.6万 下位10% 26.1 停止  0% DD中央-52% E[log]+4.63
  倍率2.0: 中央 611.3万 下位10% 30.5 停止  0% DD中央-54% E[log]+4.78
  03時≤-0.75% 2段目玉の残り区間: n= 138 回+0.148% t=+2.15 勝8/11 前+0.108 後+0.182 合計+20% 発動11%
    → ポートフォリオ(01時追加+03時2段目): 中央 519.5万 下位10% 24.5 停止  0% DD中央-53% E[log]+4.72
  03時≤-1.0% 2段目玉の残り区間: n=  94 回+0.172% t=+1.81 勝8/11 前+0.069 後+0.274 合計+16% 発動7%
    → ポートフォリオ(01時追加+03時2段目): 中央 516.6万 下位10% 22.9 停止  0% DD中央-53% E[log]+4.68
  03時≤-1.5% 2段目玉の残り区間: n=  45 回+0.312% t=+2.32 勝8/11 前+0.293 後+0.328 合計+14% 発動4%
    → ポートフォリオ(01時追加+03時2段目): 中央 486.2万 下位10% 23.5 停止  0% DD中央-52% E[log]+4.63
  参考: 追加を03時≤-0.5%だけにする: 中央 349.0万 下位10% 13.2 停止  1% DD中央-54% E[log]+4.28
  参考: 追加を03時≤-1.0%だけにする: 中央 323.9万 下位10% 12.7 停止  1% DD中央-55% E[log]+4.22

== C 金15分ショートのサイズ(自己判断ゲートN40/閾値0.10込み) ==
  ゲート稼働率25%  ゲート後の平均+0.795$/回(n=678)  ゲート無し+0.085
  オフ            : ゲート込み 中央 328.3万 下位10% 34.5 停止  0% DD中央-54% E[log]+4.17   | ゲート無し 中央 328.3万 下位10% 34.5 停止  0% DD中央-54% E[log]+4.17
  10万円/0.01     : ゲート込み 中央 411.0万 下位10% 34.7 停止  0% DD中央-52% E[log]+4.45   | ゲート無し 中央 360.0万 下位10% 29.8 停止  0% DD中央-52% E[log]+4.33
  今 5万円/0.01    : ゲート込み 中央 646.0万 下位10% 35.5 停止  0% DD中央-51% E[log]+4.81   | ゲート無し 中央 425.5万 下位10% 21.5 停止  0% DD中央-53% E[log]+4.46
  2.5万円/0.01    : ゲート込み 中央1297.5万 下位10% 35.0 停止  0% DD中央-50% E[log]+5.47   | ゲート無し 中央 540.9万 下位10% 11.4 停止  1% DD中央-56% E[log]+4.69
  1.25万円/0.01   : ゲート込み 中央4267.6万 下位10% 41.2 停止  0% DD中央-48% E[log]+6.65   | ゲート無し 中央 277.1万 下位10%  2.5 停止 22% DD中央-65% E[log]+4.33
  6,250円/0.01   : ゲート込み 中央20617.1万 下位10% 53.5 停止  0% DD中央-48% E[log]+8.64   | ゲート無し 中央   2.5万 下位10%  2.5 停止 58% DD中央-70% E[log]+2.85
  ゲート込み年別$/oz: 2016:-3 2017:-1 2018:+0 2019:+0 2020:+48 2021:+12 2022:-7 2023:+8 2024:+35 2025:+95 2026:+352

== D 週末レッグ(金曜JST建て→月曜決済) ==
  JP 金15→月9                            全: n= 518 回+0.065% t=+1.19 勝7/11 前+0.058 後+0.071 合計+34% | 直前≤0: n= 233 回+0.028% t=+0.30 勝7/11 前+0.053 後+0.011 合計+7%
  US 金15→月9                            全: n= 516 回+0.011% t=+0.21 勝6/11 前+0.017 後+0.006 合計+6% | 直前≤0: n= 234 回-0.029% t=-0.34 勝5/11 前+0.012 後-0.059 合計-7%
  GER 金16→月16                          全: n= 504 回+0.019% t=+0.33 勝6/11 前+0.096 後-0.041 合計+10% | 直前≤0: n= 238 回-0.007% t=-0.06 勝7/11 前+0.118 後-0.119 合計-2%
  GER 金01→月16(現行の金曜玉を月曜まで延長)           全: n=   0 回+nan% t=+nan 勝0/0 前+nan 後+nan 合計+0% | 直前≤0: n=   0 回+nan% t=+nan 勝0/0 前+nan 後+nan 合計+0%
== 日経 15:00建て(前夜≤0 or 月曜)  基準: n=1277 回+0.108% t=+3.90 勝10/11 前+0.040 後+0.166 合計+138%
  USDJPY 9→15時                       下+0.114(t+2.0 前-0.03/後+0.22) 中+0.084(t+1.9 前+0.04/後+0.13) 上+0.127(t+3.1 前+0.11/後+0.14)
  USDJPY 前日15→当日15時                  下+0.006(t+0.1 前-0.07/後+0.10) 中+0.153(t+3.0 前+0.14/後+0.17) 上+0.078(t+1.3 前+0.05/後+0.09)
  GOLD 9→15時                         下+0.086(t+1.8 前+0.05/後+0.12) 中+0.028(t+0.6 前-0.01/後+0.07) 上+0.210(t+4.2 前+0.10/後+0.28)
  OIL 9→15時                          下+0.124(t+2.3 前-0.04/後+0.22) 中+0.070(t+1.5 前+0.02/後+0.14) 上+0.129(t+3.0 前+0.13/後+0.13)
  US500 9→15時(アジア時間の米先物)             下+0.128(t+2.2 前-0.04/後+0.25) 中+0.109(t+3.2 前+0.09/後+0.13) 上+0.092(t+1.9 前+0.07/後+0.11)
  日経 当日9→15時(日中)                     下+0.100(t+1.7 前-0.02/後+0.19) 中+0.119(t+3.1 前+0.03/後+0.22) 上+0.105(t+2.5 前+0.11/後+0.10)
  HK50 10→15時                        下+0.127(t+2.3 前+0.02/後+0.20) 中+0.042(t+1.0 前-0.01/後+0.09) 上+0.164(t+3.2 前+0.14/後+0.19)
== US500 15:00建て  基準: n=1260 回+0.072% t=+2.50 勝9/11 前+0.022 後+0.111 合計+90%
  USDJPY 9→15時                       下+0.099(t+1.7 前-0.04/後+0.20) 中+0.019(t+0.4 前-0.01/後+0.04) 上+0.100(t+2.2 前+0.12/後+0.09)
  EURUSD 9→15時                       下+0.097(t+2.1 前+0.12/後+0.08) 中+0.010(t+0.2 前-0.06/後+0.07) 上+0.110(t+1.8 前+0.01/後+0.18)
  GOLD 9→15時                         下+0.071(t+1.4 前+0.03/後+0.10) 中-0.014(t-0.3 前+0.01/後-0.04) 上+0.159(t+2.8 前+0.03/後+0.23)
  OIL 9→15時                          下+0.096(t+1.8 前-0.04/後+0.18) 中+0.058(t+1.1 前-0.02/後+0.16) 上+0.062(t+1.4 前+0.13/後+0.01)
  日経 9→15時                           下+0.089(t+1.6 前-0.03/後+0.17) 中+0.058(t+1.3 前+0.02/後+0.10) 上+0.070(t+1.5 前+0.08/後+0.07)
  US500 9→15時(自身のアジア時間)              下+0.103(t+1.8 前-0.03/後+0.19) 中+0.082(t+2.5 前+0.02/後+0.14) 上+0.032(t+0.6 前+0.07/後-0.00)
  US100 前日15→当日15時                   下+0.156(t+1.7 前+0.07/後+0.21) 中+0.015(t+0.3 前+0.02/後+0.01) 上-0.028(t-0.5 前-0.07/後+0.02)
== GER40 01:00建て(直前レッグ≤0)  基準: n= 935 回+0.055% t=+2.24 勝8/11 前+0.059 後+0.051 合計+51%
  EURUSD 16→翌01時                     下+0.069(t+1.6 前+0.10/後+0.04) 中+0.057(t+1.6 前+0.00/後+0.10) 上+0.039(t+0.8 前+0.07/後+0.01)
  US500 16→01時(欧州時間の米)               下+0.082(t+1.5 前+0.02/後+0.11) 中+0.024(t+1.0 前+0.04/後+0.00) 上+0.060(t+1.4 前+0.12/後+0.02)
  GER40 自身16→01時(欧州日中)               下+0.056(t+1.2 前+0.01/後+0.09) 中+0.056(t+1.4 前+0.12/後-0.00) 上+0.054(t+1.4 前+0.04/後+0.06)
  OIL 16→01時                         下+0.093(t+1.7 前+0.09/後+0.10) 中+0.027(t+0.9 前+0.09/後-0.03) 上+0.044(t+1.2 前-0.01/後+0.08)
  GOLD 16→01時                        下+0.051(t+1.0 前+0.07/後+0.04) 中+0.074(t+2.4 前+0.07/後+0.08) 上+0.040(t+0.9 前+0.04/後+0.04)
  日経 15→01時                          下-0.011(t-0.2 前-0.03/後+0.00) 中+0.058(t+2.1 前+0.06/後+0.06) 上+0.121(t+2.7 前+0.17/後+0.09)
