ルール[R_opt] 1枠500,000×3  10年BT(2016-07〜2026-09-18・3×50万・空き枠の数だけ指値・値がさ見送り) +185万/PF1.48/勝率56%/DD-61万/月3.0件（待ちの指値を全部持つ理想化なら+273万）
[wariyasu] 配当予想: 4546銘柄（_fins_history.pkl 〜2026-09-18）
[wariyasu] 開示 2026-09-24: 19行（配当予想の更新 7）
[wariyasu] 開示 2026-09-25: 20行（配当予想の更新 10）
[wariyasu] 割安の履歴は「初日」の判定にしか使わない → 今のルールでは作らない（夕方ジョブが毎日足していく）
[1] wariyasu_state.json: 配当予想 4546銘柄・決算短信 4660銘柄・開示は2026-09-27まで・帳簿を進めた日=2026-09-25（2026-09-28 の夕方から動く） 11s

[2] 毎日の候補（ライブのデータ・本番の関数）とBT（パネル・〜9/18）
  2026-08-25 割安641 候補30（値がさ除く） 上位 8537(+1.84) 5408(+1.73) 6339(+1.30) 8585(+1.26) 3895(+1.24)  BTと同じ
  2026-08-26 割安638 候補30（値がさ除く） 上位 5408(+1.73) 546A(+1.70) 8585(+1.26) 3895(+1.24) 2288(+1.13)  BTと同じ
  2026-08-27 割安621 候補29（値がさ除く） 上位 5408(+1.75) 8844(+1.60) 547A(+1.38) 3895(+1.31) 8585(+1.28)  BTと同じ
  2026-08-28 割安620 候補24（値がさ除く） 上位 5408(+1.75) 547A(+1.47) 6339(+1.33) 3895(+1.32) 8585(+1.29)  BTと同じ
  2026-08-31 割安617 候補15（値がさ除く） 上位 5408(+1.75) 547A(+1.47) 3895(+1.39) 6339(+1.34) 7990(+1.08)  BTと同じ
  2026-09-01 割安606 候補13（値がさ除く） 上位 547A(+1.53) 3895(+1.41) 6339(+1.36) 6817(+1.30) 7990(+1.06)  BTと同じ
  2026-09-02 割安604 候補19（値がさ除く） 上位 8281(+2.09) 5408(+1.69) 3895(+1.43) 6339(+1.38) 9268(+1.34)  BTと同じ  帳簿: entry:547A@438 entry:3895@471
  2026-09-03 割安636 候補20（値がさ除く） 上位 8281(+2.05) 3482(+1.48) 3895(+1.43) 9268(+1.35) 6339(+1.31)  BTだけ[] ライブだけ['5076']
  2026-09-04 割安630 候補27（値がさ除く） 上位 8281(+2.13) 7261(+2.09) 3482(+1.47) 3895(+1.44) 9268(+1.36)  BTだけ[] ライブだけ['5076']
  2026-09-07 割安629 候補26（値がさ除く） 上位 5989(+2.47) 7261(+2.14) 8281(+2.13) 3895(+1.38) 9268(+1.37)  BTだけ[] ライブだけ['5076']
  2026-09-08 割安633 候補52（値がさ除く） 上位 7279(+2.29) 5970(+2.13) 8281(+2.12) 5851(+1.91) 5949(+1.74)  BTだけ[] ライブだけ['5076']  帳簿: entry:5989@1462
  2026-09-09 割安661 候補61（値がさ除く） 上位 5970(+2.22) 8281(+2.11) 5851(+1.90) 5949(+1.82) 5408(+1.74)  BTと同じ
  2026-09-10 割安667 候補53（値がさ除く） 上位 5970(+2.22) 8281(+2.13) 5851(+1.90) 5408(+1.73) 5210(+1.72)  BTだけ[] ライブだけ['5076']
  2026-09-11 割安674 候補55（値がさ除く） 上位 5970(+2.22) 8281(+2.14) 5851(+1.98) 5949(+1.91) 5408(+1.73)  BTだけ[] ライブだけ['5076']  帳簿: exit:3895 トレーリング+1.7%
  2026-09-14 割安678 候補48（値がさ除く） 上位 7261(+2.23) 5970(+2.20) 8281(+2.14) 5851(+1.96) 5949(+1.90)  BTと同じ
  2026-09-15 割安659 候補42（値がさ除く） 上位 5970(+2.22) 7261(+2.17) 8281(+2.08) 5851(+1.98) 5949(+1.85)  BTと同じ
  2026-09-16 割安657 候補27（値がさ除く） 上位 7261(+2.18) 8281(+2.09) 4246(+1.63) 3291(+1.32) 7990(+1.09)  BTと同じ銘柄・並びが違う
  2026-09-17 割安651 候補18（値がさ除く） 上位 5989(+2.36) 7261(+2.21) 8281(+2.12) 7990(+1.08) 2292(+0.98)  BTと同じ
  2026-09-18 割安628 候補26（値がさ除く） 上位 5989(+2.32) 8281(+2.07) 4246(+1.57) 3608(+1.51) 2918(+1.12)  BTと同じ銘柄・並びが違う
  2026-09-24 割安634 候補20（値がさ除く） 上位 5989(+2.28) 8281(+2.02) 3291(+1.39) 3151(+1.18) 2918(+1.13)  
  2026-09-25 割安627 候補14（値がさ除く） 上位 3291(+1.34) 3151(+1.22) 2918(+1.13) 3116(+1.05) 2292(+1.04)  
  → BTと比べられた 19日のうち候補の並びまで同じ 11日  382s

[3] 8/25 に空の帳簿で始めていたら（本番の関数で1日ずつ）
  547A ムニノバホールディングス 2026-09-02 438円 → 保有中 437円（-0.2%）
  3895 ハビックス 2026-09-02 471円 → 2026-09-11 トレーリング 480.7円 +1.71%（+0.9万）
  5989 エイチワン 2026-09-08 1,462円 → 保有中 1,505円（+2.9%）
  決済 1件 +0.9万・保有 2件
  9/25 夜の時点の指値（9/28 の分）: 🟢8281 ゼビオホールディングス 指値1,118円 2026-09-28まで スコア+2.07 / ⚪4246 ダイキョーニシカワ 指値1,071円 2026-09-28まで スコア+1.57 / ⚪3608 ＴＳＩホールディングス 指値1,200円 2026-09-28まで スコア+1.51 / ⚪3291 飯田グループホールディングス 指値2,207円 2026-09-29まで スコア+1.39 / ⚪3151 バイタルケーエスケー・ホールディングス 指値1,581円 2026-09-30まで スコア+1.22 / ⚪3116 トヨタ紡織 指値2,203円 2026-09-29まで スコア+1.08

[4] 9/25 の夜の配信の文面（空の帳簿から・ドライラン）
💴【割安B】9/25(金)引け → 9/28(月) 指値3件（保有0/3）
**9/28(月) の指値買い（空き枠3・合成スコアの高い順に空き枠の数だけ置く）**
🟢 1. **飯田グループホールディングス（3291）** 指値**2,220円**（9/30(水)まで） → 50万=200株 / 100万=400株
　終値2,266円・PBR0.61・予想PER9.5・利回り4.1%・スコア+1.34・決算11/5(木)
🟢 2. **バイタルケーエスケー・ホールディングス（3151）** 指値**1,580円**（9/30(水)まで） → 50万=300株 / 100万=600株
　終値1,613円・PBR0.68・予想PER10.3・利回り4.3%・スコア+1.22・決算11/2(月)
🟢 3. **トヨタ紡織（3116）** 指値**2,193円**（9/30(水)まで） → 50万=200株 / 100万=400株
　終値2,238円・PBR0.82・予想PER8.7・利回り3.8%・スコア+1.05・決算10/30(金)
⚪補欠 4. **Ｓ　Ｆｏｏｄｓ（2292）** 指値**2,701円**（9/30(水)まで） → 50万=100株 / 100万=300株
　終値2,757円・PBR0.66・予想PER13.3・利回り4.0%・スコア+1.04・決算10/14(水)
⚪補欠 5. **ダイセル（4202）** 指値**1,413円**（9/30(水)まで） → 50万=300株 / 100万=700株
　終値1,442円・PBR1.00・予想PER11.5・利回り4.9%・スコア+0.93・決算10/30(金)
　⚪補欠は🟢が約定して枠が埋まらなかった次の晩に、スコアの順で入れ替わる（毎晩この一覧どおりに置き直す）
　…ほか6件
今日の候補の見送り: わらべや日洋ホールディングス（2918） 決算10/7(水)まで8営業日・日本ＢＳ放送（9414） 決算10/8(木)まで9営業日・ＤＯＷＡホールディングス（5714） 値がさ（100株90万＞1枠50万）・6332 決算10/5(月)まで6営業日
---
ルール[R_opt]: PBR≤1.2・予想PER≤15・利回り≥3%・代金1億以上 → 押し目(21日高値から38〜62%戻し)の終値×0.98に3営業日の指値（合成スコアの高い順・同時3銘柄・1枠50万）。売り=損切り-7%・+5%乗った後は高値-5%・20営業日目の大引け・決算前日の大引けの早い方。決算まで10営業日以内は買わない。10年BT(2016-07〜2026-09-18・3×50万・空き枠の数だけ指値・値がさ見送り) +185万/PF1.48/勝率56%/DD-61万/月3.0件（待ちの指値を全部持つ理想化なら+273万）。紙の帳簿: 0件 +0.0万

終わり 416s
exit=0
