ルール[C1] 1枠500,000×3  10年BT(2016-07〜2026-09-18・3×50万・値がさ見送り) +207万/PF1.71/勝率58%/DD-34万/月2.6件
[wariyasu] 配当予想: 4546銘柄（_fins_history.pkl 〜2026-09-18）
[wariyasu] 開示 2026-09-24: 19行（配当予想の更新 7）
[wariyasu] 開示 2026-09-25: 20行（配当予想の更新 10）
[wariyasu] 2026-08-24 割安255・候補2
[wariyasu] 2026-08-25 割安252・候補2
[wariyasu] 2026-08-26 割安253・候補6
[wariyasu] 2026-08-27 割安242・候補7
[wariyasu] 2026-08-28 割安244・候補7
[wariyasu] 2026-08-31 割安249・候補3
[wariyasu] 2026-09-01 割安241・候補0
[wariyasu] 2026-09-02 割安240・候補2
[wariyasu] 2026-09-03 割安259・候補1
[wariyasu] 2026-09-04 割安256・候補0
[wariyasu] 2026-09-07 割安255・候補1
[wariyasu] 2026-09-08 割安255・候補1
[wariyasu] 2026-09-09 割安271・候補2
[wariyasu] 2026-09-10 割安275・候補1
[wariyasu] 2026-09-11 割安278・候補0
[wariyasu] 2026-09-14 割安277・候補0
[wariyasu] 2026-09-15 割安274・候補0
[wariyasu] 2026-09-16 割安272・候補0
[wariyasu] 2026-09-17 割安270・候補0
[wariyasu] 2026-09-18 割安258・候補0
[wariyasu] 2026-09-24 割安262・候補2
[wariyasu] 2026-09-25 割安257・候補2
[1] wariyasu_state.json: 配当予想 4546銘柄・決算短信 4660銘柄・開示は2026-09-27まで・帳簿を進めた日=2026-09-25（2026-09-28 の夕方から動く） 235s

[2] 毎日の候補（ライブのデータ・本番の関数）とBT（パネル・〜9/18）
  2026-08-25 割安252 候補2（値がさ除く） 上位 7271(+4.61) 4516(+3.41)  BTと同じ
  2026-08-26 割安253 候補6（値がさ除く） 上位 7271(+4.61) 546A(+4.15) 5406(+3.93) 8424(+3.89) 8078(+3.52)  BTと同じ  帳簿: entry:7271@827 entry:4516@3585
  2026-08-27 割安242 候補7（値がさ除く） 上位 2982(+4.72) 7271(+4.69) 4635(+4.52) 546A(+4.15) 5406(+3.93)  BTと同じ  帳簿: entry:546A@2349
  2026-08-28 割安244 候補7（値がさ除く） 上位 4246(+5.15) 4635(+4.52) 546A(+4.06) 5406(+3.93) 3116(+3.86)  BTと同じ
  2026-08-31 割安249 候補3（値がさ除く） 上位 4635(+4.52) 546A(+4.15) 5406(+3.93)  BTと同じ
  2026-09-01 割安241 候補0（値がさ除く） 上位   BTと同じ
  2026-09-02 割安240 候補2（値がさ除く） 上位 7271(+4.61) 7990(+4.00)  BTと同じ
  2026-09-03 割安259 候補1（値がさ除く） 上位 7271(+4.77)  BTと同じ
  2026-09-04 割安256 候補0（値がさ除く） 上位   BTと同じ
  2026-09-07 割安255 候補1（値がさ除く） 上位 7990(+4.16)  BTと同じ
  2026-09-08 割安255 候補1（値がさ除く） 上位 9305(+4.15)  BTと同じ  帳簿: exit:546A トレーリング+2.0%
  2026-09-09 割安271 候補2（値がさ除く） 上位 9305(+4.09) 8281(+3.11)  BTと同じ  帳簿: entry:9305@2064
  2026-09-10 割安275 候補1（値がさ除く） 上位 8281(+3.19)  BTと同じ
  2026-09-11 割安278 候補0（値がさ除く） 上位   BTと同じ
  2026-09-14 割安277 候補0（値がさ除く） 上位   BTと同じ
  2026-09-15 割安274 候補0（値がさ除く） 上位   BTと同じ
  2026-09-16 割安272 候補0（値がさ除く） 上位   BTと同じ
  2026-09-17 割安270 候補0（値がさ除く） 上位   BTと同じ
  2026-09-18 割安258 候補0（値がさ除く） 上位   BTと同じ
  2026-09-24 割安262 候補2（値がさ除く） 上位 8065(+3.39) 4026(+3.37)  
  2026-09-25 割安257 候補2（値がさ除く） 上位 8065(+3.39) 4026(+3.33)    帳簿: exit:7271 期限-3.7% exit:4516 期限-2.6%
  → BTと比べられた 19日のうち候補の並びまで同じ 19日  244s

[3] 8/25 に空の帳簿で始めていたら（本番の関数で1日ずつ）
  7271 安永 2026-08-26 827円 → 2026-09-25 期限 800.0円 -3.69%（-1.8万）
  4516 日本新薬 2026-08-26 3,585円 → 2026-09-25 期限 3,509.0円 -2.55%（-1.3万）
  546A ＭＩＲＡＩＮＩホールディングス 2026-08-27 2,349円 → 2026-09-08 トレーリング 2,402.6円 +1.99%（+1.0万）
  9305 ヤマタネ 2026-09-09 2,064円 → 保有中 2,126円（+3.0%）
  決済 3件 -2.1万・保有 1件

[4] 9/25 の夜の配信の文面（空の帳簿から・ドライラン）
💴【割安B】9/25(金)引け → 9/28(月) 買い2件（保有0/3）
**9/28(月) の寄りで成行買い**（空き枠3・上から順に空き枠の数だけ）
🟢 1. **佐藤商事（8065）** 終値3,130円 → 50万=100株 / 100万=300株
　PBR0.82・予想PER7.9・利回り3.4%・代金4.9億・決算10/28(水)
🟢 2. **神島化学工業（4026）** 終値1,547円 → 50万=300株 / 100万=600株
　PBR0.95・予想PER8.8・利回り3.3%・代金1.2億・決算11/10(火)
---
ルール[C1]: PBR≤1・予想PER≤10・利回り≥3%・代金1億以上 → ボラ収縮(ATR5/ATR20≤0.6)の翌朝の寄りで成行（利回りの高い順・同時3銘柄・1枠50万）。売り=損切り-7%・+5%乗った後は高値-5%・20営業日目の大引け・決算前日の大引けの早い方。決算まで10営業日以内は買わない。10年BT(2016-07〜2026-09-18・3×50万・値がさ見送り) +207万/PF1.71/勝率58%/DD-34万/月2.6件。紙の帳簿: 0件 +0.0万

終わり 250s
